Archive member included because of file (symbol)

c:/NXP/bstudio_nxp/sdk/JN-SW-4168/Components/Library\libOS_JN516x.a(os.o)
                              c:/NXP/bstudio_nxp/workspace/JN-AN-1189-ZigBee-HA-Demo1v9_WPI/DimmableLight/Build/os_gen.o (symbol from plugin) (os_vStart)
c:/NXP/bstudio_nxp/sdk/JN-SW-4168/Components/Library\libOS_JN516x.a(os_contirq_JN516x.o)
                              c:/NXP/bstudio_nxp/workspace/JN-AN-1189-ZigBee-HA-Demo1v9_WPI/DimmableLight/Build/os_irq.o (os_UnclaimedException_W)
c:/NXP/bstudio_nxp/sdk/JN-SW-4168/Components/Library\libPWRM_JN516x.a(pwrm.o)
                              c:/NXP/bstudio_nxp/workspace/JN-AN-1189-ZigBee-HA-Demo1v9_WPI/DimmableLight/Build/app_start_light.o (symbol from plugin) (PWRM_vInit)
c:/NXP/bstudio_nxp/sdk/JN-SW-4168/Components/Library\libPWRM_JN516x.a(pwrm_setjmp_JN516x.o)
                              pwrm.o (symbol from plugin) (setjmp)
c:/NXP/bstudio_nxp/sdk/JN-SW-4168/Components/Library\libPWRM_JN516x.a(pwrm_cold_start.o)
                              (AppColdStart)
c:/NXP/bstudio_nxp/sdk/JN-SW-4168/Components/Library\libPWRM_JN516x.a(pwrm_warm_start.o)
                              (AppWarmStart)
c:/NXP/bstudio_nxp/sdk/JN-SW-4168/Components/Library\libPDUM_JN516x.a(pdum_nwk.o)
                              c:/NXP/bstudio_nxp/workspace/JN-AN-1189-ZigBee-HA-Demo1v9_WPI/DimmableLight/Build/pdum_gen.o (symbol from plugin) (pdum_vNPduInit)
c:/NXP/bstudio_nxp/sdk/JN-SW-4168/Components/Library\libPDUM_JN516x.a(pdum_apl.o)
                              c:/NXP/bstudio_nxp/workspace/JN-AN-1189-ZigBee-HA-Demo1v9_WPI/DimmableLight/Build/appZdpExtraction.o (symbol from plugin) (PDUM_u16APduInstanceReadNBO)
c:/NXP/bstudio_nxp/sdk/JN-SW-4168/Components/Library\libPDUM_JN516x.a(pdum.o)
                              pdum_nwk.o (symbol from plugin) (PDUM_u16SizeNBO)
c:/NXP/bstudio_nxp/sdk/JN-SW-4168/Components/Library\libZPSAPL_JN516x.a(zps_apl_af.o)
                              c:/NXP/bstudio_nxp/workspace/JN-AN-1189-ZigBee-HA-Demo1v9_WPI/DimmableLight/Build/zha_light_node.o (symbol from plugin) (ZPS_eAplAfInit)
c:/NXP/bstudio_nxp/sdk/JN-SW-4168/Components/Library\libZPSAPL_JN516x.a(zps_apl_af_apsde.o)
                              c:/NXP/bstudio_nxp/workspace/JN-AN-1189-ZigBee-HA-Demo1v9_WPI/DimmableLight/Build/zps_gen.o (symbol from plugin) (zps_vHandleApsdeDataFragIndNotSupported)
c:/NXP/bstudio_nxp/sdk/JN-SW-4168/Components/Library\libZPSAPL_JN516x.a(zps_apl_task.o)
                              zps_apl_af_apsde.o (symbol from plugin) (zps_vAplAfPostEvent)
c:/NXP/bstudio_nxp/sdk/JN-SW-4168/Components/Library\libZPSAPL_JN516x.a(zps_apl_apsde.o)
                              zps_apl_task.o (symbol from plugin) (ZPS_vAplRegisterApsdeDcfmIndCallbacks)
c:/NXP/bstudio_nxp/sdk/JN-SW-4168/Components/Library\libZPSAPL_JN516x.a(zps_apl_apsme.o)
                              zps_apl_task.o (symbol from plugin) (ZPS_vAplRegisterApsmeDcfmIndCallbacks)
c:/NXP/bstudio_nxp/sdk/JN-SW-4168/Components/Library\libZPSAPL_JN516x.a(zps_apl_aps_nlde.o)
                              zps_apl_task.o (symbol from plugin) (zps_vAplApsHandleNldeDcfmInd)
c:/NXP/bstudio_nxp/sdk/JN-SW-4168/Components/Library\libZPSAPL_JN516x.a(zps_apl_sec.o)
                              zps_apl_task.o (symbol from plugin) (zps_psFindKeyDescr)
c:/NXP/bstudio_nxp/sdk/JN-SW-4168/Components/Library\libZPSAPL_JN516x.a(zps_apl_aib.o)
                              c:/NXP/bstudio_nxp/workspace/JN-AN-1189-ZigBee-HA-Demo1v9_WPI/DimmableLight/Build/app_zbp_utilities.o (symbol from plugin) (zps_psAplAibGetAib)
c:/NXP/bstudio_nxp/sdk/JN-SW-4168/Components/Library\libZPSAPL_JN516x.a(zps_apl_zdo_nwkmanager.o)
                              zps_apl_apsme.o (symbol from plugin) (zps_vAplSaveRecord)
c:/NXP/bstudio_nxp/sdk/JN-SW-4168/Components/Library\libZPSAPL_JN516x.a(zps_apl_zdo_handle_zdp_event.o)
                              zps_apl_task.o (symbol from plugin) (zps_bAplZdoHandleZdpEvent)
c:/NXP/bstudio_nxp/sdk/JN-SW-4168/Components/Library\libZPSAPL_JN516x.a(zps_apl_zdo_trust_center.o)
                              zps_apl_sec.o (symbol from plugin) (zps_eAplTrustCenterFindDevice)
c:/NXP/bstudio_nxp/sdk/JN-SW-4168/Components/Library\libZPSAPL_JN516x.a(zps_apl_zdo_common.o)
                              zps_apl_zdo_nwkmanager.o (symbol from plugin) (zps_eAplZdoNlmeleaveWrapper)
c:/NXP/bstudio_nxp/sdk/JN-SW-4168/Components/Library\libZPSAPL_JN516x.a(zps_apl_zdo_group.o)
                              c:/NXP/bstudio_nxp/workspace/JN-AN-1189-ZigBee-HA-Demo1v9_WPI/DimmableLight/Build/GroupsTableManager.o (symbol from plugin) (zps_eAplZdoGroupEndpointAdd)
c:/NXP/bstudio_nxp/sdk/JN-SW-4168/Components/Library\libZPSAPL_JN516x.a(zps_apl_zdo_default_server.o)
                              c:/NXP/bstudio_nxp/workspace/JN-AN-1189-ZigBee-HA-Demo1v9_WPI/DimmableLight/Build/zps_gen.o (symbol from plugin) (zps_vAplZdoDefaultServerInit)
[...]
Memory Configuration

Name             Origin             Length             Attributes
flash            0x0000000000080000 0x0000000000040000
ram              0x000000000400004c 0x0000000000007fb4
*default*        0x0000000000000000 0xffffffffffffffff

Linker script and memory map

START GROUP
LOAD c:/NXP/bstudio_nxp/workspace/JN-AN-1189-ZigBee-HA-Demo1v9_WPI/DimmableLight/Build/os_gen.o
LOAD C:\Users\SVEN~1.YAN\AppData\Local\Temp\ccPkmzZT.ltrans0.ltrans.o
LOAD C:\Users\SVEN~1.YAN\AppData\Local\Temp\ccPkmzZT.ltrans1.ltrans.o
LOAD C:\Users\SVEN~1.YAN\AppData\Local\Temp\ccPkmzZT.ltrans2.ltrans.o
LOAD C:\Users\SVEN~1.YAN\AppData\Local\Temp\ccPkmzZT.ltrans3.ltrans.o
LOAD C:\Users\SVEN~1.YAN\AppData\Local\Temp\ccPkmzZT.ltrans4.ltrans.o
LOAD C:\Users\SVEN~1.YAN\AppData\Local\Temp\ccPkmzZT.ltrans5.ltrans.o
LOAD C:\Users\SVEN~1.YAN\AppData\Local\Temp\ccPkmzZT.ltrans6.ltrans.o
LOAD C:\Users\SVEN~1.YAN\AppData\Local\Temp\ccPkmzZT.ltrans7.ltrans.o
LOAD C:\Users\SVEN~1.YAN\AppData\Local\Temp\ccPkmzZT.ltrans8.ltrans.o
LOAD C:\Users\SVEN~1.YAN\AppData\Local\Temp\ccPkmzZT.ltrans9.ltrans.o
LOAD C:\Users\SVEN~1.YAN\AppData\Local\Temp\ccPkmzZT.ltrans10.ltrans.o
LOAD C:\Users\SVEN~1.YAN\AppData\Local\Temp\ccPkmzZT.ltrans11.ltrans.o
LOAD C:\Users\SVEN~1.YAN\AppData\Local\Temp\ccPkmzZT.ltrans12.ltrans.o
LOAD C:\Users\SVEN~1.YAN\AppData\Local\Temp\ccPkmzZT.ltrans13.ltrans.o
LOAD C:\Users\SVEN~1.YAN\AppData\Local\Temp\ccPkmzZT.ltrans14.ltrans.o
LOAD C:\Users\SVEN~1.YAN\AppData\Local\Temp\ccPkmzZT.ltrans15.ltrans.o
LOAD C:\Users\SVEN~1.YAN\AppData\Local\Temp\ccPkmzZT.ltrans16.ltrans.o
LOAD C:\Users\SVEN~1.YAN\AppData\Local\Temp\ccPkmzZT.ltrans17.ltrans.o
LOAD C:\Users\SVEN~1.YAN\AppData\Local\Temp\ccPkmzZT.ltrans18.ltrans.o
LOAD C:\Users\SVEN~1.YAN\AppData\Local\Temp\ccPkmzZT.ltrans19.ltrans.o
LOAD C:\Users\SVEN~1.YAN\AppData\Local\Temp\ccPkmzZT.ltrans20.ltrans.o
LOAD C:\Users\SVEN~1.YAN\AppData\Local\Temp\ccPkmzZT.ltrans21.ltrans.o
LOAD C:\Users\SVEN~1.YAN\AppData\Local\Temp\ccPkmzZT.ltrans22.ltrans.o
LOAD C:\Users\SVEN~1.YAN\AppData\Local\Temp\ccPkmzZT.ltrans23.ltrans.o
LOAD C:\Users\SVEN~1.YAN\AppData\Local\Temp\ccPkmzZT.ltrans24.ltrans.o
LOAD C:\Users\SVEN~1.YAN\AppData\Local\Temp\ccPkmzZT.ltrans25.ltrans.o
LOAD C:\Users\SVEN~1.YAN\AppData\Local\Temp\ccPkmzZT.ltrans26.ltrans.o
LOAD C:\Users\SVEN~1.YAN\AppData\Local\Temp\ccPkmzZT.ltrans27.ltrans.o
LOAD C:\Users\SVEN~1.YAN\AppData\Local\Temp\ccPkmzZT.ltrans28.ltrans.o
LOAD C:\Users\SVEN~1.YAN\AppData\Local\Temp\ccPkmzZT.ltrans29.ltrans.o
LOAD C:\Users\SVEN~1.YAN\AppData\Local\Temp\ccPkmzZT.ltrans30.ltrans.o
LOAD C:\Users\SVEN~1.YAN\AppData\Local\Temp\ccPkmzZT.ltrans31.ltrans.o
LOAD c:/nxp/bstudio_nxp/sdk/tools/ba-elf-ba2-r36379/bin/../lib/gcc/ba-elf/4.7.4/../../../../ba-elf/lib/mcpu_jn51xx_sizeopt\libc.a
LOAD c:/nxp/bstudio_nxp/sdk/tools/ba-elf-ba2-r36379/bin/../lib/gcc/ba-elf/4.7.4/mcpu_jn51xx_sizeopt\libgcc.a
LOAD c:/nxp/bstudio_nxp/sdk/tools/ba-elf-ba2-r36379/bin/../lib/gcc/ba-elf/4.7.4/../../../../ba-elf/lib/mcpu_jn51xx_sizeopt\libc.a
LOAD c:/NXP/bstudio_nxp/workspace/JN-AN-1189-ZigBee-HA-Demo1v9_WPI/DimmableLight/Build/os_irq.o
LOAD c:/NXP/bstudio_nxp/workspace/JN-AN-1189-ZigBee-HA-Demo1v9_WPI/DimmableLight/Build/os_irq_alignment.o
LOAD c:/NXP/bstudio_nxp/workspace/JN-AN-1189-ZigBee-HA-Demo1v9_WPI/DimmableLight/Build/os_irq_buserror.o
LOAD c:/NXP/bstudio_nxp/workspace/JN-AN-1189-ZigBee-HA-Demo1v9_WPI/DimmableLight/Build/os_irq_illegalinstruction.o
LOAD c:/NXP/bstudio_nxp/workspace/JN-AN-1189-ZigBee-HA-Demo1v9_WPI/DimmableLight/Build/os_irq_stackoverflowexception.o
LOAD c:/NXP/bstudio_nxp/workspace/JN-AN-1189-ZigBee-HA-Demo1v9_WPI/DimmableLight/Build/os_irq_unimplementedmodule.o
LOAD c:/NXP/bstudio_nxp/workspace/JN-AN-1189-ZigBee-HA-Demo1v9_WPI/DimmableLight/Build/pdum_gen.o
LOAD c:/NXP/bstudio_nxp/workspace/JN-AN-1189-ZigBee-HA-Demo1v9_WPI/DimmableLight/Build/pdum_apdu.o
LOAD c:/NXP/bstudio_nxp/workspace/JN-AN-1189-ZigBee-HA-Demo1v9_WPI/DimmableLight/Build/zps_gen.o
LOAD c:/NXP/bstudio_nxp/workspace/JN-AN-1189-ZigBee-HA-Demo1v9_WPI/DimmableLight/Build/app_timer_driver.o
LOAD c:/NXP/bstudio_nxp/workspace/JN-AN-1189-ZigBee-HA-Demo1v9_WPI/DimmableLight/Build/app_start_light.o
LOAD c:/NXP/bstudio_nxp/workspace/JN-AN-1189-ZigBee-HA-Demo1v9_WPI/DimmableLight/Build/app_manage_temperature.o
LOAD c:/NXP/bstudio_nxp/workspace/JN-AN-1189-ZigBee-HA-Demo1v9_WPI/DimmableLight/Build/app_light_interpolation.o
LOAD c:/NXP/bstudio_nxp/workspace/JN-AN-1189-ZigBee-HA-Demo1v9_WPI/DimmableLight/Build/app_zbp_utilities.o
LOAD c:/NXP/bstudio_nxp/workspace/JN-AN-1189-ZigBee-HA-Demo1v9_WPI/DimmableLight/Build/app_exceptions.o
LOAD c:/NXP/bstudio_nxp/workspace/JN-AN-1189-ZigBee-HA-Demo1v9_WPI/DimmableLight/Build/app_pdm.o
LOAD c:/NXP/bstudio_nxp/workspace/JN-AN-1189-ZigBee-HA-Demo1v9_WPI/DimmableLight/Build/app_power_on_counter.o
LOAD c:/NXP/bstudio_nxp/workspace/JN-AN-1189-ZigBee-HA-Demo1v9_WPI/DimmableLight/Build/app_light_effect.o
LOAD c:/NXP/bstudio_nxp/workspace/JN-AN-1189-ZigBee-HA-Demo1v9_WPI/DimmableLight/Build/App_DimmableLight.o
LOAD c:/NXP/bstudio_nxp/workspace/JN-AN-1189-ZigBee-HA-Demo1v9_WPI/DimmableLight/Build/zha_light_node.o
LOAD c:/NXP/bstudio_nxp/workspace/JN-AN-1189-ZigBee-HA-Demo1v9_WPI/DimmableLight/Build/app_zcl_light_task.o
LOAD c:/NXP/bstudio_nxp/workspace/JN-AN-1189-ZigBee-HA-Demo1v9_WPI/DimmableLight/Build/AgeChildren.o
LOAD c:/NXP/bstudio_nxp/workspace/JN-AN-1189-ZigBee-HA-Demo1v9_WPI/DimmableLight/Build/app_reporting.o
LOAD c:/NXP/bstudio_nxp/workspace/JN-AN-1189-ZigBee-HA-Demo1v9_WPI/DimmableLight/Build/app_scenes.o
LOAD c:/NXP/bstudio_nxp/workspace/JN-AN-1189-ZigBee-HA-Demo1v9_WPI/DimmableLight/Build/appZdpExtraction.o
LOAD c:/NXP/bstudio_nxp/workspace/JN-AN-1189-ZigBee-HA-Demo1v9_WPI/DimmableLight/Build/appZpsBeaconHandler.o
LOAD c:/NXP/bstudio_nxp/workspace/JN-AN-1189-ZigBee-HA-Demo1v9_WPI/DimmableLight/Build/haEzFindAndBind.o
LOAD c:/NXP/bstudio_nxp/workspace/JN-AN-1189-ZigBee-HA-Demo1v9_WPI/DimmableLight/Build/haEzJoin.o
LOAD c:/NXP/bstudio_nxp/workspace/JN-AN-1189-ZigBee-HA-Demo1v9_WPI/DimmableLight/Build/haKeys.o
LOAD c:/NXP/bstudio_nxp/workspace/JN-AN-1189-ZigBee-HA-Demo1v9_WPI/DimmableLight/Build/DriverBulb_DR1175.o
LOAD c:/NXP/bstudio_nxp/workspace/JN-AN-1189-ZigBee-HA-Demo1v9_WPI/DimmableLight/Build/DriverBulb_Shim.o
LOAD c:/NXP/bstudio_nxp/workspace/JN-AN-1189-ZigBee-HA-Demo1v9_WPI/DimmableLight/Build/Alarms.o
LOAD c:/NXP/bstudio_nxp/workspace/JN-AN-1189-ZigBee-HA-Demo1v9_WPI/DimmableLight/Build/AlarmsClientCommands.o
LOAD c:/NXP/bstudio_nxp/workspace/JN-AN-1189-ZigBee-HA-Demo1v9_WPI/DimmableLight/Build/AlarmsCommandHandler.o
LOAD c:/NXP/bstudio_nxp/workspace/JN-AN-1189-ZigBee-HA-Demo1v9_WPI/DimmableLight/Build/AlarmsServerCommands.o
LOAD c:/NXP/bstudio_nxp/workspace/JN-AN-1189-ZigBee-HA-Demo1v9_WPI/DimmableLight/Build/AlarmsTableManager.o
LOAD c:/NXP/bstudio_nxp/workspace/JN-AN-1189-ZigBee-HA-Demo1v9_WPI/DimmableLight/Build/Basic.o
LOAD c:/NXP/bstudio_nxp/workspace/JN-AN-1189-ZigBee-HA-Demo1v9_WPI/DimmableLight/Build/BasicClientCommands.o
LOAD c:/NXP/bstudio_nxp/workspace/JN-AN-1189-ZigBee-HA-Demo1v9_WPI/DimmableLight/Build/BasicCommandHandler.o
LOAD c:/NXP/bstudio_nxp/workspace/JN-AN-1189-ZigBee-HA-Demo1v9_WPI/DimmableLight/Build/BinaryInputBasic.o
LOAD c:/NXP/bstudio_nxp/workspace/JN-AN-1189-ZigBee-HA-Demo1v9_WPI/DimmableLight/Build/Commissioning.o
LOAD c:/NXP/bstudio_nxp/workspace/JN-AN-1189-ZigBee-HA-Demo1v9_WPI/DimmableLight/Build/DeviceTemperatureConfiguration.o
LOAD c:/NXP/bstudio_nxp/workspace/JN-AN-1189-ZigBee-HA-Demo1v9_WPI/DimmableLight/Build/Diagnostics.o
LOAD c:/NXP/bstudio_nxp/workspace/JN-AN-1189-ZigBee-HA-Demo1v9_WPI/DimmableLight/Build/DoorLock.o
LOAD c:/NXP/bstudio_nxp/workspace/JN-AN-1189-ZigBee-HA-Demo1v9_WPI/DimmableLight/Build/DoorLockCommandHandler.o
LOAD c:/NXP/bstudio_nxp/workspace/JN-AN-1189-ZigBee-HA-Demo1v9_WPI/DimmableLight/Build/DoorLockCommands.o
LOAD c:/NXP/bstudio_nxp/workspace/JN-AN-1189-ZigBee-HA-Demo1v9_WPI/DimmableLight/Build/ElectricalMeasurement.o
LOAD c:/NXP/bstudio_nxp/workspace/JN-AN-1189-ZigBee-HA-Demo1v9_WPI/DimmableLight/Build/Groups.o
LOAD c:/NXP/bstudio_nxp/workspace/JN-AN-1189-ZigBee-HA-Demo1v9_WPI/DimmableLight/Build/GroupsClientCommands.o
LOAD c:/NXP/bstudio_nxp/workspace/JN-AN-1189-ZigBee-HA-Demo1v9_WPI/DimmableLight/Build/GroupsCommandHandler.o
LOAD c:/NXP/bstudio_nxp/workspace/JN-AN-1189-ZigBee-HA-Demo1v9_WPI/DimmableLight/Build/GroupsServerCommands.o
LOAD c:/NXP/bstudio_nxp/workspace/JN-AN-1189-ZigBee-HA-Demo1v9_WPI/DimmableLight/Build/GroupsTableManager.o
LOAD c:/NXP/bstudio_nxp/workspace/JN-AN-1189-ZigBee-HA-Demo1v9_WPI/DimmableLight/Build/Identify.o
LOAD c:/NXP/bstudio_nxp/workspace/JN-AN-1189-ZigBee-HA-Demo1v9_WPI/DimmableLight/Build/IdentifyClientCommands.o
LOAD c:/NXP/bstudio_nxp/workspace/JN-AN-1189-ZigBee-HA-Demo1v9_WPI/DimmableLight/Build/IdentifyCommandHandler.o
LOAD c:/NXP/bstudio_nxp/workspace/JN-AN-1189-ZigBee-HA-Demo1v9_WPI/DimmableLight/Build/IdentifyServerCommands.o
LOAD c:/NXP/bstudio_nxp/workspace/JN-AN-1189-ZigBee-HA-Demo1v9_WPI/DimmableLight/Build/LevelControl.o
LOAD c:/NXP/bstudio_nxp/workspace/JN-AN-1189-ZigBee-HA-Demo1v9_WPI/DimmableLight/Build/LevelControlClientCommands.o
LOAD c:/NXP/bstudio_nxp/workspace/JN-AN-1189-ZigBee-HA-Demo1v9_WPI/DimmableLight/Build/LevelControlCommandHandler.o
LOAD c:/NXP/bstudio_nxp/workspace/JN-AN-1189-ZigBee-HA-Demo1v9_WPI/DimmableLight/Build/OOSC.o
LOAD c:/NXP/bstudio_nxp/workspace/JN-AN-1189-ZigBee-HA-Demo1v9_WPI/DimmableLight/Build/OnOff.o
LOAD c:/NXP/bstudio_nxp/workspace/JN-AN-1189-ZigBee-HA-Demo1v9_WPI/DimmableLight/Build/OnOffCommandHandler.o
LOAD c:/NXP/bstudio_nxp/workspace/JN-AN-1189-ZigBee-HA-Demo1v9_WPI/DimmableLight/Build/OnOffCommands.o
LOAD c:/NXP/bstudio_nxp/workspace/JN-AN-1189-ZigBee-HA-Demo1v9_WPI/DimmableLight/Build/PollControl.o
LOAD c:/NXP/bstudio_nxp/workspace/JN-AN-1189-ZigBee-HA-Demo1v9_WPI/DimmableLight/Build/PollControlClientCommands.o
LOAD c:/NXP/bstudio_nxp/workspace/JN-AN-1189-ZigBee-HA-Demo1v9_WPI/DimmableLight/Build/PollControlCommandHandler.o
LOAD c:/NXP/bstudio_nxp/workspace/JN-AN-1189-ZigBee-HA-Demo1v9_WPI/DimmableLight/Build/PollControlServerCommands.o
LOAD c:/NXP/bstudio_nxp/workspace/JN-AN-1189-ZigBee-HA-Demo1v9_WPI/DimmableLight/Build/PowerConfiguration.o
LOAD c:/NXP/bstudio_nxp/workspace/JN-AN-1189-ZigBee-HA-Demo1v9_WPI/DimmableLight/Build/Scenes.o
LOAD c:/NXP/bstudio_nxp/workspace/JN-AN-1189-ZigBee-HA-Demo1v9_WPI/DimmableLight/Build/ScenesClientCommands.o
LOAD c:/NXP/bstudio_nxp/workspace/JN-AN-1189-ZigBee-HA-Demo1v9_WPI/DimmableLight/Build/ScenesClusterManagement.o
LOAD c:/NXP/bstudio_nxp/workspace/JN-AN-1189-ZigBee-HA-Demo1v9_WPI/DimmableLight/Build/ScenesCommandHandler.o
LOAD c:/NXP/bstudio_nxp/workspace/JN-AN-1189-ZigBee-HA-Demo1v9_WPI/DimmableLight/Build/ScenesServerCommands.o
LOAD c:/NXP/bstudio_nxp/workspace/JN-AN-1189-ZigBee-HA-Demo1v9_WPI/DimmableLight/Build/ScenesTableManager.o
LOAD c:/NXP/bstudio_nxp/workspace/JN-AN-1189-ZigBee-HA-Demo1v9_WPI/DimmableLight/Build/TC.o
LOAD c:/NXP/bstudio_nxp/workspace/JN-AN-1189-ZigBee-HA-Demo1v9_WPI/DimmableLight/Build/Time.o
LOAD c:/NXP/bstudio_nxp/workspace/JN-AN-1189-ZigBee-HA-Demo1v9_WPI/DimmableLight/Build/FlowMeasurement.o
LOAD c:/NXP/bstudio_nxp/workspace/JN-AN-1189-ZigBee-HA-Demo1v9_WPI/DimmableLight/Build/IlluminanceLevelSensing.o
LOAD c:/NXP/bstudio_nxp/workspace/JN-AN-1189-ZigBee-HA-Demo1v9_WPI/DimmableLight/Build/IlluminanceMeasurement.o
LOAD c:/NXP/bstudio_nxp/workspace/JN-AN-1189-ZigBee-HA-Demo1v9_WPI/DimmableLight/Build/OccupancySensing.o
LOAD c:/NXP/bstudio_nxp/workspace/JN-AN-1189-ZigBee-HA-Demo1v9_WPI/DimmableLight/Build/PressureMeasurement.o
LOAD c:/NXP/bstudio_nxp/workspace/JN-AN-1189-ZigBee-HA-Demo1v9_WPI/DimmableLight/Build/RelativeHumidityMeasurement.o
LOAD c:/NXP/bstudio_nxp/workspace/JN-AN-1189-ZigBee-HA-Demo1v9_WPI/DimmableLight/Build/TemperatureMeasurement.o
LOAD c:/NXP/bstudio_nxp/workspace/JN-AN-1189-ZigBee-HA-Demo1v9_WPI/DimmableLight/Build/BallastConfiguration.o
LOAD c:/NXP/bstudio_nxp/workspace/JN-AN-1189-ZigBee-HA-Demo1v9_WPI/DimmableLight/Build/ColourControl.o
LOAD c:/NXP/bstudio_nxp/workspace/JN-AN-1189-ZigBee-HA-Demo1v9_WPI/DimmableLight/Build/ColourControlClientCommands.o
LOAD c:/NXP/bstudio_nxp/workspace/JN-AN-1189-ZigBee-HA-Demo1v9_WPI/DimmableLight/Build/ColourControlCommandHandler.o
LOAD c:/NXP/bstudio_nxp/workspace/JN-AN-1189-ZigBee-HA-Demo1v9_WPI/DimmableLight/Build/ColourControlConversions.o
LOAD c:/NXP/bstudio_nxp/workspace/JN-AN-1189-ZigBee-HA-Demo1v9_WPI/DimmableLight/Build/colour_dimmable_light.o
LOAD c:/NXP/bstudio_nxp/workspace/JN-AN-1189-ZigBee-HA-Demo1v9_WPI/DimmableLight/Build/colour_dimmer_switch.o
LOAD c:/NXP/bstudio_nxp/workspace/JN-AN-1189-ZigBee-HA-Demo1v9_WPI/DimmableLight/Build/dimmable_light.o
LOAD c:/NXP/bstudio_nxp/workspace/JN-AN-1189-ZigBee-HA-Demo1v9_WPI/DimmableLight/Build/dimmer_switch.o
LOAD c:/NXP/bstudio_nxp/workspace/JN-AN-1189-ZigBee-HA-Demo1v9_WPI/DimmableLight/Build/light_sensor.o
LOAD c:/NXP/bstudio_nxp/workspace/JN-AN-1189-ZigBee-HA-Demo1v9_WPI/DimmableLight/Build/occupancy_sensor.o
LOAD c:/NXP/bstudio_nxp/workspace/JN-AN-1189-ZigBee-HA-Demo1v9_WPI/DimmableLight/Build/on_off_light.o
LOAD c:/NXP/bstudio_nxp/workspace/JN-AN-1189-ZigBee-HA-Demo1v9_WPI/DimmableLight/Build/on_off_light_switch.o
LOAD c:/NXP/bstudio_nxp/workspace/JN-AN-1189-ZigBee-HA-Demo1v9_WPI/DimmableLight/Build/ha.o
LOAD c:/NXP/bstudio_nxp/workspace/JN-AN-1189-ZigBee-HA-Demo1v9_WPI/DimmableLight/Build/door_lock.o
LOAD c:/NXP/bstudio_nxp/workspace/JN-AN-1189-ZigBee-HA-Demo1v9_WPI/DimmableLight/Build/door_lock_controller.o
LOAD c:/NXP/bstudio_nxp/workspace/JN-AN-1189-ZigBee-HA-Demo1v9_WPI/DimmableLight/Build/on_off_output.o
LOAD c:/NXP/bstudio_nxp/workspace/JN-AN-1189-ZigBee-HA-Demo1v9_WPI/DimmableLight/Build/on_off_switch.o
LOAD c:/NXP/bstudio_nxp/workspace/JN-AN-1189-ZigBee-HA-Demo1v9_WPI/DimmableLight/Build/remote_control.o
LOAD c:/NXP/bstudio_nxp/workspace/JN-AN-1189-ZigBee-HA-Demo1v9_WPI/DimmableLight/Build/simple_sensor.o
LOAD c:/NXP/bstudio_nxp/workspace/JN-AN-1189-ZigBee-HA-Demo1v9_WPI/DimmableLight/Build/smart_plug.o
LOAD c:/NXP/bstudio_nxp/workspace/JN-AN-1189-ZigBee-HA-Demo1v9_WPI/DimmableLight/Build/dlist.o
LOAD c:/NXP/bstudio_nxp/workspace/JN-AN-1189-ZigBee-HA-Demo1v9_WPI/DimmableLight/Build/zcl.o
LOAD c:/NXP/bstudio_nxp/workspace/JN-AN-1189-ZigBee-HA-Demo1v9_WPI/DimmableLight/Build/zcl_CustomCommandReceive.o
LOAD c:/NXP/bstudio_nxp/workspace/JN-AN-1189-ZigBee-HA-Demo1v9_WPI/DimmableLight/Build/zcl_CustomCommandSend.o
LOAD c:/NXP/bstudio_nxp/workspace/JN-AN-1189-ZigBee-HA-Demo1v9_WPI/DimmableLight/Build/zcl_PDUbufferReadWrite.o
LOAD c:/NXP/bstudio_nxp/workspace/JN-AN-1189-ZigBee-HA-Demo1v9_WPI/DimmableLight/Build/zcl_PDUbufferReadWriteString.o
LOAD c:/NXP/bstudio_nxp/workspace/JN-AN-1189-ZigBee-HA-Demo1v9_WPI/DimmableLight/Build/zcl_WriteAttributesRequestHandle.o
LOAD c:/NXP/bstudio_nxp/workspace/JN-AN-1189-ZigBee-HA-Demo1v9_WPI/DimmableLight/Build/zcl_WriteAttributesRequestSend.o
LOAD c:/NXP/bstudio_nxp/workspace/JN-AN-1189-ZigBee-HA-Demo1v9_WPI/DimmableLight/Build/zcl_WriteAttributesResponseHandle.o
LOAD c:/NXP/bstudio_nxp/workspace/JN-AN-1189-ZigBee-HA-Demo1v9_WPI/DimmableLight/Build/zcl_attribute.o
LOAD c:/NXP/bstudio_nxp/workspace/JN-AN-1189-ZigBee-HA-Demo1v9_WPI/DimmableLight/Build/zcl_buffer.o
LOAD c:/NXP/bstudio_nxp/workspace/JN-AN-1189-ZigBee-HA-Demo1v9_WPI/DimmableLight/Build/zcl_clusterCommand.o
LOAD c:/NXP/bstudio_nxp/workspace/JN-AN-1189-ZigBee-HA-Demo1v9_WPI/DimmableLight/Build/zcl_command.o
LOAD c:/NXP/bstudio_nxp/workspace/JN-AN-1189-ZigBee-HA-Demo1v9_WPI/DimmableLight/Build/zcl_configureReportingCommandHandle.o
LOAD c:/NXP/bstudio_nxp/workspace/JN-AN-1189-ZigBee-HA-Demo1v9_WPI/DimmableLight/Build/zcl_configureReportingCommandSend.o
LOAD c:/NXP/bstudio_nxp/workspace/JN-AN-1189-ZigBee-HA-Demo1v9_WPI/DimmableLight/Build/zcl_configureReportingResponseHandle.o
LOAD c:/NXP/bstudio_nxp/workspace/JN-AN-1189-ZigBee-HA-Demo1v9_WPI/DimmableLight/Build/zcl_defaultResponse.o
LOAD c:/NXP/bstudio_nxp/workspace/JN-AN-1189-ZigBee-HA-Demo1v9_WPI/DimmableLight/Build/zcl_discoverAttributesExtendedRequestHandle.o
LOAD c:/NXP/bstudio_nxp/workspace/JN-AN-1189-ZigBee-HA-Demo1v9_WPI/DimmableLight/Build/zcl_discoverAttributesExtendedRequestSend.o
LOAD c:/NXP/bstudio_nxp/workspace/JN-AN-1189-ZigBee-HA-Demo1v9_WPI/DimmableLight/Build/zcl_discoverAttributesExtendedResponseHandle.o
LOAD c:/NXP/bstudio_nxp/workspace/JN-AN-1189-ZigBee-HA-Demo1v9_WPI/DimmableLight/Build/zcl_discoverAttributesRequestHandle.o
LOAD c:/NXP/bstudio_nxp/workspace/JN-AN-1189-ZigBee-HA-Demo1v9_WPI/DimmableLight/Build/zcl_discoverAttributesRequestSend.o
LOAD c:/NXP/bstudio_nxp/workspace/JN-AN-1189-ZigBee-HA-Demo1v9_WPI/DimmableLight/Build/zcl_discoverAttributesResponseHandle.o
LOAD c:/NXP/bstudio_nxp/workspace/JN-AN-1189-ZigBee-HA-Demo1v9_WPI/DimmableLight/Build/zcl_discoverCommandsRequestHandle.o
LOAD c:/NXP/bstudio_nxp/workspace/JN-AN-1189-ZigBee-HA-Demo1v9_WPI/DimmableLight/Build/zcl_discoverCommandsRequestSend.o
LOAD c:/NXP/bstudio_nxp/workspace/JN-AN-1189-ZigBee-HA-Demo1v9_WPI/DimmableLight/Build/zcl_discoverCommandsResponseHandle.o
LOAD c:/NXP/bstudio_nxp/workspace/JN-AN-1189-ZigBee-HA-Demo1v9_WPI/DimmableLight/Build/zcl_event.o
LOAD c:/NXP/bstudio_nxp/workspace/JN-AN-1189-ZigBee-HA-Demo1v9_WPI/DimmableLight/Build/zcl_heap.o
LOAD c:/NXP/bstudio_nxp/workspace/JN-AN-1189-ZigBee-HA-Demo1v9_WPI/DimmableLight/Build/zcl_library_options.o
LOAD c:/NXP/bstudio_nxp/workspace/JN-AN-1189-ZigBee-HA-Demo1v9_WPI/DimmableLight/Build/zcl_readAttributesRequestHandle.o
LOAD c:/NXP/bstudio_nxp/workspace/JN-AN-1189-ZigBee-HA-Demo1v9_WPI/DimmableLight/Build/zcl_readAttributesRequestSend.o
LOAD c:/NXP/bstudio_nxp/workspace/JN-AN-1189-ZigBee-HA-Demo1v9_WPI/DimmableLight/Build/zcl_readAttributesResponseHandle.o
LOAD c:/NXP/bstudio_nxp/workspace/JN-AN-1189-ZigBee-HA-Demo1v9_WPI/DimmableLight/Build/zcl_readReportingConfigurationCommandHandle.o
LOAD c:/NXP/bstudio_nxp/workspace/JN-AN-1189-ZigBee-HA-Demo1v9_WPI/DimmableLight/Build/zcl_readReportingConfigurationCommandSend.o
LOAD c:/NXP/bstudio_nxp/workspace/JN-AN-1189-ZigBee-HA-Demo1v9_WPI/DimmableLight/Build/zcl_readReportingConfigurationResponseHandle.o
LOAD c:/NXP/bstudio_nxp/workspace/JN-AN-1189-ZigBee-HA-Demo1v9_WPI/DimmableLight/Build/zcl_reportManager.o
LOAD c:/NXP/bstudio_nxp/workspace/JN-AN-1189-ZigBee-HA-Demo1v9_WPI/DimmableLight/Build/zcl_reportMaths.o
LOAD c:/NXP/bstudio_nxp/workspace/JN-AN-1189-ZigBee-HA-Demo1v9_WPI/DimmableLight/Build/zcl_reportScheduler.o
LOAD c:/NXP/bstudio_nxp/workspace/JN-AN-1189-ZigBee-HA-Demo1v9_WPI/DimmableLight/Build/zcl_reportStringHandling.o
LOAD c:/NXP/bstudio_nxp/workspace/JN-AN-1189-ZigBee-HA-Demo1v9_WPI/DimmableLight/Build/zcl_reportStructure.o
LOAD c:/NXP/bstudio_nxp/workspace/JN-AN-1189-ZigBee-HA-Demo1v9_WPI/DimmableLight/Build/zcl_search.o
LOAD c:/NXP/bstudio_nxp/workspace/JN-AN-1189-ZigBee-HA-Demo1v9_WPI/DimmableLight/Build/zcl_timer.o
LOAD c:/NXP/bstudio_nxp/workspace/JN-AN-1189-ZigBee-HA-Demo1v9_WPI/DimmableLight/Build/zcl_transmit.o
LOAD c:/NXP/bstudio_nxp/sdk/JN-SW-4168/Components/Library\libZPSMAC_Mini_JN516x.a
LOAD c:/NXP/bstudio_nxp/sdk/JN-SW-4168/Components/Library\libOS_JN516x.a
LOAD c:/NXP/bstudio_nxp/sdk/JN-SW-4168/Components/Library\libPWRM_JN516x.a
LOAD c:/NXP/bstudio_nxp/sdk/JN-SW-4168/Components/Library\libZPSTSV_JN516x.a
LOAD c:/NXP/bstudio_nxp/sdk/JN-SW-4168/Components/Library\libAES_SW_JN516x.a
LOAD c:/NXP/bstudio_nxp/sdk/JN-SW-4168/Components/Library\libPDUM_JN516x.a
LOAD c:/NXP/bstudio_nxp/sdk/JN-SW-4168/Components/Library\libZPSAPL_JN516x.a
LOAD c:/NXP/bstudio_nxp/sdk/JN-SW-4168/Components/Library\libRandom_JN516x.a
LOAD c:/NXP/bstudio_nxp/sdk/JN-SW-4168/Components/Library\libPDM_EEPROM_JN516x.a
LOAD c:/NXP/bstudio_nxp/sdk/JN-SW-4168/Components/Library\libDBG_JN516x.a
LOAD c:/NXP/bstudio_nxp/sdk/JN-SW-4168/Components/Library\libZPSNWK_JN516x.a
LOAD c:/NXP/bstudio_nxp/sdk/JN-SW-4168/Components/Library\libRecal_JN516x.a
LOAD c:/NXP/bstudio_nxp/sdk/JN-SW-4168/Components/Library\libMiniMac_JN516x.a
LOAD c:/NXP/bstudio_nxp/sdk/JN-SW-4168/Components/Library\libMiniMacShim_JN516x.a
LOAD c:/NXP/bstudio_nxp/sdk/JN-SW-4168/Components/Library\libMMAC_JN516x.a
LOAD c:/NXP/bstudio_nxp/sdk/JN-SW-4168/Components/Library\libAes_JN516x.a
LOAD c:/NXP/bstudio_nxp/sdk/JN-SW-4168/Components/Library\libHardwareApi_JN516x.a
LOAD c:/NXP/bstudio_nxp/sdk/JN-SW-4168/Components/Library\libMicroSpecific_JN516x.a
LOAD c:/NXP/bstudio_nxp/sdk/JN-SW-4168/Components/Library\libBoot_JN516x.a
LOAD c:/NXP/bstudio_nxp/sdk/JN-SW-4168/Platform/DK4/Library\libBoardLib_JN516x.a
LOAD c:/nxp/bstudio_nxp/sdk/tools/ba-elf-ba2-r36379/bin/../lib/gcc/ba-elf/4.7.4/../../../../ba-elf/lib/mcpu_jn51xx_sizeopt\libm.a
END GROUP
LOAD c:/nxp/bstudio_nxp/sdk/tools/ba-elf-ba2-r36379/bin/../lib/gcc/ba-elf/4.7.4/../../../../ba-elf/lib/mcpu_jn51xx_sizeopt\libc.a
LOAD c:/nxp/bstudio_nxp/sdk/tools/ba-elf-ba2-r36379/bin/../lib/gcc/ba-elf/4.7.4/mcpu_jn51xx_sizeopt\libgcc.a
LOAD c:/nxp/bstudio_nxp/sdk/tools/ba-elf-ba2-r36379/bin/../lib/gcc/ba-elf/4.7.4/../../../../ba-elf/lib/mcpu_jn51xx_sizeopt\libc.a
                0x00000000000003e8                _minimum_heap_size = 0x3e8
                0x0000000000001194                _stack_size = 0x1194
                0x0000000000080038                _exception_vsr_table = 0x80038
                0x0000000004000000                pSPIflashFncTable = 0x4000000
                0x00000000000003e8                _minimum_heap_size = 0x3e8
                0x0000000000001194                _stack_size = 0x1194
                0x0000000000000044                restore_state = 0x44
                0x000000000000004a                bZSPIWaitWIPClear = 0x4a
                0x0000000000000050                u16ZSPIflashRDID = 0x50
                0x0000000000000056                u8SelectFlashChipType = 0x56
                0x000000000000005c                memcpy = 0x5c
                0x0000000000000066                vBootFlashProg = 0x66
                [0x00000000000003e8]                _minimum_heap_size = DEFINED (_minimum_heap_size)?_minimum_heap_size:0xd16
                0x0000000000000000                _SwConfig = (DEFINED (g_bSWConf_Debug) | (DEFINED (g_bSWConf_AltDebugPort) << 0x1))

.version        0x000000000007fffc        0x4
                0x000000000007fffc        0x4 LONG 0x7030008

.bir            0x0000000000080000       0x10
                0x0000000000080000                _flash_start = ABSOLUTE (.)
                0x0000000000080000                _flash_beg = ABSOLUTE (.)
                0x0000000000080000        0x4 LONG 0x12345678
                0x0000000000080004        0x4 LONG 0x11223344
                0x0000000000080008        0x4 LONG 0x55667788
                0x000000000008000c        0x1 BYTE 0x8
                0x000000000008000d        0x1 BYTE 0x1
                0x000000000008000e        0x2 SHORT 0x0

.flashheader    0x0000000000080010       0x28
                0x0000000000080010        0x4 LONG 0x0
                0x0000000000080014        0x4 LONG 0x0
                0x0000000000080018        0x4 LONG 0x0
                0x000000000008001c        0x2 SHORT 0x0
                0x000000000008001e        0x2 SHORT 0x0 ABSOLUTE (_SwConfig)
                0x0000000000080020                _enc_start = ABSOLUTE (.)
                0x0000000000080020        0x4 LONG 0x22344 ABSOLUTE (_image_len)
                0x0000000000080024        0x4 LONG 0xa1bc0 ABSOLUTE (_flash_data_start)
                0x0000000000080028        0x2 SHORT 0x13 ((ABSOLUTE (_ram_data_start) / 0x4) & 0xffff)
                0x000000000008002a        0x2 SHORT 0x1e1 ((ABSOLUTE (_ram_data_len) / 0x4) & 0xffff)
                0x000000000008002c        0x2 SHORT 0x1f4 ((ABSOLUTE (_bss_start) / 0x4) & 0xffff)
                0x000000000008002e        0x2 SHORT 0xe6a ((ABSOLUTE (_bss_len) / 0x4) & 0xffff)
                0x0000000000080030        0x4 LONG 0xa04b0 ABSOLUTE (AppWarmStart)
                0x0000000000080034        0x4 LONG 0xa04bb ABSOLUTE (AppColdStart)
                0x0000000000000000                _enc_offset = (_enc_start & 0xf)

.ro_mac_address
                0x0000000000080040        0x0
                0x0000000000080040                _FlsMACAddress = ABSOLUTE (.)
 *(.ro_mac_address)
                0x0000000000080040                . = ALIGN (0x10)

.ro_ota_header  0x0000000000080040        0x0
                0x0000000000080040                _FlsOtaHeader = ABSOLUTE (.)
 *(.ro_ota_header)
                0x0000000000080040                . = ALIGN (0x10)

.ro_se_lnkKey   0x0000000000080040        0x0
                0x0000000000080040                _FlsLinkKey = ABSOLUTE (.)
 *(.ro_se_lnkKey)
                0x0000000000080040                . = ALIGN (0x10)

.rodata         0x0000000000080038      0xf49
 *(.rodata*)
 .rodata.str1.1
                0x0000000000080038       0xa2 C:\Users\SVEN~1.YAN\AppData\Local\Temp\ccPkmzZT.ltrans0.ltrans.o
 *fill*         0x00000000000800da        0x2 00
 .rodata        0x00000000000800dc       0x78 C:\Users\SVEN~1.YAN\AppData\Local\Temp\ccPkmzZT.ltrans0.ltrans.o
                0x00000000000800dc                g_u32ApsFcSaveCountBitShift
                0x00000000000800e0                u8MaxZpsConfigEp
                0x00000000000800e1                au8EpMapPresent
                0x00000000000800e4                s_groupPdmTable
 .rodata.str1.1
                0x0000000000000000       0xa2 C:\Users\SVEN~1.YAN\AppData\Local\Temp\ccPkmzZT.ltrans1.ltrans.o
                                          0x8 (size before relaxing)
 .rodata        0x0000000000080154       0x30 C:\Users\SVEN~1.YAN\AppData\Local\Temp\ccPkmzZT.ltrans3.ltrans.o
 .rodata.str1.1
                0x0000000000080184        0x5 C:\Users\SVEN~1.YAN\AppData\Local\Temp\ccPkmzZT.ltrans4.ltrans.o
                                          0x8 (size before relaxing)
 .rodata.str1.1
                0x0000000000080189      0x176 C:\Users\SVEN~1.YAN\AppData\Local\Temp\ccPkmzZT.ltrans5.ltrans.o
                                        0x188 (size before relaxing)
 .rodata.str1.1
                0x0000000000000000      0x176 C:\Users\SVEN~1.YAN\AppData\Local\Temp\ccPkmzZT.ltrans6.ltrans.o
                                          0x7 (size before relaxing)
 *fill*         0x00000000000802ff        0x1 00
 .rodata        0x0000000000080300       0x20 C:\Users\SVEN~1.YAN\AppData\Local\Temp\ccPkmzZT.ltrans7.ltrans.o
                0x0000000000080300                au32NwkPdmRecordOffsets
 .rodata.str1.1
                0x0000000000000000      0x176 C:\Users\SVEN~1.YAN\AppData\Local\Temp\ccPkmzZT.ltrans8.ltrans.o
                                          0x4 (size before relaxing)
 .rodata.str1.1
                0x0000000000080320       0x11 C:\Users\SVEN~1.YAN\AppData\Local\Temp\ccPkmzZT.ltrans9.ltrans.o
                                         0x20 (size before relaxing)
 .rodata.str1.1
                0x0000000000000000        0x3 C:\Users\SVEN~1.YAN\AppData\Local\Temp\ccPkmzZT.ltrans10.ltrans.o
 *fill*         0x0000000000080331        0x3 00
 .rodata        0x0000000000080334       0x28 C:\Users\SVEN~1.YAN\AppData\Local\Temp\ccPkmzZT.ltrans11.ltrans.o
                0x000000000008033c                au32UartAddrOffset
 .rodata.str1.1
                0x000000000008035c      0x163 C:\Users\SVEN~1.YAN\AppData\Local\Temp\ccPkmzZT.ltrans11.ltrans.o
 .rodata.str1.1
                0x00000000000804bf        0x6 C:\Users\SVEN~1.YAN\AppData\Local\Temp\ccPkmzZT.ltrans12.ltrans.o
 .rodata        0x00000000000804c5        0x6 C:\Users\SVEN~1.YAN\AppData\Local\Temp\ccPkmzZT.ltrans12.ltrans.o
 *fill*         0x00000000000804cb        0x1 00
 .rodata        0x00000000000804cc      0x118 C:\Users\SVEN~1.YAN\AppData\Local\Temp\ccPkmzZT.ltrans13.ltrans.o
                0x00000000000804cc                gu32ZCLVersion
                0x00000000000804d0                OS_g_u32Version
                0x00000000000804d4                PDUM_g_u32Version
                0x00000000000804d8                ZPS_g_u32MacVersion
                0x00000000000804dc                ZPS_g_u32TsvVersion
 .rodata.str1.1
                0x0000000000000000        0xa C:\Users\SVEN~1.YAN\AppData\Local\Temp\ccPkmzZT.ltrans14.ltrans.o
 .rodata        0x00000000000805e4       0x88 C:\Users\SVEN~1.YAN\AppData\Local\Temp\ccPkmzZT.ltrans14.ltrans.o
                0x00000000000805e4                g_u32NwkFcSaveCountBitShift
 .rodata.str1.1
                0x000000000008066c       0x11 C:\Users\SVEN~1.YAN\AppData\Local\Temp\ccPkmzZT.ltrans16.ltrans.o
                                         0x14 (size before relaxing)
 .rodata.str1.1
                0x0000000000000000       0x11 C:\Users\SVEN~1.YAN\AppData\Local\Temp\ccPkmzZT.ltrans17.ltrans.o
                                          0x8 (size before relaxing)
 *fill*         0x000000000008067d        0x3 00
 .rodata        0x0000000000080680       0x14 C:\Users\SVEN~1.YAN\AppData\Local\Temp\ccPkmzZT.ltrans18.ltrans.o
                0x0000000000080690                pu64NewMacOverrideMyAddressLocation
 .rodata.str1.1
                0x0000000000080694       0x48 C:\Users\SVEN~1.YAN\AppData\Local\Temp\ccPkmzZT.ltrans19.ltrans.o
                                         0x83 (size before relaxing)
 .rodata.str1.1
                0x00000000000806dc        0x5 C:\Users\SVEN~1.YAN\AppData\Local\Temp\ccPkmzZT.ltrans20.ltrans.o
 .rodata.str1.1
                0x00000000000806e1      0x24e C:\Users\SVEN~1.YAN\AppData\Local\Temp\ccPkmzZT.ltrans23.ltrans.o
                                        0x25c (size before relaxing)
 *fill*         0x000000000008092f        0x1 00
 .rodata        0x0000000000080930       0x94 C:\Users\SVEN~1.YAN\AppData\Local\Temp\ccPkmzZT.ltrans23.ltrans.o
                0x0000000000080930                zps_pacNwkFrmStdByteFmt
                0x0000000000080934                zps_pacNwkFrmStdLongFmt
                0x0000000000080938                zps_pacNwkFrmStdHalfFmt
 .rodata.str1.1
                0x00000000000809c4       0x10 C:\Users\SVEN~1.YAN\AppData\Local\Temp\ccPkmzZT.ltrans24.ltrans.o
                                         0x2f (size before relaxing)
 .rodata        0x00000000000809d4       0x10 C:\Users\SVEN~1.YAN\AppData\Local\Temp\ccPkmzZT.ltrans25.ltrans.o
 .rodata.str1.1
                0x00000000000809e4       0x13 C:\Users\SVEN~1.YAN\AppData\Local\Temp\ccPkmzZT.ltrans26.ltrans.o
 .rodata.str1.1
                0x00000000000809f7        0x7 C:\Users\SVEN~1.YAN\AppData\Local\Temp\ccPkmzZT.ltrans27.ltrans.o
                                         0x1a (size before relaxing)
 *fill*         0x00000000000809fe        0x2 00
 .rodata        0x0000000000080a00      0x124 C:\Users\SVEN~1.YAN\AppData\Local\Temp\ccPkmzZT.ltrans27.ltrans.o
                0x0000000000080a00                g_bStopZdpAcks
 .rodata        0x0000000000080b24        0x8 C:\Users\SVEN~1.YAN\AppData\Local\Temp\ccPkmzZT.ltrans29.ltrans.o
 .rodata.str1.1
                0x0000000000080b2c       0x4a C:\Users\SVEN~1.YAN\AppData\Local\Temp\ccPkmzZT.ltrans30.ltrans.o
 *fill*         0x0000000000080b76        0x2 00
 .rodata        0x0000000000080b78      0x404 C:\Users\SVEN~1.YAN\AppData\Local\Temp\ccPkmzZT.ltrans30.ltrans.o
                0x0000000000080b78                zps_g_pvApl
                0x0000000000080b7c                au32TimerBaseAddress
 .rodata.str1.1
                0x0000000000080f7c        0x5 C:\Users\SVEN~1.YAN\AppData\Local\Temp\ccPkmzZT.ltrans31.ltrans.o
                                          0x9 (size before relaxing)

.text           0x0000000000080f88    0x20c36
 *(.text*)
 .text          0x0000000000080f88     0x1f00 C:\Users\SVEN~1.YAN\AppData\Local\Temp\ccPkmzZT.ltrans0.ltrans.o
                0x0000000000080f88                APP_TIMER_Version_1v0
                0x0000000000080f88                vInitialiseApp.3080
 .text          0x0000000000082e88     0x1c2e C:\Users\SVEN~1.YAN\AppData\Local\Temp\ccPkmzZT.ltrans1.ltrans.o
                0x0000000000082e88                eSmeAcScBeaconInd.138368
                0x0000000000082ee4                eSmeASFlBeaconInd.138205
                0x0000000000082f06                eSmeUDNTScanDcfm.137658
                0x0000000000082f22                vPermitJoinHandleExpiry.133245
                0x0000000000082f2b                vNwkMcpsTimerCallback
                0x0000000000082f45                zps_eSceGenlIllegal
                0x0000000000082f4c                zps_eSmeGenlIllegal
                0x0000000000082f53                DBG_vUartFailedAssert
                0x0000000000082f57                zps_bAplZdoBindRequestServer
                0x0000000000083081                psGetVsMcpsBuf.80622
                0x000000000008308a                psGetMlmeBuf.80608
                0x0000000000083093                psGetMcpsBuf.80615
                0x000000000008309c                psGetNlmeBuf.63758
                0x00000000000830a6                psGetNldeBuf.63779
                0x00000000000830b0                psGetApsmeBuf.63765
                0x00000000000830b9                psGetApsdeBuf.63772
                0x00000000000830bf                vLoopbackTimerCallback
                0x00000000000830ee                zps_eNwkFormStInit
                0x0000000000083103                bCheckMatchingEntry.138363
                0x0000000000083129                zps_psNwkSlistRemoveFromHead
                0x0000000000083140                zps_psNwkSlistRemove
                0x0000000000083178                zps_bNwkMcpsMgrRemoveDescrFromLists
                0x00000000000831b6                zps_vNwkSlistAddToTail
                0x00000000000831d0                ZPS_bNwkSecHaveNetworkKey
                0x0000000000083204                ZPS_bNwkSecFindMatSet
                0x0000000000083240                zps_eNwkRctMatchNwkAddr
                0x00000000000832aa                ZPS_u8NwkCalcNldeReqOverhead
                0x00000000000832e5                zps_vRemoveNextHop
                0x0000000000083373                zps_vRemoveRoute
                0x000000000008340e                zps_psNwkRtMatchNwkAddr
                0x000000000008345d                ZPS_u64NwkNibGetMappedIeeeAddr
                0x000000000008347f                ZPS_vNwkSecResetDevice
                0x00000000000834c4                ZPS_bNwkNibNtActvMatch
                0x000000000008357c                bCheckNwkAddr
                0x00000000000835ca                ZPS_vSetExtendedStatus
                0x00000000000835dc                zps_eNwkRtMatch
                0x00000000000836d9                zps_psApsApsAllocateDcfmRecord
                0x0000000000083747                zps_u8CalcLinkCost
                0x0000000000083783                ZPS_u8NwkNibNtDiscMatch
                0x0000000000083867                zps_u64NwkLibFromPayload
                0x0000000000083a04                eSmeAcScBeaconInd.138213
                0x0000000000083b0c                eSmeUDNTBeaconInd.138189
                0x0000000000083b2f                zps_vNwkLibU64ToPayload
                0x0000000000083b5c                zps_vInitBeaconPayload
                0x0000000000083bd8                ZPS_vNtSetUsedStatus
                0x0000000000083c46                zps_eNwkDcfmIndPost
                0x0000000000083c69                zps_psNwkDcfmIndGetBuf
                0x0000000000083c8b                vSendDcfm.138886
                0x0000000000083caf                eSmeEdScScanDcfm.138193
                0x0000000000083cf8                eSmeGenlScanDcfm.138197
                0x0000000000083d56                eRouteRequestDataDcfm.134407
                0x0000000000083daa                eNldeDataDcfm.132259
                0x0000000000083dda                zps_vSendNwkStatusInd
                0x0000000000083e0a                DBG_vInit
                0x0000000000083e4c                vPDM_ReadBitmapHeader.125897
                0x0000000000083e6b                psSLISTsearch
                0x0000000000083eab                psSLISTremove
                0x0000000000083f29                psSLISTgetNext
                0x0000000000083f4d                u8PDM_CalculateFileSystemCapacity
                0x0000000000083f6b                u8PDM_CalculateLargestDataRecordStored
                0x0000000000083f9c                bPDM_ImageBitmapRepairCheck
                0x0000000000083fc4                u8PDM_ReadSequenceNumber
                0x0000000000083fe7                boSegmentNumberDeleteSearchMatch.125475
                0x0000000000084002                u32PDM_ReadFileSystemHeaderWearCount
                0x0000000000084018                boSearchForWearCountSubstitute.125797
                0x000000000008403e                boSearchForWearCountInsertPoint.125046
                0x000000000008405c                vPDM_WriteFileSystemHeaderWearCount
                0x000000000008406e                u8PDM_CalculateSegmentsRequired.part.0.124182
                0x000000000008409c                RND_u32GetRand256
                0x00000000000840b9                RND_u32GetRand
                0x00000000000840e0                u16CalculateFailedTxCount.98592
                0x000000000008410a                zps_bAplZdoServerHandleConfirmAcks
                0x0000000000084154                zps_bPerformLeaveActionDecider
                0x000000000008416c                vHandleUpdateDeviceIndication.72741
                0x0000000000084196                u32GetScanChannels.72728
                0x00000000000841c1                bDuplicateCheck.68007
                0x00000000000842b0                eHandleRemoveNonBroadcastEndpointsFromGroup.67792
                0x0000000000084328                eHandleAddEntryToGroupTable.67755
                0x0000000000084384                bIsBindTableMatch.67732
                0x00000000000843d5                eRemoveEntryInBindingTable.67760
                0x0000000000084454                zps_vAplApsFillAndPostApsAck
                0x00000000000844be                zps_u8AplApsFreeMsgHandle
                0x0000000000084528                bCheckProfile.63617
                0x0000000000084566                ZPS_bIsGroupPresent
                0x000000000008459e                PDUM_u16APduInstanceWriteStrNBO
                0x000000000008471d                pdum_u16ReadNBO
                0x000000000008487e                PDUM_eNPduReadHeaderNBO
                0x00000000000848d1                PDUM_u16APduInstanceReadNBO
                0x000000000008491b                PDUM_eNPduPrependHeaderNBO
                0x0000000000084976                zps_psFormatCmdFrameGeneral
                0x00000000000849ef                PDUM_eNPduAppendDataNBO
                0x0000000000084a4c                PDUM_u16APduInstanceWriteNBO
 *fill*         0x0000000000084ab6        0x2 00
 .text          0x0000000000084ab8     0x156c C:\Users\SVEN~1.YAN\AppData\Local\Temp\ccPkmzZT.ltrans2.ltrans.o
                0x0000000000084ab8                vZCL_EventHandler
 .text          0x0000000000086024     0x15a3 C:\Users\SVEN~1.YAN\AppData\Local\Temp\ccPkmzZT.ltrans3.ltrans.o
                0x0000000000086024                vZdoServersInit.2804
                0x00000000000861ba                DBG_iUartGetChar
                0x000000000008626e                eBasicTxCompleteHandler
                0x0000000000086273                vTxRxTimeout.146341
                0x00000000000862d3                zps_eNwkHandleSmePollDcfm
                0x00000000000862fd                eLeaveDataDcfmRemoteLeave.142894
                0x00000000000863ae                ZPS_eTsvOpen
                0x00000000000863c8                zps_vBuildSortedActvNTList
                0x000000000008646e                zps_vCheckActvNtForDuplicate
                0x00000000000864c9                zps_vTidyActvNtAfterJoin
                0x0000000000086517                eUnsolicitedRejoinRspDataDcfm.129249
                0x0000000000086542                ZPS_vRemoveMacTableEntry
                0x0000000000086665                vDisplayAddressMapTable
                0x000000000008667f                vDisplayNT
                0x0000000000086699                sEZ_GetDiscEntry.9567
                0x00000000000866da                eCLD_GroupsCheckGroupExists
                0x0000000000086747                vStartTimer.part.0.148771.constprop.122
                0x000000000008676e                vLI_UpdateDriver
                0x00000000000867ab                vMicroIntEnableOnly.constprop.117
                0x00000000000867d7                vMiniMac_MLME_SetReq_PanId
                0x0000000000086814                vMiniMac_MLME_SetReq_ShortAddr
                0x0000000000086822                vZCL_InitializeClusterInstance.constprop.93
                0x0000000000086833                psDLISTsearchFromHead
                0x000000000008685c                eCLD_ScenesFindScene
                0x00000000000868a9                pvZCL_HeapAlloc.part.0.52099.constprop.80
                0x00000000000868e2                vACI_OptimisedCcmStar.constprop.48
                0x0000000000086acd                vSendRouteDiscoveryDcfm.134402.constprop.47
                0x0000000000086af6                zps_eNwkRtDiscMatch.constprop.45
                0x0000000000086b49                zps_vNwkBttMgrInit
                0x0000000000086b77                ZPS_vNwkNibClearTables
                0x0000000000086c92                vMiniMac_ReturnTxBufferCallback
                0x0000000000086ca4                vEnableReceive.146346
                0x0000000000086cd4                pvHeap_Alloc
                0x0000000000086cd7                vMicroIntRestoreState
                0x0000000000086ce3                vSetChannelAndPower
                0x0000000000086d81                bAHI_WriteEEPROMfixSegmentData
                0x0000000000086ddf                bAHI_InitialiseEEPROM
                0x0000000000086e27                vAHI_ReadDataFromEEPROMregister
                0x0000000000086e54                vAHI_WriteDataIntoEEPROMregister
                0x0000000000086e84                iAHI_WriteDataIntoEEPROMsegment.constprop.104
                0x0000000000086ed2                iPDM_WriteSegmentHeaderDataIntoEEPROMsegment
                0x0000000000086f01                u8AHI_WakeTimerFiredStatus
                0x0000000000086f15                vAHI_WakeTimerStop.part.3.149248
                0x0000000000086f35                vAHI_UartReset.part.4.149002
                0x0000000000086f6d                vAHI_ClockXtalPull
                0x0000000000086f8a                vAHI_CpuDoze
                0x0000000000086f9d                vAHI_SwReset
                0x0000000000086fae                bAHI_APRegulatorEnabled
                0x0000000000086fbb                vAHI_ApConfigure.part.0.148486.constprop.119
                0x0000000000086fe9                bIssueACIcommand
                0x000000000008724b                vTransformKey.isra.0.69264
                0x000000000008727b                MAC_u64GetExtAddr
                0x0000000000087296                ZPS_u64NwkNibFindExtAddr
                0x0000000000087341                eCLD_ScenesSetLastConfiguredBy.isra.1.23814
                0x0000000000087378                ZPS_u16NwkNibFindNwkAddr
                0x000000000008741e                psSearchForFrameToSend
                0x000000000008746c                eMiniMac_FrameInProgress
                0x0000000000087497                vRemoveFromTxQueue
                0x00000000000874d3                vAddToTxQueue
                0x0000000000087509                u8GetHeaderSize
                0x0000000000087531                vMiniMac_MLME_SetReq_MinBe
                0x0000000000087556                zps_vSendJoinInd
 *fill*         0x00000000000875c7        0x1 00
 .text          0x00000000000875c8     0x1494 C:\Users\SVEN~1.YAN\AppData\Local\Temp\ccPkmzZT.ltrans4.ltrans.o
                0x00000000000875c8                DBG_vUartFlush
                0x00000000000875f5                DBG_vUartPutch
                0x000000000008763b                os_u32APP_cbGetTickTimer
                0x0000000000087644                os_bAPP_cbSetTickTimerCompare
                0x00000000000876a0                boIdValueSearchMatch.125050
                0x00000000000876fa                vRadioToOff
                0x0000000000087717                vStartReceive
                0x0000000000087726                vMiniMac_NextTransaction
                0x0000000000087790                iPDM_FilterDuplicateAppendedSegmentsOnList.126214
                0x00000000000877e6                vDispatch.60591
                0x00000000000878b8                OS_eStartSWTimer.constprop.143
                0x00000000000879d7                OS_eStopSWTimer
                0x0000000000087afa                vStartStopTimer
                0x0000000000087b25                os_vAPP_RadioRecal
                0x0000000000087bc4                OS_ePostMessage
                0x0000000000087d2a                OS_eExitCriticalSection
                0x0000000000087e0f                OS_eActivateTask
                0x0000000000087eaa                vPostMlmeDcfmInd.80611
                0x0000000000087f4d                iPDM_ReadSegmentHeaderDataFromEEPROMsegment
                0x0000000000087fa6                u16PDM_CalculateRecordChecksum
                0x0000000000088051                u16ZCL_ReadTypeNBO
                0x0000000000088106                u16ZCL_APduInstanceReadNBO
                0x0000000000088157                u16ZCL_ReadCommandHeader.part.0.44514
                0x00000000000881ce                eCLD_BasicCommandHandler
                0x00000000000881f1                eZCL_FindCluster
                0x0000000000088251                eCLD_GroupsSetIdentifying
                0x0000000000088276                vCLD_IdentifyTimerClickCallback.17310
                0x00000000000882e5                eCLD_LevelControlClusterIsPresent
                0x000000000008834e                eCLD_LevelControlUpdate
                0x00000000000885c9                eCLD_LevelControlSetOnOffState.constprop.20
                0x0000000000088682                u8ZdoBindUnbindServerUnpackApdu
                0x00000000000886d1                u16ZCL_APduInstanceWriteNBO
                0x0000000000088725                u16ZCL_WriteCommandHeader
                0x000000000008879d                u16ZCL_APduInstanceWriteStringNBO
                0x0000000000088864                u16ZCL_WriteAttributeValueIntoBuffer
                0x00000000000888d6                u16ZCL_APduInstanceReadStringNBO.part.3.41788
                0x00000000000889af                eZCL_GetAttributeTypeSizeFromBuffer
                0x0000000000088a26                zps_psNwkMcpsMgrFindPendingByNwkDstAddr
 .text          0x0000000000088a5c     0x1270 C:\Users\SVEN~1.YAN\AppData\Local\Temp\ccPkmzZT.ltrans5.ltrans.o
                0x0000000000088a5c                os_vAPP_ZPR_Light_Task
 .text          0x0000000000089ccc     0x1773 C:\Users\SVEN~1.YAN\AppData\Local\Temp\ccPkmzZT.ltrans6.ltrans.o
                0x0000000000089ccc                OS_eEnterCriticalSection
                0x0000000000089d94                PDUM_hAPduAllocateAPduInstance
                0x0000000000089e08                zps_eAplZdoSendZdpResponse
                0x0000000000089e51                bSendResponse.97415
                0x0000000000089e94                PDUM_eAPduFreeAPduInstance
                0x0000000000089f17                zps_bAplZdoMatchDescServer.part.0.85621
                0x000000000008a1dd                zps_bAplZdoNodeDescServer
                0x000000000008a379                zps_bAplZdoSimpleDescServer
                0x000000000008a57f                zps_bAplZdoPowerDescServer
                0x000000000008a6cc                zps_bAplZdoActiveEpServer
                0x000000000008a7e5                zps_bAplZdoSystemServerDiscoveryServer
                0x000000000008a8a2                zps_bAplZdoMgmtLqiServer
                0x000000000008aabf                zps_bAplZdoMgmtRtgServer
                0x000000000008abef                PDM_eReadDataFromRecord.part.0.124300
                0x000000000008ac72                vLoadNwkRecord.131054
                0x000000000008acb0                vLoadAplRecord.72768
                0x000000000008ace4                vMiniMac_McpsCallback
                0x000000000008ae85                eMcpsTxCompleteHandler.146030
                0x000000000008aeb3                ZPS_eTsvStart
                0x000000000008af43                zps_eAplZdoBdrmRequestSend
                0x000000000008afbe                zps_eNwkHandleSceNwkUpdate
                0x000000000008afe2                vProcessTimedList.130139
                0x000000000008b028                zps_vNwkMcpsMgrPostTimed
                0x000000000008b03b                vNwkMcpsSendTimedDfcm
                0x000000000008b07f                zps_vCleanUnAuthenHandleExpiry
                0x000000000008b0ef                zps_vAplAfPostTimerEvent
                0x000000000008b16b                zps_vExpireOldRoutes
                0x000000000008b1cd                zps_vNwkJoinStStartResponseTimer
                0x000000000008b207                ZPS_eTsvStop
                0x000000000008b25b                zps_vNwkHandleCmePermitJoinReq
                0x000000000008b2c3                zps_eNwkBtrMatch
                0x000000000008b3b8                zps_vAplApsStopPollTimer.part.2.66239
 .text          0x000000000008b43f      0xf61 C:\Users\SVEN~1.YAN\AppData\Local\Temp\ccPkmzZT.ltrans7.ltrans.o
                0x000000000008b46a                iPDM_WriteSegmentHeaderAndData
                0x000000000008b673                iPDM_SegmentCopyAndAppendData.constprop.141
                0x000000000008b6cd                iPDM_ReconstructReplacedDataTable
                0x000000000008b874                iPDM_ReplaceChangedSegmentInSequence
                0x000000000008b963                vPDM_DeleteAppendedSequence
                0x000000000008bb68                PDM_eSaveRecordData
                0x000000000008be3f                ZPS_vNwkSaveRecord
                0x000000000008be6b                zps_bNwkFindAddIeeeAddr
                0x000000000008befb                ZPS_vRemoveEntryFromAddressMap
                0x000000000008bf41                ZPS_vNwkSaveAllRecords
                0x000000000008bf58                ZPS_vNwkNibSetNwkAddr
                0x000000000008bf75                zps_eNwkHandleSceRejnResponse
                0x000000000008bfd2                ZPS_vNwkNibSetExtPanId
                0x000000000008bff7                vFinish.141904
                0x000000000008c04c                ZPS_vNwkNibSetKeySeqNum
                0x000000000008c060                ZPS_vNwkNibSetDepth
                0x000000000008c069                ZPS_vNwkNibSetPanId
                0x000000000008c087                ZPS_vNwkNibSetCapabilityInfo
                0x000000000008c0b4                ZPS_vNwkNibSetChannel
                0x000000000008c0d2                ZPS_vNwkSaveNt
                0x000000000008c0e6                zps_eNwkHandleSmeCommStatusInd
                0x000000000008c19a                eRejoinRspDataDcfm.140730
                0x000000000008c269                ZPS_vNwkSaveSecMat
                0x000000000008c27d                PDM_vDeleteAllDataRecords
                0x000000000008c2fa                iPDM_VerifyDataSequenceWithBufferId
 *fill*         0x000000000008c3a0        0x0 00
 .text          0x000000000008c3a0     0x1690 C:\Users\SVEN~1.YAN\AppData\Local\Temp\ccPkmzZT.ltrans8.ltrans.o
                0x000000000008c4c1                vAssocReqTimeout2.146692
                0x000000000008c4e4                vSendMlmeCommStatusFromTxFrame
                0x000000000008c53a                MAC_vHandleMlmeVsReqRsp.constprop.113
                0x000000000008ca70                eTryNextParent
                0x000000000008cbaf                vCheckSleepingSendPoll.part.1.142016
                0x000000000008ce71                zps_eProcessAddrConflict
                0x000000000008d01e                ZPS_vNwkNibCheckAndUpdateAddresses
                0x000000000008d07f                zps_eNwkHandleSceNwkStatus
                0x000000000008d3e0                zps_eNwkHandleSmeAssocInd
                0x000000000008d402                zps_eNwkHandleSceRejnRequest
                0x000000000008d500                zps_eNwkHandleSmeOrphanInd
                0x000000000008d510                zps_sNwkStart
                0x000000000008d5af                vHandleNwkLocalUpdateAfterBcast.129254
                0x000000000008d60f                vHandleNwkRemoteUpdateAfterBcast.129245
                0x000000000008d663                eSmeAcScScanDcfm.138890
                0x000000000008d989                zps_vNwkHandleCmeActvStartRouterReq
 .text          0x000000000008da30     0x1508 C:\Users\SVEN~1.YAN\AppData\Local\Temp\ccPkmzZT.ltrans9.ltrans.o
                0x000000000008db13                vSendNetworkReport.129237
                0x000000000008dbed                zps_eNwkHandleSceRouteRequest
                0x000000000008df04                zps_eNwkHandleSceRouteReply
                0x000000000008e15c                zps_vNwkHandleCmeLeaveReq
                0x000000000008e22a                zps_psNwkInitiateRouteDiscovery
                0x000000000008e4e0                zps_psSendFrm
                0x000000000008e7ac                zps_psSendBroadcastFrm.part.0.139527
                0x000000000008e80a                ZPS_vNwkHandleNldeReqRsp
                0x000000000008ea11                zps_eNwkHandleSceRouteRecord
                0x000000000008eac0                zps_psNwkSendRejoinReqCmd.constprop.10
                0x000000000008eb1b                zps_u8NwkHandleRejoinReq
                0x000000000008ebd3                vContinueRejoin.140726
                0x000000000008ec8d                zps_psSendNetworkStatusCmd
                0x000000000008ecfa                zps_vProcessLocalAddrConflict
                0x000000000008edc8                zps_eDefaultDataDcfm
 .text          0x000000000008ef38     0x1197 C:\Users\SVEN~1.YAN\AppData\Local\Temp\ccPkmzZT.ltrans10.ltrans.o
                0x000000000008efe2                vPostMcpsDcfmInd.80618
                0x000000000008f138                eBeaconReqSent.147118
                0x000000000008f15f                vIncrementFrameCounterInPdm.isra.0.131485
                0x000000000008f33b                vProcessListsForSubmission.130219
                0x000000000008f6ad                zps_vNwkMcpsMgrPost
                0x000000000008f6d1                zps_psNwkSendLeaveCmd
                0x000000000008f739                zps_psNwkPropagateLocalLeave
                0x000000000008f761                zps_eNwkHandleSceLeave
                0x000000000008f8eb                zps_eNwkHandleSdeActvDcfmData
                0x000000000008f9c2                vMcpsMgrTimeoutExpiry
                0x000000000008fa34                zps_sNwkNibNtCheckJoin
                0x000000000008fcae                zps_vNwkHandleCmeDirectJoinReq
                0x000000000008fd2d                bAplZdoBindUnbindServerProcessApdu
                0x000000000008ffd6                zps_eAplZdoGroupEndpointRemove
                0x000000000009006e                vPDM_ImageBitmapRepair.124965
 *fill*         0x00000000000900cf        0x1 00
 .text          0x00000000000900d0      0xe1c C:\Users\SVEN~1.YAN\AppData\Local\Temp\ccPkmzZT.ltrans11.ltrans.o
                0x0000000000090106                os_vAPP_cbEnableTickTimer
                0x0000000000090186                os_vAPP_cbDisableTickTimer
                0x0000000000090282                eOrphanNotificationSent.147114
                0x00000000000902cb                DBG_vUartInitHardware
                0x0000000000090408                bHasTimerFired.57950
                0x0000000000090472                eHandleRemoveBroadcastEndpointsFromGroup.67751
                0x00000000000904cc                eZCL_SetReceiveEventAddressStructure
                0x000000000009054b                dbg_vPrintfImplNoneVerbose
                0x00000000000909d2                vfExtendedStatusCallBack.3077
                0x00000000000909dd                vHandleZdoLeaveRequest.5578
                0x0000000000090a32                APP_ZCL_cbGeneralCallback.6359
                0x0000000000090abd                DBG_vDumpStack
                0x0000000000090aff                vUnclaimedInterrupt
                0x0000000000090b0c                eCLD_ScenesCountScenes
                0x0000000000090b26                ZPS_bSecDecrypt
                0x0000000000090c38                bWhite_LED_Off
                0x0000000000090c4c                DriverBulb_vInit.part.0.10177
                0x0000000000090d41                bWhite_LED_On
                0x0000000000090d58                vWhiteLightSetLevels
                0x0000000000090dc6                APP_vHandleIdentify
                0x0000000000090e19                eZCL_TimerRegister.part.1.59756.constprop.86
                0x0000000000090e53                eCLD_ScenesRemoveAllScenes
 .text          0x0000000000090eec     0x1176 C:\Users\SVEN~1.YAN\AppData\Local\Temp\ccPkmzZT.ltrans12.ltrans.o
                0x0000000000090eec                zps_eNwkHandleSceLinkStatus
                0x0000000000090fff                vManagePowerOnCountInit
                0x0000000000091075                os_vAPP_vManagePowerOnCount
                0x00000000000910de                vSaveScenesNVM
                0x0000000000091185                zps_vAplSaveRecord
                0x000000000009121e                eCLD_GroupsRemoveAllGroups
                0x00000000000912df                zps_eAplApsmeUnBindReqRsp
                0x0000000000091345                zps_psFindKeyDescr
                0x0000000000091471                zps_eAplSecEncryptPacket
                0x0000000000091563                vHandleJoinedNwk.9597
                0x00000000000915be                zps_vSaveAllZpsRecords
                0x00000000000915de                vAplSecRemoveLinkKey.72833
                0x000000000009165b                ZPS_bNwkNibAddrMapAddEntry
                0x000000000009181b                zps_vAgeRouter
                0x0000000000091873                zps_psAllocateAndFormatMacHdr
                0x0000000000091b2c                zps_psNwkInitCmdFrame
                0x0000000000091cc5                zps_vLinkStatusHandleExpiry
                0x0000000000091d4b                vSendNetworkUpdate.129241
                0x0000000000091e86                zps_vJoinInitNtParent
                0x0000000000091f34                eSmeOrphScanDcfm.141914
                0x0000000000091fac                eCheckAddrConflict.129470
 .text.unlikely
                0x0000000000092062       0x5c C:\Users\SVEN~1.YAN\AppData\Local\Temp\ccPkmzZT.ltrans12.ltrans.o
                0x0000000000092062                vInitUnknownNeighbor.130130
 .text          0x00000000000920be     0x12bd C:\Users\SVEN~1.YAN\AppData\Local\Temp\ccPkmzZT.ltrans13.ltrans.o
                0x00000000000920be                os_bDummyMemberCheck.60601
                0x00000000000920c3                os_vDefaultErrorHook.60597
                0x00000000000920ed                vOSError
                0x00000000000920f0                bCLD_ScenesSearchForScene.24330
                0x0000000000092123                eCLD_OnOffSceneEventHandler.20287
                0x0000000000092148                eCLD_LevelControlSceneEventHandler.18868
                0x000000000009218e                DriverBulb_vSetTunableWhiteColourTemperature
                0x0000000000092191                DriverBulb_vSetColour
                0x0000000000092194                bCLD_ScenesSearchForScene.8519
                0x00000000000921c7                os_vAPP_ButtonsScanTask
                0x00000000000921f7                os_bStrictCheck.1358
                0x00000000000924c7                bCLD_GroupsSearchForGroup.16265
                0x00000000000924ec                pdum_u16WriteNBO
                0x00000000000925ff                PDUM_u16SizeNBO
                0x000000000009265d                PDUM_thAPduInstanceGetApdu
                0x0000000000092678                PDUM_eAPduInstanceSetPayloadSize
                0x00000000000926a0                PDUM_eNPduWriteDataFromBuffer
                0x00000000000926fa                PDUM_eNPduWriteDataToBuffer
                0x0000000000092758                PDUM_eNPduWriteFromBuffer
                0x0000000000092781                PDUM_eNPduDescend
                0x00000000000927a7                PDUM_eNPduAscend
                0x00000000000927cd                PDUM_eNPduClaimData
                0x000000000009283a                PDUM_eNPduClaimHeader
                0x000000000009285d                PDUM_eNPduInitDescending
                0x0000000000092878                OS_eCollectMessage
                0x000000000009293d                OS_eGetSWTimerStatus
                0x000000000009297f                eExpireSWTimer.60610
                0x00000000000929ea                eZCL_SearchForClusterEntry
                0x0000000000092a4e                eZCL_BuildTransmitAddressStructure
                0x0000000000092abb                eZCL_SearchForEPentry
                0x0000000000092aec                vZCL_PassEventToUser
                0x0000000000092b19                eZCL_DoesAttributeHaveReportableChange
                0x0000000000092b36                eZCL_GetAttributeReportableEntry
                0x0000000000092bee                vZCL_AlignNumericAttributeValueTo64.57427
                0x0000000000092cfd                eZCL_BuildClientTransmitAddressStructure
                0x0000000000092d2e                bZCL_CheckManufacturerSpecificAttributeFlagMatch
                0x0000000000092d4c                eZCL_SearchForAttributeEntry
                0x0000000000092dfa                eZCL_GetAttributeTypeSize
                0x0000000000092e19                vZCL_MarkAttributeInvalid
                0x0000000000092ee8                eZCLCheckReportingConfigurationRecord.56814
                0x0000000000092f8b                u8ZCL_GetAttributeAllignToFourBytesBoundary
                0x0000000000092fa0                pvZCL_GetAttributePointer
                0x0000000000093016                vCLD_ScenesGenerateIndividualAttributeCallback
                0x0000000000093070                eZCL_StoreChangeAttributeValue
                0x0000000000093103                u16ZCL_WriteTypeNBO.part.0.41655
                0x0000000000093178                u16ZCL_GetStringStructureSize
                0x00000000000931b5                u16ZCL_GetStringAttributeTypeSizeFromBuffer
                0x0000000000093226                u16ZCL_GetStringSizeAndBufferFromStructure
                0x00000000000932b5                eZCL_GetAttributeTypeSizeFromStructure
                0x000000000009332e                bZCL_SendCommandResponse
                0x000000000009334a                vLI_InitVar.3193
 .text          0x000000000009337b     0x10c0 C:\Users\SVEN~1.YAN\AppData\Local\Temp\ccPkmzZT.ltrans14.ltrans.o
                0x000000000009355f                ZPS_vNwkHandleNlmeReqRsp
                0x00000000000935dc                zps_vAplAfPostEvent
                0x00000000000939df                vPostApsdeDcfmInd.63775
                0x0000000000093be7                zps_vHandleApsdeDataFragIndNotSupported
                0x0000000000093cae                zps_eAplZdoNlmeleaveWrapper
                0x0000000000093d2c                zps_bAplZdoMgmtLeaveServer
                0x0000000000093e9f                zps_eAplZdoPermitJoining
                0x0000000000093ec8                zps_bAplZdoPermitJoiningServer
                0x0000000000093f99                zps_bAplZdoDeviceAnnceServer
                0x00000000000942df                vChangeChannelTimerExpiry.98584
                0x000000000009434e                eLeaveReset.142889
                0x00000000000943c4                eLeaveDataDcfmLocalLeave.142899
 *fill*         0x000000000009443b        0x1 00
 .text          0x000000000009443c     0x1050 C:\Users\SVEN~1.YAN\AppData\Local\Temp\ccPkmzZT.ltrans15.ltrans.o
                0x000000000009443c                vMiniMac_InterruptHandler
                0x00000000000947a5                os_vzps_isrMAC
                0x00000000000947db                eAssocRespSent.146704
                0x00000000000947fa                zps_vNwkHandleCmeSyncReq
                0x000000000009487c                zps_vNwkHandleCmeIdleNwkFormReq
                0x000000000009497c                zps_vNwkHandleCmeNwkDiscReq
                0x00000000000949f6                zps_vNwkHandleCmeEdScanReq
                0x0000000000094ad3                zps_eNwkHandleSmeBeaconNotifyInd
                0x0000000000094b57                zps_eNwkHandleSceNwkReport
                0x0000000000094bd5                zps_vNwkHandleCmeNwkJoinReq
                0x0000000000094e4d                zps_vNwkHandleCmeNwkActvJoinReq
                0x0000000000094e59                eSmeEdScScanDcfm.138895
                0x0000000000094ee9                vHandleRejoinExpiry.141466
                0x0000000000094f47                zps_eRejoinDataDcfm
                0x0000000000094f8b                eSmeRjPCPollDcfm.142070
                0x0000000000094fcc                eSmeAsocAssocDcfm.142074
                0x0000000000095043                eSceRjRsRejoinRsp.142038
                0x00000000000950f8                ZPS_pvNwkCtor.constprop.108
 .text          0x000000000009548c     0x128c C:\Users\SVEN~1.YAN\AppData\Local\Temp\ccPkmzZT.ltrans16.ltrans.o
                0x000000000009548c                zps_vNwkHandleCmeRouteDiscoveryReq
                0x00000000000955e9                zps_vAplApsmeCmdMgrRetryTimeout.67724
                0x0000000000095612                vMiniMac_MlmeCallback
                0x00000000000958ff                vPostFailedAssocDcfm.146698
                0x000000000009591d                ePMICassocReqPollSent.146720
                0x0000000000095aad                vScanBeaconReceived
                0x0000000000095af7                vPostDcfm.147133
                0x0000000000095b66                vScanNextChannel.147139
                0x0000000000095d40                vRunningRxCallback
                0x0000000000096013                ePollReqSent.147283
                0x000000000009605e                ZPS_vNwkResetOutgoingFrameCounter
                0x00000000000960b2                eUnfragmentedUnicastTransmission.66338
                0x000000000009640e                zps_eAplSendApsmeCmdFrame
                0x00000000000965ac                zps_eAplApsmeUpdateDeviceReqRsp.part.4.67889
 .text          0x0000000000096718      0xff0 C:\Users\SVEN~1.YAN\AppData\Local\Temp\ccPkmzZT.ltrans17.ltrans.o
                0x0000000000096718                zps_bAplZdoNwkAddrServer
                0x00000000000968d5                zps_bAplZdoIeeeAddrServer
                0x0000000000096a64                zps_bAplZdoMatchDescServer
                0x0000000000096ab0                vPDM_AddFileSystemElementToListInAscendingWearCountOrder
                0x0000000000096ba7                vPDM_MoveAllDataFromListToList
                0x0000000000096be5                vPDM_MoveAllDataWithBufferIdAndStateFromListToList
                0x0000000000096c70                vPDM_MoveAllDataWithBufferIdFromListToList
                0x0000000000096cf5                vPDM_DeleteAllSegmentsWithIdFromFileSystemList.constprop.76
                0x0000000000096d37                vPDM_MoveFileRecordFromListToList
                0x0000000000096d5a                iPDM_SelectValidFileRecordInstance.124892
                0x0000000000096e46                vPDM_MoveRecordToDeAllocList
                0x0000000000096e66                boPDM_IsBitmapSaturated.125933
                0x0000000000096eaf                zps_vSendJoinDcfm
                0x0000000000096ef6                vGiveUp.141470
                0x0000000000096f1f                ZPS_bSecEncrypt
                0x00000000000970d5                PDUM_eNPduAllocate
                0x0000000000097144                zps_u8AplApsConstructAndPostLoopBackDataInd.66356
                0x0000000000097298                u8PostUnicastMsgToNHLE.66364
                0x00000000000972d1                PDUM_eNPduClone
                0x000000000009731d                PDUM_eNPduFree
                0x000000000009738a                vPostVsMcpsDcfmInd.80625
                0x0000000000097453                zps_vNwkMcpsMgrFreeReqDescr
                0x000000000009747d                zps_vNwkRemoveConflictedBroadcast
                0x00000000000974cf                vFreePendingReqDescr
                0x0000000000097510                vHandleRouteDiscoveryExpiry.133971
                0x000000000009756b                zps_vNwkMcpsMgrTidyBtrReqDescr
                0x00000000000975ae                vNwkBttTimerExpiry.136467
                0x00000000000976cc                hZCL_AllocateAPduInstance
 .text          0x0000000000097708      0xf5c C:\Users\SVEN~1.YAN\AppData\Local\Temp\ccPkmzZT.ltrans18.ltrans.o
                0x0000000000097708                zps_vAplApsPollTimer
                0x000000000009776a                vAplSecAuthPollTimerExpiry.72723
                0x00000000000977c2                vAplSecAuthTimerExpiry.72719
                0x0000000000097892                eRejoinNetwork.72755.constprop.101
                0x000000000009792e                eJoinNetwork.72781
                0x0000000000097a94                eDiscoverNetworks.72788
                0x0000000000097c71                vEZ_EZModeNWKJoinHandler
                0x0000000000097fc2                eStartNetworkDiscovery.72795
                0x000000000009802c                zps_eAplZdoStartStack
                0x0000000000098134                eStartRouter.72805
                0x0000000000098203                vPostApsmeDcfmInd.63768
 .text          0x0000000000098664      0xf8d C:\Users\SVEN~1.YAN\AppData\Local\Temp\ccPkmzZT.ltrans19.ltrans.o
                0x0000000000098664                zps_bAplZdoMgmtBindServer
                0x0000000000098868                zps_eZdpNodeDescResponse
                0x0000000000098910                zps_eZdpPowerDescResponse
                0x00000000000989ad                zps_eZdpSimpleDescResponse
                0x0000000000098aba                zps_eZdpActiveEpResponse
                0x0000000000098b50                zps_eZdpMatchDescResponse
                0x0000000000098be6                zps_eZdpSystemServerDiscoveryResponse
                0x0000000000098c55                zps_eAplZdpMgmtLqiResponse
                0x0000000000098d3d                zps_bAplZdoDefaultServer
                0x0000000000098fb8                zps_eZdpIeeeAddrResponse
                0x000000000009909b                zps_eAplZdpMgmtRtgResponse
                0x0000000000099214                zps_eZdpNwkAddrResponse
                0x00000000000992f7                zps_bAplZdoMgmtNWKUpdateServer
 *fill*         0x00000000000995f1        0x3 00
 .text          0x00000000000995f4      0xdc8 C:\Users\SVEN~1.YAN\AppData\Local\Temp\ccPkmzZT.ltrans20.ltrans.o
                0x00000000000996af                vZdoBdrmSendNextTimedRequest
                0x0000000000099938                zps_bAplZdoBindUnbindServer
                0x0000000000099a78                eZCL_TransmitDataRequest
                0x0000000000099eae                eZCL_SendDefaultResponse
                0x0000000000099fad                vReportTimerClickCallback
 .text          0x000000000009a3bc      0xd34 C:\Users\SVEN~1.YAN\AppData\Local\Temp\ccPkmzZT.ltrans21.ltrans.o
                0x000000000009a3bc                eCLD_ScenesCommandHandler
                0x000000000009afe2                eCLD_IdentifyCommandHandler
 .text          0x000000000009b0f0      0xc40 C:\Users\SVEN~1.YAN\AppData\Local\Temp\ccPkmzZT.ltrans22.ltrans.o
                0x000000000009b0f0                vZCL_HandleAttributesWriteRequest
                0x000000000009b580                eZCL_CustomCommandReceive
                0x000000000009b718                eCLD_LevelControlCommandHandler
                0x000000000009ba14                eCLD_OnOffCommandHandler
                0x000000000009bb32                vZCL_HandleAttributesReadResponse
 .text          0x000000000009bd30      0xe58 C:\Users\SVEN~1.YAN\AppData\Local\Temp\ccPkmzZT.ltrans23.ltrans.o
                0x000000000009bd30                vMcpsMgrExpiry.130118
                0x000000000009bd90                APP_ZCL_cbEndpointCallback.6356
                0x000000000009c062                ZPS_vNwkHandleMcpsVsDcfmInd
 .text          0x000000000009cb88      0xcb0 C:\Users\SVEN~1.YAN\AppData\Local\Temp\ccPkmzZT.ltrans24.ltrans.o
                0x000000000009cd7b                vPostNldeDcfmInd.63782
                0x000000000009d7fa                vStartScanTimerExpiry.98588
 .text          0x000000000009d838      0xb37 C:\Users\SVEN~1.YAN\AppData\Local\Temp\ccPkmzZT.ltrans25.ltrans.o
                0x000000000009d838                vDLISTaddToHead
                0x000000000009d861                vDLISTaddToTail
                0x000000000009d884                psDLISTremove
                0x000000000009d8e6                eZCLAddReport.part.1.56820
                0x000000000009da4d                iPDM_SearchForBufferIdInList
                0x000000000009da82                iPDM_SearchForBufferIdInFileSystem
                0x000000000009da95                iPDM_GetLengthOfDataInBufferWithIdFromFileSystem
                0x000000000009daf1                iPDM_SearchForSpecificSegmentInList
                0x000000000009db23                psGetTxFrameBuffer
                0x000000000009db5c                psGetAndBuildCoordRealignment
                0x000000000009dbb4                iPDM_ReadUserDataFromEEPROMsegment
                0x000000000009dc30                iPDM_ReCalculateWearCountAndChecksumAndWriteFileSystemHeader
                0x000000000009dc7a                vPDM_SetEEPROMandFileSystemValidState
                0x000000000009dca1                iPDM_ReadUserDataFromFileSystemRecord
                0x000000000009dccb                iPDM_ReadUserDataFromSegmentWithId
                0x000000000009dd00                vPDM_WriteFileSystemRecordAndSegmentDataIntoEEPROMsegment
                0x000000000009dd44                MAC_vPibSetRxOnWhenIdle.constprop.110
                0x000000000009dd4e                vMiniMac_Init
                0x000000000009e054                eTransmit
                0x000000000009e131                eBuildAndSend.147122
                0x000000000009e1a6                vPostTxActions.146432
                0x000000000009e1e3                vMiniMac_TxComplete
                0x000000000009e275                vStartTransmit.146439
 *fill*         0x000000000009e36f        0x1 00
 .text          0x000000000009e370      0x9b0 C:\Users\SVEN~1.YAN\AppData\Local\Temp\ccPkmzZT.ltrans26.ltrans.o
                0x000000000009e370                os_vZCL_Task
                0x000000000009e3a2                eZCL_CustomCommandSend.constprop.21
                0x000000000009e883                eCLD_GroupsCommandHandler
 .text          0x000000000009ed20      0x994 C:\Users\SVEN~1.YAN\AppData\Local\Temp\ccPkmzZT.ltrans27.ltrans.o
                0x000000000009ed20                os_vzps_taskZPS
                0x000000000009eee4                ZPS_vAplHandleApsdeReqRsp
                0x000000000009f304                zps_eAplZdpApsdeReqInternal
                0x000000000009f3f3                vEnablePermitJoin
                0x000000000009f45d                os_vAPP_AgeOutChildren
                0x000000000009f630                zps_eAplZdpBindResponse
                0x000000000009f651                zps_eZdpUnbindResponse
                0x000000000009f672                zps_eZdpMgmtLeaveResponse
                0x000000000009f693                zps_eZdpMgmtPermitJoiningResponse
 *fill*         0x000000000009f6b4        0x0 00
 .text          0x000000000009f6b4      0x6e0 C:\Users\SVEN~1.YAN\AppData\Local\Temp\ccPkmzZT.ltrans28.ltrans.o
                0x000000000009f6b4                vPostNlmeDcfmInd.63761
 .text          0x000000000009fd94      0x71c C:\Users\SVEN~1.YAN\AppData\Local\Temp\ccPkmzZT.ltrans29.ltrans.o
                0x000000000009fd94                os_vTick_Task
 .text          0x00000000000a04b0      0x56a C:\Users\SVEN~1.YAN\AppData\Local\Temp\ccPkmzZT.ltrans30.ltrans.o
                0x00000000000a04b0                AppWarmStart
                0x00000000000a04bb                AppColdStart
                0x00000000000a0830                os_vUnclaimedInterrupt
                0x00000000000a0842                os_vControlledIntCheck
                0x00000000000a0887                os_vControlledInterrupt
                0x00000000000a08c0                os_vvISR_SystemController
                0x00000000000a08cb                os_vvISR_Timer4
                0x00000000000a08da                os_vvISR_Timer3
                0x00000000000a08e9                os_vAPP_isrIllegalInstruction
                0x00000000000a08f6                os_vAPP_isrAlignmentException
                0x00000000000a0903                os_vAPP_isrBusErrorException
                0x00000000000a0910                os_vAPP_isrUnimplementedModuleException
                0x00000000000a091d                os_vAPP_isrStackOverflowException
                0x00000000000a092a                os_vAPP_isrTickTimer
 .text          0x00000000000a0a1a      0x218 C:\Users\SVEN~1.YAN\AppData\Local\Temp\ccPkmzZT.ltrans31.ltrans.o
                0x00000000000a0b22                zps_bAplZdoZdoClient
 .text          0x00000000000a0c32       0x25 c:/nxp/bstudio_nxp/sdk/tools/ba-elf-ba2-r36379/bin/../lib/gcc/ba-elf/4.7.4/../../../../ba-elf/lib/mcpu_jn51xx_sizeopt\libc.a(lib_a-memcmp.o)
                0x00000000000a0c32                memcmp
 .text          0x00000000000a0c57       0x19 c:/nxp/bstudio_nxp/sdk/tools/ba-elf-ba2-r36379/bin/../lib/gcc/ba-elf/4.7.4/../../../../ba-elf/lib/mcpu_jn51xx_sizeopt\libc.a(lib_a-memcpy.o)
 .text          0x00000000000a0c70       0x12 c:/nxp/bstudio_nxp/sdk/tools/ba-elf-ba2-r36379/bin/../lib/gcc/ba-elf/4.7.4/../../../../ba-elf/lib/mcpu_jn51xx_sizeopt\libc.a(lib_a-memset.o)
                0x00000000000a0c70                memset
 .text          0x00000000000a0c82       0x12 c:/nxp/bstudio_nxp/sdk/tools/ba-elf-ba2-r36379/bin/../lib/gcc/ba-elf/4.7.4/../../../../ba-elf/lib/mcpu_jn51xx_sizeopt\libc.a(lib_a-strlen.o)
                0x00000000000a0c82                strlen
 .text          0x00000000000a0c94       0x2b c:/nxp/bstudio_nxp/sdk/tools/ba-elf-ba2-r36379/bin/../lib/gcc/ba-elf/4.7.4/../../../../ba-elf/lib/mcpu_jn51xx_sizeopt\libc.a(lib_a-strncpy.o)
                0x00000000000a0c94                strncpy
 *fill*         0x00000000000a0cbf        0x1 00
 .text          0x00000000000a0cc0      0x204 c:/nxp/bstudio_nxp/sdk/tools/ba-elf-ba2-r36379/bin/../lib/gcc/ba-elf/4.7.4/mcpu_jn51xx_sizeopt\libgcc.a(__udivsi3.o)
                0x00000000000a0cc0                __udivsi3
 .text          0x00000000000a0ec4       0x30 c:/nxp/bstudio_nxp/sdk/tools/ba-elf-ba2-r36379/bin/../lib/gcc/ba-elf/4.7.4/mcpu_jn51xx_sizeopt\libgcc.a(__divsi3.o)
                0x00000000000a0ec4                __divsi3
 .text          0x00000000000a0ef4      0x1b0 c:/nxp/bstudio_nxp/sdk/tools/ba-elf-ba2-r36379/bin/../lib/gcc/ba-elf/4.7.4/mcpu_jn51xx_sizeopt\libgcc.a(__umodsi3.o)
                0x00000000000a0ef4                __umodsi3
 .text          0x00000000000a10a4       0x24 c:/nxp/bstudio_nxp/sdk/tools/ba-elf-ba2-r36379/bin/../lib/gcc/ba-elf/4.7.4/mcpu_jn51xx_sizeopt\libgcc.a(__modsi3.o)
                0x00000000000a10a4                __modsi3
 .text          0x00000000000a10c8      0x3bd c:/nxp/bstudio_nxp/sdk/tools/ba-elf-ba2-r36379/bin/../lib/gcc/ba-elf/4.7.4/mcpu_jn51xx_sizeopt\libgcc.a(_divdi3.o)
                0x00000000000a10c8                __divdi3
 .text          0x00000000000a1485      0x350 c:/nxp/bstudio_nxp/sdk/tools/ba-elf-ba2-r36379/bin/../lib/gcc/ba-elf/4.7.4/mcpu_jn51xx_sizeopt\libgcc.a(_udivdi3.o)
                0x00000000000a1485                __udivdi3
 *fill*         0x00000000000a17d5        0x3 00
 .text          0x00000000000a17d8      0x1d0 c:/NXP/bstudio_nxp/workspace/JN-AN-1189-ZigBee-HA-Demo1v9_WPI/DimmableLight/Build/os_irq.o
                0x00000000000a17d8                os_ExternalException_W
                0x00000000000a181c                os_PIC_ChannelPriorities
                0x00000000000a182c                os_OSMIUM_HwVectTable
                0x00000000000a1868                os_PIC_SwVectTable
 .text          0x00000000000a19a8       0x29 c:/NXP/bstudio_nxp/workspace/JN-AN-1189-ZigBee-HA-Demo1v9_WPI/DimmableLight/Build/os_irq_alignment.o
                0x00000000000a19a8                IRQ_Alignment
 .text          0x00000000000a19d1       0x29 c:/NXP/bstudio_nxp/workspace/JN-AN-1189-ZigBee-HA-Demo1v9_WPI/DimmableLight/Build/os_irq_buserror.o
                0x00000000000a19d1                IRQ_BusError
 .text          0x00000000000a19fa       0x29 c:/NXP/bstudio_nxp/workspace/JN-AN-1189-ZigBee-HA-Demo1v9_WPI/DimmableLight/Build/os_irq_illegalinstruction.o
                0x00000000000a19fa                IRQ_IllegalInstruction
 .text          0x00000000000a1a23       0x29 c:/NXP/bstudio_nxp/workspace/JN-AN-1189-ZigBee-HA-Demo1v9_WPI/DimmableLight/Build/os_irq_stackoverflowexception.o
                0x00000000000a1a23                IRQ_StackOverflowException
 .text          0x00000000000a1a4c       0x29 c:/NXP/bstudio_nxp/workspace/JN-AN-1189-ZigBee-HA-Demo1v9_WPI/DimmableLight/Build/os_irq_unimplementedmodule.o
                0x00000000000a1a4c                IRQ_UnimplementedModule
 *fill*         0x00000000000a1a75        0x3 00
 .text          0x00000000000a1a78       0xc0 c:/NXP/bstudio_nxp/sdk/JN-SW-4168/Components/Library\libOS_JN516x.a(os_contirq_JN516x.o)
                0x00000000000a1a78                os_ExternalException_R
                0x00000000000a1aa8                os_CFunc_W
                0x00000000000a1af8                os_UnclaimedException_W
                0x00000000000a1b18                os_UnclaimedInterrupt_W
 .text          0x00000000000a1b38       0x48 c:/NXP/bstudio_nxp/sdk/JN-SW-4168/Components/Library\libPWRM_JN516x.a(pwrm_setjmp_JN516x.o)
                0x00000000000a1b38                setjmp
                0x00000000000a1b5c                PWRM_longjmp
 .text          0x00000000000a1b80       0x27 c:/NXP/bstudio_nxp/sdk/JN-SW-4168/Components/Library\libHardwareApi_JN516x.a(AHI_Interrupt.o)
                0x00000000000a1b80                vAHI_InterruptSetPriority
                0x00000000000a1b9e                vAHI_InterruptSetActivePriorityLevel
 .text.vMicroSyscall
                0x00000000000a1ba7       0x17 c:/NXP/bstudio_nxp/sdk/JN-SW-4168/Components/Library\libMicroSpecific_JN516x.a(MicroSyscall_ba.o)
                0x00000000000a1ba7                vMicroSyscall
 .text          0x00000000000a1bbe        0x0 c:/NXP/bstudio_nxp/sdk/JN-SW-4168/Components/Library\libOS_JN516x.a(os_version_lc.o)
                0x00000000000a1bbe                OS_Version_1v2
 .text          0x00000000000a1bbe        0x0 c:/NXP/bstudio_nxp/sdk/JN-SW-4168/Components/Library\libZPSAPL_JN516x.a(zps_apl_version_lc.o)
                0x00000000000a1bbe                ZPS_APL_Version_2v0
 .text          0x00000000000a1bbe        0x0 c:/NXP/bstudio_nxp/sdk/JN-SW-4168/Components/Library\libZPSNWK_JN516x.a(zps_nwk_version_lc.o)
                0x00000000000a1bbe                ZPS_NWK_Version_2v0
                0x00000000000a1bbe                _flash_end = ABSOLUTE (.)

.rela.dyn       0x00000000000a1bc0        0x0
 .rela.text     0x0000000000000000        0x0 c:/NXP/bstudio_nxp/workspace/JN-AN-1189-ZigBee-HA-Demo1v9_WPI/DimmableLight/Build/os_irq.o
 .rela.data     0x0000000000000000        0x0 c:/NXP/bstudio_nxp/workspace/JN-AN-1189-ZigBee-HA-Demo1v9_WPI/DimmableLight/Build/os_irq.o
 .rela.rodata   0x0000000000000000        0x0 c:/NXP/bstudio_nxp/workspace/JN-AN-1189-ZigBee-HA-Demo1v9_WPI/DimmableLight/Build/os_irq.o
                0x000000000400004c                . = ORIGIN (ram)

.data           0x000000000400004c      0x784 load address 0x00000000000a1bc0
                0x000000000400004c                _ram_data_start = ABSOLUTE (.)
 *(.data*)
 .data          0x000000000400004c       0xc0 C:\Users\SVEN~1.YAN\AppData\Local\Temp\ccPkmzZT.ltrans0.ltrans.o
                0x000000000400004c                u32DefaultChannelMask.10146
                0x0000000004000050                u8MiniMacConfig_MaxConcurrentAssocResponses
 .data          0x000000000400010c        0x4 C:\Users\SVEN~1.YAN\AppData\Local\Temp\ccPkmzZT.ltrans3.ltrans.o
                0x000000000400010c                u32HeapStart
 .data          0x0000000004000110        0xa C:\Users\SVEN~1.YAN\AppData\Local\Temp\ccPkmzZT.ltrans5.ltrans.o
                0x0000000004000110                u16ActiveEDAddress.7651
 .data          0x000000000400011a        0x2 C:\Users\SVEN~1.YAN\AppData\Local\Temp\ccPkmzZT.ltrans6.ltrans.o
 .data          0x000000000400011c        0x4 C:\Users\SVEN~1.YAN\AppData\Local\Temp\ccPkmzZT.ltrans10.ltrans.o
 .data          0x0000000004000120        0x1 C:\Users\SVEN~1.YAN\AppData\Local\Temp\ccPkmzZT.ltrans11.ltrans.o
 *fill*         0x0000000004000121        0x3 00
 .data          0x0000000004000124       0xa4 C:\Users\SVEN~1.YAN\AppData\Local\Temp\ccPkmzZT.ltrans13.ltrans.o
                0x0000000004000124                s_asapduZCLInstances
                0x000000000400019c                s_asapduZDPInstances
 .data          0x00000000040001c8        0x4 C:\Users\SVEN~1.YAN\AppData\Local\Temp\ccPkmzZT.ltrans17.ltrans.o
                0x00000000040001c8                bCanLoopback.66577
 .data          0x00000000040001cc        0x1 C:\Users\SVEN~1.YAN\AppData\Local\Temp\ccPkmzZT.ltrans27.ltrans.o
 *fill*         0x00000000040001cd        0x3 00
 .data          0x00000000040001d0        0xc C:\Users\SVEN~1.YAN\AppData\Local\Temp\ccPkmzZT.ltrans29.ltrans.o
 *fill*         0x00000000040001dc        0x4 00
 .data          0x00000000040001e0      0x5d8 C:\Users\SVEN~1.YAN\AppData\Local\Temp\ccPkmzZT.ltrans30.ltrans.o
                0x00000000040001e0                os_Mutex_mutexMAC
                0x00000000040001e8                os_Mutex_mutexZPS
                0x00000000040001f0                s_sApl.2860
                0x000000000400033c                os_SWTimer_APP_cntrTickTimer_APP_TickTimer
                0x0000000004000358                os_Message_APP_msgZpsEvents
                0x000000000400037c                os_Message_APP_msgEvents
                0x00000000040003a0                os_Message_APP_msgPOREvents
                0x00000000040003c4                os_SWTimer_APP_cntrTickTimer_APP_JoinTimer
                0x00000000040003e0                os_SWTimer_APP_cntrTickTimer_APP_BackOffTimer
                0x00000000040003fc                os_SWTimer_APP_cntrTickTimer_APP_StartUPTimer
                0x0000000004000418                os_Message_APP_msgZpsEvents_ZCL
                0x000000000400043c                os_SWTimer_APP_cntrTickTimer_APP_RadioRecalTimer
                0x0000000004000458                os_SWTimer_APP_cntrTickTimer_APP_AgeOutChildrenTmr
                0x0000000004000474                os_Message_zps_msgMlmeDcfmInd
                0x0000000004000498                os_Message_zps_msgTimeEvents
                0x00000000040004bc                os_Message_zps_msgMcpsDcfmInd
                0x00000000040004e0                os_SWTimer_APP_cntrTickTimer_APP_PowerOnCountTimer
                0x00000000040004fc                os_Task_Tick_Task
                0x0000000004000508                os_Task_APP_ZPR_Light_Task
                0x0000000004000514                os_Task_ZCL_Task
                0x0000000004000520                os_Task_APP_RadioRecal
                0x000000000400052c                os_Task_APP_AgeOutChildren
                0x0000000004000538                os_Task_zps_taskZPS
                0x0000000004000544                os_Task_APP_ButtonsScanTask
                0x0000000004000550                os_Task_APP_vManagePowerOnCount
                0x000000000400055c                u8AhiBaudRate.126400
                0x000000000400055d                bFirstCalled.3122.10226
                0x0000000004000560                sLI_Vars.3220
                0x00000000040005a0                s_prbMemberCheck.60717
                0x00000000040005a4                s_prvErrorHook.60715
 .data.s_asAPduPool
                0x00000000040007b8       0x18 c:/NXP/bstudio_nxp/workspace/JN-AN-1189-ZigBee-HA-Demo1v9_WPI/DimmableLight/Build/pdum_apdu.o
                0x00000000040007b8                pdum_apduZDP
                0x00000000040007b8                s_asAPduPool
                0x00000000040007c4                pdum_apduZCL
 *(.data.*)
                0x00000000040007d0                . = ALIGN (0x4)
                0x00000000040007d0                _ram_data_end = ABSOLUTE (.)

.bss            0x00000000040007d0     0x39a8 load address 0x00000000000a2344
                0x00000000040007d0                _bss_start = ABSOLUTE (.)
 *(.bss*)
 .bss           0x00000000040007d0     0x1118 C:\Users\SVEN~1.YAN\AppData\Local\Temp\ccPkmzZT.ltrans0.ltrans.o
                0x00000000040007d0                gu16NumberOfSegments.149608
                0x00000000040007d4                psPDM_Common
                0x00000000040007d8                u8MaxNpdu.60991
                0x00000000040007d9                u8Count.60990
                0x00000000040007dc                s_psNPduPoolEnd.60993
                0x00000000040007e0                s_psNPduPoolStart.60992
                0x00000000040007e4                s_psFreeListHead.60989
                0x00000000040007e8                s_hMutex.60988
                0x00000000040007ec                s_hMutex.61108
                0x00000000040007f0                s_asAPduPool.61107
                0x00000000040007f4                pfExtendedStatusCallBack.128767
                0x00000000040007f8                sPowerOnCounts.3936
                0x00000000040007fc                sScenesCustomData.8538
                0x000000000400093c                s_u32x.124072
                0x0000000004000940                s_prExpireFn.150798
                0x0000000004000944                s_hMutex.150797
                0x0000000004000948                pvRxStore
                0x000000000400094c                pvTxStore
                0x0000000004000950                g_pvAplHandle
                0x0000000004000954                s_hMacMutex
                0x0000000004000958                s_sDcfmIndMgr.150515
                0x0000000004000960                prAppMcpsGetBuffer
                0x0000000004000964                prAppMlmeGetBuffer
                0x0000000004000968                prAppMcpsCallback
                0x000000000400096c                prAppMlmeCallback
                0x0000000004000970                u8MiniMac_RunTimeOptions
                0x0000000004000974                psFreeMsgListHead
                0x0000000004000978                sBeaconFilter.10142
                0x0000000004000980                prvZdoLeaveActionDecider
                0x0000000004000984                s_groupTablePdmStorage.3007
 .bss           0x00000000040018e8       0x40 C:\Users\SVEN~1.YAN\AppData\Local\Temp\ccPkmzZT.ltrans1.ltrans.o
 .bss           0x0000000004001928       0x18 C:\Users\SVEN~1.YAN\AppData\Local\Temp\ccPkmzZT.ltrans3.ltrans.o
 .bss           0x0000000004001940        0x4 C:\Users\SVEN~1.YAN\AppData\Local\Temp\ccPkmzZT.ltrans5.ltrans.o
                0x0000000004001940                sDeviceDesc
 .bss           0x0000000004001944        0x8 C:\Users\SVEN~1.YAN\AppData\Local\Temp\ccPkmzZT.ltrans6.ltrans.o
                0x0000000004001944                s_psCurrentTask.60711
 .bss           0x000000000400194c        0xc C:\Users\SVEN~1.YAN\AppData\Local\Temp\ccPkmzZT.ltrans7.ltrans.o
                0x000000000400194c                a16NwkPdmRecordSizes
 .bss           0x0000000004001958        0x1 C:\Users\SVEN~1.YAN\AppData\Local\Temp\ccPkmzZT.ltrans8.ltrans.o
                0x0000000004001958                u8ScanBeaconsSeen.150551
 .bss           0x0000000004001959        0x1 C:\Users\SVEN~1.YAN\AppData\Local\Temp\ccPkmzZT.ltrans9.ltrans.o
 .bss           0x000000000400195a        0x1 C:\Users\SVEN~1.YAN\AppData\Local\Temp\ccPkmzZT.ltrans10.ltrans.o
                0x000000000400195a                bIgnoreBroadcast
 *fill*         0x000000000400195b        0x1 00
 .bss           0x000000000400195c       0x20 C:\Users\SVEN~1.YAN\AppData\Local\Temp\ccPkmzZT.ltrans11.ltrans.o
                0x000000000400195c                gu16PwmLastValue
                0x000000000400195e                au16TimerSettings.148917
                0x0000000004001968                vFlushFn.126344
                0x000000000400196c                vPutchFn.126339
 .bss           0x000000000400197c       0x28 C:\Users\SVEN~1.YAN\AppData\Local\Temp\ccPkmzZT.ltrans12.ltrans.o
                0x000000000400197c                apvAplPdmRecordsAddress
                0x0000000004001994                au16AplPdmRecordsSize
 .bss           0x00000000040019a4      0x51c C:\Users\SVEN~1.YAN\AppData\Local\Temp\ccPkmzZT.ltrans13.ltrans.o
 .bss           0x0000000004001ec0        0x8 C:\Users\SVEN~1.YAN\AppData\Local\Temp\ccPkmzZT.ltrans14.ltrans.o
                0x0000000004001ec0                sThisDeviceMacAddr
 .bss           0x0000000004001ec8       0x98 C:\Users\SVEN~1.YAN\AppData\Local\Temp\ccPkmzZT.ltrans15.ltrans.o