Archive member included because of file (symbol)

c:/NXP/bstudio_nxp/sdk/JN-SW-4168/Components/Library\libOS_JN516x.a(os.o)
                              c:/NXP/bstudio_nxp/workspace/JN-AN-1189-ZigBee-HA-Demo1v9/DimmerSwitch/Build/os_gen.o (symbol from plugin) (os_vStart)
c:/NXP/bstudio_nxp/sdk/JN-SW-4168/Components/Library\libOS_JN516x.a(os_contirq_JN516x.o)
                              c:/NXP/bstudio_nxp/workspace/JN-AN-1189-ZigBee-HA-Demo1v9/DimmerSwitch/Build/os_irq.o (os_UnclaimedException_W)
c:/NXP/bstudio_nxp/sdk/JN-SW-4168/Components/Library\libPWRM_JN516x.a(pwrm.o)
                              c:/NXP/bstudio_nxp/workspace/JN-AN-1189-ZigBee-HA-Demo1v9/DimmerSwitch/Build/app_start_switch.o (symbol from plugin) (PWRM_vInit)
c:/NXP/bstudio_nxp/sdk/JN-SW-4168/Components/Library\libPWRM_JN516x.a(pwrm_setjmp_JN516x.o)
                              pwrm.o (symbol from plugin) (setjmp)
c:/NXP/bstudio_nxp/sdk/JN-SW-4168/Components/Library\libPWRM_JN516x.a(pwrm_cold_start.o)
                              (AppColdStart)
c:/NXP/bstudio_nxp/sdk/JN-SW-4168/Components/Library\libPWRM_JN516x.a(pwrm_warm_start.o)
                              (AppWarmStart)
c:/NXP/bstudio_nxp/sdk/JN-SW-4168/Components/Library\libPDUM_JN516x.a(pdum_nwk.o)
                              c:/NXP/bstudio_nxp/workspace/JN-AN-1189-ZigBee-HA-Demo1v9/DimmerSwitch/Build/pdum_gen.o (symbol from plugin) (pdum_vNPduInit)
c:/NXP/bstudio_nxp/sdk/JN-SW-4168/Components/Library\libPDUM_JN516x.a(pdum_apl.o)
                              c:/NXP/bstudio_nxp/workspace/JN-AN-1189-ZigBee-HA-Demo1v9/DimmerSwitch/Build/appZdpExtraction.o (symbol from plugin) (PDUM_u16APduInstanceReadNBO)
c:/NXP/bstudio_nxp/sdk/JN-SW-4168/Components/Library\libPDUM_JN516x.a(pdum.o)
                              pdum_nwk.o (symbol from plugin) (PDUM_u16SizeNBO)
c:/NXP/bstudio_nxp/sdk/JN-SW-4168/Components/Library\libZPSAPL_JN516x.a(zps_apl_af.o)
                              c:/NXP/bstudio_nxp/workspace/JN-AN-1189-ZigBee-HA-Demo1v9/DimmerSwitch/Build/zha_switch_node.o (symbol from plugin) (ZPS_eAplAfInit)
c:/NXP/bstudio_nxp/sdk/JN-SW-4168/Components/Library\libZPSAPL_JN516x.a(zps_apl_af_apsde.o)
                              c:/NXP/bstudio_nxp/workspace/JN-AN-1189-ZigBee-HA-Demo1v9/DimmerSwitch/Build/zps_gen.o (symbol from plugin) (zps_vHandleApsdeDataFragIndNotSupported)
c:/NXP/bstudio_nxp/sdk/JN-SW-4168/Components/Library\libZPSAPL_JN516x.a(zps_apl_task.o)
                              zps_apl_af_apsde.o (symbol from plugin) (zps_vAplAfPostEvent)
c:/NXP/bstudio_nxp/sdk/JN-SW-4168/Components/Library\libZPSAPL_JN516x.a(zps_apl_apsde.o)
                              zps_apl_task.o (symbol from plugin) (ZPS_vAplRegisterApsdeDcfmIndCallbacks)
c:/NXP/bstudio_nxp/sdk/JN-SW-4168/Components/Library\libZPSAPL_JN516x.a(zps_apl_apsme.o)
                              zps_apl_task.o (symbol from plugin) (ZPS_vAplRegisterApsmeDcfmIndCallbacks)
c:/NXP/bstudio_nxp/sdk/JN-SW-4168/Components/Library\libZPSAPL_JN516x.a(zps_apl_aps_nlde.o)
                              zps_apl_task.o (symbol from plugin) (zps_vAplApsHandleNldeDcfmInd)
c:/NXP/bstudio_nxp/sdk/JN-SW-4168/Components/Library\libZPSAPL_JN516x.a(zps_apl_sec.o)
                              zps_apl_task.o (symbol from plugin) (zps_psFindKeyDescr)
c:/NXP/bstudio_nxp/sdk/JN-SW-4168/Components/Library\libZPSAPL_JN516x.a(zps_apl_aib.o)
                              c:/NXP/bstudio_nxp/workspace/JN-AN-1189-ZigBee-HA-Demo1v9/DimmerSwitch/Build/app_zbp_utilities.o (symbol from plugin) (zps_psAplAibGetAib)
c:/NXP/bstudio_nxp/sdk/JN-SW-4168/Components/Library\libZPSAPL_JN516x.a(zps_apl_zdo_nwkmanager.o)
                              zps_apl_apsme.o (symbol from plugin) (zps_vAplSaveRecord)
c:/NXP/bstudio_nxp/sdk/JN-SW-4168/Components/Library\libZPSAPL_JN516x.a(zps_apl_zdo_handle_zdp_event.o)
                              zps_apl_task.o (symbol from plugin) (zps_bAplZdoHandleZdpEvent)
c:/NXP/bstudio_nxp/sdk/JN-SW-4168/Components/Library\libZPSAPL_JN516x.a(zps_apl_zdo_trust_center.o)
                              zps_apl_sec.o (symbol from plugin) (zps_eAplTrustCenterFindDevice)
c:/NXP/bstudio_nxp/sdk/JN-SW-4168/Components/Library\libZPSAPL_JN516x.a(zps_apl_zdo_common.o)
                              zps_apl_zdo_nwkmanager.o (symbol from plugin) (zps_eAplZdoNlmeleaveWrapper)
c:/NXP/bstudio_nxp/sdk/JN-SW-4168/Components/Library\libZPSAPL_JN516x.a(zps_apl_zdo_group.o)
                              c:/NXP/bstudio_nxp/workspace/JN-AN-1189-ZigBee-HA-Demo1v9/DimmerSwitch/Build/GroupsTableManager.o (symbol from plugin) (zps_eAplZdoGroupEndpointAdd)
c:/NXP/bstudio_nxp/sdk/JN-SW-4168/Components/Library\libZPSAPL_JN516x.a(zps_apl_zdo_default_server.o)
                              c:/NXP/bstudio_nxp/workspace/JN-AN-1189-ZigBee-HA-Demo1v9/DimmerSwitch/Build/zps_gen.o (symbol from plugin) (zps_vAplZdoDefaultServerInit)
c:/NXP/bstudio_nxp/sdk/JN-SW-4168/Components/Library\libZPSAPL_JN516x.a(zps_apl_zdo_bind_manager.o)
[...]
Memory Configuration

Name             Origin             Length             Attributes
flash            0x0000000000080000 0x0000000000040000
ram              0x000000000400004c 0x0000000000007fb4
*default*        0x0000000000000000 0xffffffffffffffff

Linker script and memory map

START GROUP
LOAD c:/NXP/bstudio_nxp/workspace/JN-AN-1189-ZigBee-HA-Demo1v9/DimmerSwitch/Build/os_gen.o
LOAD C:\Users\SVEN~1.YAN\AppData\Local\Temp\cc3IUXp0.ltrans0.ltrans.o
LOAD C:\Users\SVEN~1.YAN\AppData\Local\Temp\cc3IUXp0.ltrans1.ltrans.o
LOAD C:\Users\SVEN~1.YAN\AppData\Local\Temp\cc3IUXp0.ltrans2.ltrans.o
LOAD C:\Users\SVEN~1.YAN\AppData\Local\Temp\cc3IUXp0.ltrans3.ltrans.o
LOAD C:\Users\SVEN~1.YAN\AppData\Local\Temp\cc3IUXp0.ltrans4.ltrans.o
LOAD C:\Users\SVEN~1.YAN\AppData\Local\Temp\cc3IUXp0.ltrans5.ltrans.o
LOAD C:\Users\SVEN~1.YAN\AppData\Local\Temp\cc3IUXp0.ltrans6.ltrans.o
LOAD C:\Users\SVEN~1.YAN\AppData\Local\Temp\cc3IUXp0.ltrans7.ltrans.o
LOAD C:\Users\SVEN~1.YAN\AppData\Local\Temp\cc3IUXp0.ltrans8.ltrans.o
LOAD C:\Users\SVEN~1.YAN\AppData\Local\Temp\cc3IUXp0.ltrans9.ltrans.o
LOAD C:\Users\SVEN~1.YAN\AppData\Local\Temp\cc3IUXp0.ltrans10.ltrans.o
LOAD C:\Users\SVEN~1.YAN\AppData\Local\Temp\cc3IUXp0.ltrans11.ltrans.o
LOAD C:\Users\SVEN~1.YAN\AppData\Local\Temp\cc3IUXp0.ltrans12.ltrans.o
LOAD C:\Users\SVEN~1.YAN\AppData\Local\Temp\cc3IUXp0.ltrans13.ltrans.o
LOAD C:\Users\SVEN~1.YAN\AppData\Local\Temp\cc3IUXp0.ltrans14.ltrans.o
LOAD C:\Users\SVEN~1.YAN\AppData\Local\Temp\cc3IUXp0.ltrans15.ltrans.o
LOAD C:\Users\SVEN~1.YAN\AppData\Local\Temp\cc3IUXp0.ltrans16.ltrans.o
LOAD C:\Users\SVEN~1.YAN\AppData\Local\Temp\cc3IUXp0.ltrans17.ltrans.o
LOAD C:\Users\SVEN~1.YAN\AppData\Local\Temp\cc3IUXp0.ltrans18.ltrans.o
LOAD C:\Users\SVEN~1.YAN\AppData\Local\Temp\cc3IUXp0.ltrans19.ltrans.o
LOAD C:\Users\SVEN~1.YAN\AppData\Local\Temp\cc3IUXp0.ltrans20.ltrans.o
LOAD C:\Users\SVEN~1.YAN\AppData\Local\Temp\cc3IUXp0.ltrans21.ltrans.o
LOAD C:\Users\SVEN~1.YAN\AppData\Local\Temp\cc3IUXp0.ltrans22.ltrans.o
LOAD C:\Users\SVEN~1.YAN\AppData\Local\Temp\cc3IUXp0.ltrans23.ltrans.o
LOAD C:\Users\SVEN~1.YAN\AppData\Local\Temp\cc3IUXp0.ltrans24.ltrans.o
LOAD C:\Users\SVEN~1.YAN\AppData\Local\Temp\cc3IUXp0.ltrans25.ltrans.o
LOAD C:\Users\SVEN~1.YAN\AppData\Local\Temp\cc3IUXp0.ltrans26.ltrans.o
LOAD C:\Users\SVEN~1.YAN\AppData\Local\Temp\cc3IUXp0.ltrans27.ltrans.o
LOAD C:\Users\SVEN~1.YAN\AppData\Local\Temp\cc3IUXp0.ltrans28.ltrans.o
LOAD C:\Users\SVEN~1.YAN\AppData\Local\Temp\cc3IUXp0.ltrans29.ltrans.o
LOAD C:\Users\SVEN~1.YAN\AppData\Local\Temp\cc3IUXp0.ltrans30.ltrans.o
LOAD C:\Users\SVEN~1.YAN\AppData\Local\Temp\cc3IUXp0.ltrans31.ltrans.o
LOAD c:/nxp/bstudio_nxp/sdk/tools/ba-elf-ba2-r36379/bin/../lib/gcc/ba-elf/4.7.4/../../../../ba-elf/lib/mcpu_jn51xx_sizeopt\libc.a
LOAD c:/nxp/bstudio_nxp/sdk/tools/ba-elf-ba2-r36379/bin/../lib/gcc/ba-elf/4.7.4/mcpu_jn51xx_sizeopt\libgcc.a
LOAD c:/nxp/bstudio_nxp/sdk/tools/ba-elf-ba2-r36379/bin/../lib/gcc/ba-elf/4.7.4/../../../../ba-elf/lib/mcpu_jn51xx_sizeopt\libc.a
LOAD c:/NXP/bstudio_nxp/workspace/JN-AN-1189-ZigBee-HA-Demo1v9/DimmerSwitch/Build/os_irq.o
LOAD c:/NXP/bstudio_nxp/workspace/JN-AN-1189-ZigBee-HA-Demo1v9/DimmerSwitch/Build/os_irq_alignment.o
LOAD c:/NXP/bstudio_nxp/workspace/JN-AN-1189-ZigBee-HA-Demo1v9/DimmerSwitch/Build/os_irq_buserror.o
LOAD c:/NXP/bstudio_nxp/workspace/JN-AN-1189-ZigBee-HA-Demo1v9/DimmerSwitch/Build/os_irq_illegalinstruction.o
LOAD c:/NXP/bstudio_nxp/workspace/JN-AN-1189-ZigBee-HA-Demo1v9/DimmerSwitch/Build/os_irq_stackoverflowexception.o
LOAD c:/NXP/bstudio_nxp/workspace/JN-AN-1189-ZigBee-HA-Demo1v9/DimmerSwitch/Build/os_irq_unimplementedmodule.o
LOAD c:/NXP/bstudio_nxp/workspace/JN-AN-1189-ZigBee-HA-Demo1v9/DimmerSwitch/Build/pdum_gen.o
LOAD c:/NXP/bstudio_nxp/workspace/JN-AN-1189-ZigBee-HA-Demo1v9/DimmerSwitch/Build/pdum_apdu.o
LOAD c:/NXP/bstudio_nxp/workspace/JN-AN-1189-ZigBee-HA-Demo1v9/DimmerSwitch/Build/zps_gen.o
LOAD c:/NXP/bstudio_nxp/workspace/JN-AN-1189-ZigBee-HA-Demo1v9/DimmerSwitch/Build/app_exceptions.o
LOAD c:/NXP/bstudio_nxp/workspace/JN-AN-1189-ZigBee-HA-Demo1v9/DimmerSwitch/Build/app_pdm.o
LOAD c:/NXP/bstudio_nxp/workspace/JN-AN-1189-ZigBee-HA-Demo1v9/DimmerSwitch/Build/app_timer_driver.o
LOAD c:/NXP/bstudio_nxp/workspace/JN-AN-1189-ZigBee-HA-Demo1v9/DimmerSwitch/Build/app_start_switch.o
LOAD c:/NXP/bstudio_nxp/workspace/JN-AN-1189-ZigBee-HA-Demo1v9/DimmerSwitch/Build/app_zbp_utilities.o
LOAD c:/NXP/bstudio_nxp/workspace/JN-AN-1189-ZigBee-HA-Demo1v9/DimmerSwitch/Build/App_DimmerSwitch.o
LOAD c:/NXP/bstudio_nxp/workspace/JN-AN-1189-ZigBee-HA-Demo1v9/DimmerSwitch/Build/zha_switch_node.o
LOAD c:/NXP/bstudio_nxp/workspace/JN-AN-1189-ZigBee-HA-Demo1v9/DimmerSwitch/Build/app_zcl_switch_task.o
LOAD c:/NXP/bstudio_nxp/workspace/JN-AN-1189-ZigBee-HA-Demo1v9/DimmerSwitch/Build/app_buttons.o
LOAD c:/NXP/bstudio_nxp/workspace/JN-AN-1189-ZigBee-HA-Demo1v9/DimmerSwitch/Build/app_switch_state_machine.o
LOAD c:/NXP/bstudio_nxp/workspace/JN-AN-1189-ZigBee-HA-Demo1v9/DimmerSwitch/Build/appZpsBeaconHandler.o
LOAD c:/NXP/bstudio_nxp/workspace/JN-AN-1189-ZigBee-HA-Demo1v9/DimmerSwitch/Build/haEzJoin.o
LOAD c:/NXP/bstudio_nxp/workspace/JN-AN-1189-ZigBee-HA-Demo1v9/DimmerSwitch/Build/haEzFindAndBind.o
LOAD c:/NXP/bstudio_nxp/workspace/JN-AN-1189-ZigBee-HA-Demo1v9/DimmerSwitch/Build/haKeys.o
LOAD c:/NXP/bstudio_nxp/workspace/JN-AN-1189-ZigBee-HA-Demo1v9/DimmerSwitch/Build/PingParent.o
LOAD c:/NXP/bstudio_nxp/workspace/JN-AN-1189-ZigBee-HA-Demo1v9/DimmerSwitch/Build/appZdpExtraction.o
LOAD c:/NXP/bstudio_nxp/workspace/JN-AN-1189-ZigBee-HA-Demo1v9/DimmerSwitch/Build/Alarms.o
LOAD c:/NXP/bstudio_nxp/workspace/JN-AN-1189-ZigBee-HA-Demo1v9/DimmerSwitch/Build/AlarmsClientCommands.o
LOAD c:/NXP/bstudio_nxp/workspace/JN-AN-1189-ZigBee-HA-Demo1v9/DimmerSwitch/Build/AlarmsCommandHandler.o
LOAD c:/NXP/bstudio_nxp/workspace/JN-AN-1189-ZigBee-HA-Demo1v9/DimmerSwitch/Build/AlarmsServerCommands.o
LOAD c:/NXP/bstudio_nxp/workspace/JN-AN-1189-ZigBee-HA-Demo1v9/DimmerSwitch/Build/AlarmsTableManager.o
LOAD c:/NXP/bstudio_nxp/workspace/JN-AN-1189-ZigBee-HA-Demo1v9/DimmerSwitch/Build/Basic.o
LOAD c:/NXP/bstudio_nxp/workspace/JN-AN-1189-ZigBee-HA-Demo1v9/DimmerSwitch/Build/BasicClientCommands.o
LOAD c:/NXP/bstudio_nxp/workspace/JN-AN-1189-ZigBee-HA-Demo1v9/DimmerSwitch/Build/BasicCommandHandler.o
LOAD c:/NXP/bstudio_nxp/workspace/JN-AN-1189-ZigBee-HA-Demo1v9/DimmerSwitch/Build/BinaryInputBasic.o
LOAD c:/NXP/bstudio_nxp/workspace/JN-AN-1189-ZigBee-HA-Demo1v9/DimmerSwitch/Build/Commissioning.o
LOAD c:/NXP/bstudio_nxp/workspace/JN-AN-1189-ZigBee-HA-Demo1v9/DimmerSwitch/Build/DeviceTemperatureConfiguration.o
LOAD c:/NXP/bstudio_nxp/workspace/JN-AN-1189-ZigBee-HA-Demo1v9/DimmerSwitch/Build/Diagnostics.o
LOAD c:/NXP/bstudio_nxp/workspace/JN-AN-1189-ZigBee-HA-Demo1v9/DimmerSwitch/Build/DoorLock.o
LOAD c:/NXP/bstudio_nxp/workspace/JN-AN-1189-ZigBee-HA-Demo1v9/DimmerSwitch/Build/DoorLockCommandHandler.o
LOAD c:/NXP/bstudio_nxp/workspace/JN-AN-1189-ZigBee-HA-Demo1v9/DimmerSwitch/Build/DoorLockCommands.o
LOAD c:/NXP/bstudio_nxp/workspace/JN-AN-1189-ZigBee-HA-Demo1v9/DimmerSwitch/Build/ElectricalMeasurement.o
LOAD c:/NXP/bstudio_nxp/workspace/JN-AN-1189-ZigBee-HA-Demo1v9/DimmerSwitch/Build/Groups.o
LOAD c:/NXP/bstudio_nxp/workspace/JN-AN-1189-ZigBee-HA-Demo1v9/DimmerSwitch/Build/GroupsClientCommands.o
LOAD c:/NXP/bstudio_nxp/workspace/JN-AN-1189-ZigBee-HA-Demo1v9/DimmerSwitch/Build/GroupsCommandHandler.o
LOAD c:/NXP/bstudio_nxp/workspace/JN-AN-1189-ZigBee-HA-Demo1v9/DimmerSwitch/Build/GroupsServerCommands.o
LOAD c:/NXP/bstudio_nxp/workspace/JN-AN-1189-ZigBee-HA-Demo1v9/DimmerSwitch/Build/GroupsTableManager.o
LOAD c:/NXP/bstudio_nxp/workspace/JN-AN-1189-ZigBee-HA-Demo1v9/DimmerSwitch/Build/Identify.o
LOAD c:/NXP/bstudio_nxp/workspace/JN-AN-1189-ZigBee-HA-Demo1v9/DimmerSwitch/Build/IdentifyClientCommands.o
LOAD c:/NXP/bstudio_nxp/workspace/JN-AN-1189-ZigBee-HA-Demo1v9/DimmerSwitch/Build/IdentifyCommandHandler.o
LOAD c:/NXP/bstudio_nxp/workspace/JN-AN-1189-ZigBee-HA-Demo1v9/DimmerSwitch/Build/IdentifyServerCommands.o
LOAD c:/NXP/bstudio_nxp/workspace/JN-AN-1189-ZigBee-HA-Demo1v9/DimmerSwitch/Build/LevelControl.o
LOAD c:/NXP/bstudio_nxp/workspace/JN-AN-1189-ZigBee-HA-Demo1v9/DimmerSwitch/Build/LevelControlClientCommands.o
LOAD c:/NXP/bstudio_nxp/workspace/JN-AN-1189-ZigBee-HA-Demo1v9/DimmerSwitch/Build/LevelControlCommandHandler.o
LOAD c:/NXP/bstudio_nxp/workspace/JN-AN-1189-ZigBee-HA-Demo1v9/DimmerSwitch/Build/OOSC.o
LOAD c:/NXP/bstudio_nxp/workspace/JN-AN-1189-ZigBee-HA-Demo1v9/DimmerSwitch/Build/OnOff.o
LOAD c:/NXP/bstudio_nxp/workspace/JN-AN-1189-ZigBee-HA-Demo1v9/DimmerSwitch/Build/OnOffCommandHandler.o
LOAD c:/NXP/bstudio_nxp/workspace/JN-AN-1189-ZigBee-HA-Demo1v9/DimmerSwitch/Build/OnOffCommands.o
LOAD c:/NXP/bstudio_nxp/workspace/JN-AN-1189-ZigBee-HA-Demo1v9/DimmerSwitch/Build/PollControl.o
LOAD c:/NXP/bstudio_nxp/workspace/JN-AN-1189-ZigBee-HA-Demo1v9/DimmerSwitch/Build/PollControlClientCommands.o
LOAD c:/NXP/bstudio_nxp/workspace/JN-AN-1189-ZigBee-HA-Demo1v9/DimmerSwitch/Build/PollControlCommandHandler.o
LOAD c:/NXP/bstudio_nxp/workspace/JN-AN-1189-ZigBee-HA-Demo1v9/DimmerSwitch/Build/PollControlServerCommands.o
LOAD c:/NXP/bstudio_nxp/workspace/JN-AN-1189-ZigBee-HA-Demo1v9/DimmerSwitch/Build/PowerConfiguration.o
LOAD c:/NXP/bstudio_nxp/workspace/JN-AN-1189-ZigBee-HA-Demo1v9/DimmerSwitch/Build/Scenes.o
LOAD c:/NXP/bstudio_nxp/workspace/JN-AN-1189-ZigBee-HA-Demo1v9/DimmerSwitch/Build/ScenesClientCommands.o
LOAD c:/NXP/bstudio_nxp/workspace/JN-AN-1189-ZigBee-HA-Demo1v9/DimmerSwitch/Build/ScenesClusterManagement.o
LOAD c:/NXP/bstudio_nxp/workspace/JN-AN-1189-ZigBee-HA-Demo1v9/DimmerSwitch/Build/ScenesCommandHandler.o
LOAD c:/NXP/bstudio_nxp/workspace/JN-AN-1189-ZigBee-HA-Demo1v9/DimmerSwitch/Build/ScenesServerCommands.o
LOAD c:/NXP/bstudio_nxp/workspace/JN-AN-1189-ZigBee-HA-Demo1v9/DimmerSwitch/Build/ScenesTableManager.o
LOAD c:/NXP/bstudio_nxp/workspace/JN-AN-1189-ZigBee-HA-Demo1v9/DimmerSwitch/Build/TC.o
LOAD c:/NXP/bstudio_nxp/workspace/JN-AN-1189-ZigBee-HA-Demo1v9/DimmerSwitch/Build/Time.o
LOAD c:/NXP/bstudio_nxp/workspace/JN-AN-1189-ZigBee-HA-Demo1v9/DimmerSwitch/Build/BallastConfiguration.o
LOAD c:/NXP/bstudio_nxp/workspace/JN-AN-1189-ZigBee-HA-Demo1v9/DimmerSwitch/Build/ColourControl.o
LOAD c:/NXP/bstudio_nxp/workspace/JN-AN-1189-ZigBee-HA-Demo1v9/DimmerSwitch/Build/ColourControlClientCommands.o
LOAD c:/NXP/bstudio_nxp/workspace/JN-AN-1189-ZigBee-HA-Demo1v9/DimmerSwitch/Build/ColourControlCommandHandler.o
LOAD c:/NXP/bstudio_nxp/workspace/JN-AN-1189-ZigBee-HA-Demo1v9/DimmerSwitch/Build/ColourControlConversions.o
LOAD c:/NXP/bstudio_nxp/workspace/JN-AN-1189-ZigBee-HA-Demo1v9/DimmerSwitch/Build/colour_dimmable_light.o
LOAD c:/NXP/bstudio_nxp/workspace/JN-AN-1189-ZigBee-HA-Demo1v9/DimmerSwitch/Build/colour_dimmer_switch.o
LOAD c:/NXP/bstudio_nxp/workspace/JN-AN-1189-ZigBee-HA-Demo1v9/DimmerSwitch/Build/dimmable_light.o
LOAD c:/NXP/bstudio_nxp/workspace/JN-AN-1189-ZigBee-HA-Demo1v9/DimmerSwitch/Build/dimmer_switch.o
LOAD c:/NXP/bstudio_nxp/workspace/JN-AN-1189-ZigBee-HA-Demo1v9/DimmerSwitch/Build/light_sensor.o
LOAD c:/NXP/bstudio_nxp/workspace/JN-AN-1189-ZigBee-HA-Demo1v9/DimmerSwitch/Build/occupancy_sensor.o
LOAD c:/NXP/bstudio_nxp/workspace/JN-AN-1189-ZigBee-HA-Demo1v9/DimmerSwitch/Build/on_off_light.o
LOAD c:/NXP/bstudio_nxp/workspace/JN-AN-1189-ZigBee-HA-Demo1v9/DimmerSwitch/Build/on_off_light_switch.o
LOAD c:/NXP/bstudio_nxp/workspace/JN-AN-1189-ZigBee-HA-Demo1v9/DimmerSwitch/Build/ha.o
LOAD c:/NXP/bstudio_nxp/workspace/JN-AN-1189-ZigBee-HA-Demo1v9/DimmerSwitch/Build/door_lock.o
LOAD c:/NXP/bstudio_nxp/workspace/JN-AN-1189-ZigBee-HA-Demo1v9/DimmerSwitch/Build/door_lock_controller.o
LOAD c:/NXP/bstudio_nxp/workspace/JN-AN-1189-ZigBee-HA-Demo1v9/DimmerSwitch/Build/on_off_output.o
LOAD c:/NXP/bstudio_nxp/workspace/JN-AN-1189-ZigBee-HA-Demo1v9/DimmerSwitch/Build/on_off_switch.o
LOAD c:/NXP/bstudio_nxp/workspace/JN-AN-1189-ZigBee-HA-Demo1v9/DimmerSwitch/Build/remote_control.o
LOAD c:/NXP/bstudio_nxp/workspace/JN-AN-1189-ZigBee-HA-Demo1v9/DimmerSwitch/Build/simple_sensor.o
LOAD c:/NXP/bstudio_nxp/workspace/JN-AN-1189-ZigBee-HA-Demo1v9/DimmerSwitch/Build/smart_plug.o
LOAD c:/NXP/bstudio_nxp/workspace/JN-AN-1189-ZigBee-HA-Demo1v9/DimmerSwitch/Build/dlist.o
LOAD c:/NXP/bstudio_nxp/workspace/JN-AN-1189-ZigBee-HA-Demo1v9/DimmerSwitch/Build/zcl.o
LOAD c:/NXP/bstudio_nxp/workspace/JN-AN-1189-ZigBee-HA-Demo1v9/DimmerSwitch/Build/zcl_CustomCommandReceive.o
LOAD c:/NXP/bstudio_nxp/workspace/JN-AN-1189-ZigBee-HA-Demo1v9/DimmerSwitch/Build/zcl_CustomCommandSend.o
LOAD c:/NXP/bstudio_nxp/workspace/JN-AN-1189-ZigBee-HA-Demo1v9/DimmerSwitch/Build/zcl_PDUbufferReadWrite.o
LOAD c:/NXP/bstudio_nxp/workspace/JN-AN-1189-ZigBee-HA-Demo1v9/DimmerSwitch/Build/zcl_PDUbufferReadWriteString.o
LOAD c:/NXP/bstudio_nxp/workspace/JN-AN-1189-ZigBee-HA-Demo1v9/DimmerSwitch/Build/zcl_WriteAttributesRequestHandle.o
LOAD c:/NXP/bstudio_nxp/workspace/JN-AN-1189-ZigBee-HA-Demo1v9/DimmerSwitch/Build/zcl_WriteAttributesRequestSend.o
LOAD c:/NXP/bstudio_nxp/workspace/JN-AN-1189-ZigBee-HA-Demo1v9/DimmerSwitch/Build/zcl_WriteAttributesResponseHandle.o
LOAD c:/NXP/bstudio_nxp/workspace/JN-AN-1189-ZigBee-HA-Demo1v9/DimmerSwitch/Build/zcl_attribute.o
LOAD c:/NXP/bstudio_nxp/workspace/JN-AN-1189-ZigBee-HA-Demo1v9/DimmerSwitch/Build/zcl_buffer.o
LOAD c:/NXP/bstudio_nxp/workspace/JN-AN-1189-ZigBee-HA-Demo1v9/DimmerSwitch/Build/zcl_clusterCommand.o
LOAD c:/NXP/bstudio_nxp/workspace/JN-AN-1189-ZigBee-HA-Demo1v9/DimmerSwitch/Build/zcl_command.o
LOAD c:/NXP/bstudio_nxp/workspace/JN-AN-1189-ZigBee-HA-Demo1v9/DimmerSwitch/Build/zcl_configureReportingCommandHandle.o
LOAD c:/NXP/bstudio_nxp/workspace/JN-AN-1189-ZigBee-HA-Demo1v9/DimmerSwitch/Build/zcl_configureReportingCommandSend.o
LOAD c:/NXP/bstudio_nxp/workspace/JN-AN-1189-ZigBee-HA-Demo1v9/DimmerSwitch/Build/zcl_configureReportingResponseHandle.o
LOAD c:/NXP/bstudio_nxp/workspace/JN-AN-1189-ZigBee-HA-Demo1v9/DimmerSwitch/Build/zcl_defaultResponse.o
LOAD c:/NXP/bstudio_nxp/workspace/JN-AN-1189-ZigBee-HA-Demo1v9/DimmerSwitch/Build/zcl_discoverAttributesExtendedRequestHandle.o
LOAD c:/NXP/bstudio_nxp/workspace/JN-AN-1189-ZigBee-HA-Demo1v9/DimmerSwitch/Build/zcl_discoverAttributesExtendedRequestSend.o
LOAD c:/NXP/bstudio_nxp/workspace/JN-AN-1189-ZigBee-HA-Demo1v9/DimmerSwitch/Build/zcl_discoverAttributesExtendedResponseHandle.o
LOAD c:/NXP/bstudio_nxp/workspace/JN-AN-1189-ZigBee-HA-Demo1v9/DimmerSwitch/Build/zcl_discoverAttributesRequestHandle.o
LOAD c:/NXP/bstudio_nxp/workspace/JN-AN-1189-ZigBee-HA-Demo1v9/DimmerSwitch/Build/zcl_discoverAttributesRequestSend.o
LOAD c:/NXP/bstudio_nxp/workspace/JN-AN-1189-ZigBee-HA-Demo1v9/DimmerSwitch/Build/zcl_discoverAttributesResponseHandle.o
LOAD c:/NXP/bstudio_nxp/workspace/JN-AN-1189-ZigBee-HA-Demo1v9/DimmerSwitch/Build/zcl_discoverCommandsRequestHandle.o
LOAD c:/NXP/bstudio_nxp/workspace/JN-AN-1189-ZigBee-HA-Demo1v9/DimmerSwitch/Build/zcl_discoverCommandsRequestSend.o
LOAD c:/NXP/bstudio_nxp/workspace/JN-AN-1189-ZigBee-HA-Demo1v9/DimmerSwitch/Build/zcl_discoverCommandsResponseHandle.o
LOAD c:/NXP/bstudio_nxp/workspace/JN-AN-1189-ZigBee-HA-Demo1v9/DimmerSwitch/Build/zcl_event.o
LOAD c:/NXP/bstudio_nxp/workspace/JN-AN-1189-ZigBee-HA-Demo1v9/DimmerSwitch/Build/zcl_heap.o
LOAD c:/NXP/bstudio_nxp/workspace/JN-AN-1189-ZigBee-HA-Demo1v9/DimmerSwitch/Build/zcl_library_options.o
LOAD c:/NXP/bstudio_nxp/workspace/JN-AN-1189-ZigBee-HA-Demo1v9/DimmerSwitch/Build/zcl_readAttributesRequestHandle.o
LOAD c:/NXP/bstudio_nxp/workspace/JN-AN-1189-ZigBee-HA-Demo1v9/DimmerSwitch/Build/zcl_readAttributesRequestSend.o
LOAD c:/NXP/bstudio_nxp/workspace/JN-AN-1189-ZigBee-HA-Demo1v9/DimmerSwitch/Build/zcl_readAttributesResponseHandle.o
LOAD c:/NXP/bstudio_nxp/workspace/JN-AN-1189-ZigBee-HA-Demo1v9/DimmerSwitch/Build/zcl_readReportingConfigurationCommandHandle.o
LOAD c:/NXP/bstudio_nxp/workspace/JN-AN-1189-ZigBee-HA-Demo1v9/DimmerSwitch/Build/zcl_readReportingConfigurationCommandSend.o
LOAD c:/NXP/bstudio_nxp/workspace/JN-AN-1189-ZigBee-HA-Demo1v9/DimmerSwitch/Build/zcl_readReportingConfigurationResponseHandle.o
LOAD c:/NXP/bstudio_nxp/workspace/JN-AN-1189-ZigBee-HA-Demo1v9/DimmerSwitch/Build/zcl_reportManager.o
LOAD c:/NXP/bstudio_nxp/workspace/JN-AN-1189-ZigBee-HA-Demo1v9/DimmerSwitch/Build/zcl_reportMaths.o
LOAD c:/NXP/bstudio_nxp/workspace/JN-AN-1189-ZigBee-HA-Demo1v9/DimmerSwitch/Build/zcl_reportScheduler.o
LOAD c:/NXP/bstudio_nxp/workspace/JN-AN-1189-ZigBee-HA-Demo1v9/DimmerSwitch/Build/zcl_reportStringHandling.o
LOAD c:/NXP/bstudio_nxp/workspace/JN-AN-1189-ZigBee-HA-Demo1v9/DimmerSwitch/Build/zcl_reportStructure.o
LOAD c:/NXP/bstudio_nxp/workspace/JN-AN-1189-ZigBee-HA-Demo1v9/DimmerSwitch/Build/zcl_search.o
LOAD c:/NXP/bstudio_nxp/workspace/JN-AN-1189-ZigBee-HA-Demo1v9/DimmerSwitch/Build/zcl_timer.o
LOAD c:/NXP/bstudio_nxp/workspace/JN-AN-1189-ZigBee-HA-Demo1v9/DimmerSwitch/Build/zcl_transmit.o
LOAD c:/NXP/bstudio_nxp/sdk/JN-SW-4168/Components/Library\libZPSMAC_Mini_JN516x.a
LOAD c:/NXP/bstudio_nxp/sdk/JN-SW-4168/Components/Library\libOS_JN516x.a
LOAD c:/NXP/bstudio_nxp/sdk/JN-SW-4168/Components/Library\libPWRM_JN516x.a
LOAD c:/NXP/bstudio_nxp/sdk/JN-SW-4168/Components/Library\libZPSTSV_JN516x.a
LOAD c:/NXP/bstudio_nxp/sdk/JN-SW-4168/Components/Library\libAES_SW_JN516x.a
LOAD c:/NXP/bstudio_nxp/sdk/JN-SW-4168/Components/Library\libPDUM_JN516x.a
LOAD c:/NXP/bstudio_nxp/sdk/JN-SW-4168/Components/Library\libZPSAPL_JN516x.a
LOAD c:/NXP/bstudio_nxp/sdk/JN-SW-4168/Components/Library\libRandom_JN516x.a
LOAD c:/NXP/bstudio_nxp/sdk/JN-SW-4168/Components/Library\libPDM_EEPROM_JN516x.a
LOAD c:/NXP/bstudio_nxp/sdk/JN-SW-4168/Components/Library\libDBG_JN516x.a
LOAD c:/NXP/bstudio_nxp/sdk/JN-SW-4168/Components/Library\libZPSNWK_ZED_JN516x.a
LOAD c:/NXP/bstudio_nxp/sdk/JN-SW-4168/Components/Library\libRecal_JN516x.a
LOAD c:/NXP/bstudio_nxp/sdk/JN-SW-4168/Components/Library\libMiniMac_JN516x.a
LOAD c:/NXP/bstudio_nxp/sdk/JN-SW-4168/Components/Library\libMiniMacShim_JN516x.a
LOAD c:/NXP/bstudio_nxp/sdk/JN-SW-4168/Components/Library\libMMAC_JN516x.a
LOAD c:/NXP/bstudio_nxp/sdk/JN-SW-4168/Components/Library\libAes_JN516x.a
LOAD c:/NXP/bstudio_nxp/sdk/JN-SW-4168/Components/Library\libHardwareApi_JN516x.a
LOAD c:/NXP/bstudio_nxp/sdk/JN-SW-4168/Components/Library\libMicroSpecific_JN516x.a
LOAD c:/NXP/bstudio_nxp/sdk/JN-SW-4168/Components/Library\libBoot_JN516x.a
LOAD c:/NXP/bstudio_nxp/sdk/JN-SW-4168/Platform/DK4/Library\libBoardLib_JN516x.a
LOAD c:/nxp/bstudio_nxp/sdk/tools/ba-elf-ba2-r36379/bin/../lib/gcc/ba-elf/4.7.4/../../../../ba-elf/lib/mcpu_jn51xx_sizeopt\libm.a
END GROUP
LOAD c:/nxp/bstudio_nxp/sdk/tools/ba-elf-ba2-r36379/bin/../lib/gcc/ba-elf/4.7.4/../../../../ba-elf/lib/mcpu_jn51xx_sizeopt\libc.a
LOAD c:/nxp/bstudio_nxp/sdk/tools/ba-elf-ba2-r36379/bin/../lib/gcc/ba-elf/4.7.4/mcpu_jn51xx_sizeopt\libgcc.a
LOAD c:/nxp/bstudio_nxp/sdk/tools/ba-elf-ba2-r36379/bin/../lib/gcc/ba-elf/4.7.4/../../../../ba-elf/lib/mcpu_jn51xx_sizeopt\libc.a
                0x00000000000003e8                _minimum_heap_size = 0x3e8
                0x0000000000001964                _stack_size = 0x1964
                0x0000000000080038                _exception_vsr_table = 0x80038
                0x0000000004000000                pSPIflashFncTable = 0x4000000
                0x00000000000003e8                _minimum_heap_size = 0x3e8
                0x0000000000001964                _stack_size = 0x1964
                0x0000000000000044                restore_state = 0x44
                0x000000000000004a                bZSPIWaitWIPClear = 0x4a
                0x0000000000000050                u16ZSPIflashRDID = 0x50
                0x0000000000000056                u8SelectFlashChipType = 0x56
                0x000000000000005c                memcpy = 0x5c
                0x0000000000000066                vBootFlashProg = 0x66
                [0x00000000000003e8]                _minimum_heap_size = DEFINED (_minimum_heap_size)?_minimum_heap_size:0xd16
                0x0000000000000000                _SwConfig = (DEFINED (g_bSWConf_Debug) | (DEFINED (g_bSWConf_AltDebugPort) << 0x1))

.version        0x000000000007fffc        0x4
                0x000000000007fffc        0x4 LONG 0x7030008

.bir            0x0000000000080000       0x10
                0x0000000000080000                _flash_start = ABSOLUTE (.)
                0x0000000000080000                _flash_beg = ABSOLUTE (.)
                0x0000000000080000        0x4 LONG 0x12345678
                0x0000000000080004        0x4 LONG 0x11223344
                0x0000000000080008        0x4 LONG 0x55667788
                0x000000000008000c        0x1 BYTE 0x8
                0x000000000008000d        0x1 BYTE 0x1
                0x000000000008000e        0x2 SHORT 0x0

.flashheader    0x0000000000080010       0x28
                0x0000000000080010        0x4 LONG 0x0
                0x0000000000080014        0x4 LONG 0x0
                0x0000000000080018        0x4 LONG 0x0
                0x000000000008001c        0x2 SHORT 0x0
                0x000000000008001e        0x2 SHORT 0x0 ABSOLUTE (_SwConfig)
                0x0000000000080020                _enc_start = ABSOLUTE (.)
                0x0000000000080020        0x4 LONG 0x1bd3c ABSOLUTE (_image_len)
                0x0000000000080024        0x4 LONG 0x9b530 ABSOLUTE (_flash_data_start)
                0x0000000000080028        0x2 SHORT 0x13 ((ABSOLUTE (_ram_data_start) / 0x4) & 0xffff)
                0x000000000008002a        0x2 SHORT 0x203 ((ABSOLUTE (_ram_data_len) / 0x4) & 0xffff)
                0x000000000008002c        0x2 SHORT 0x216 ((ABSOLUTE (_bss_start) / 0x4) & 0xffff)
                0x000000000008002e        0x2 SHORT 0xfc2 ((ABSOLUTE (_bss_len) / 0x4) & 0xffff)
                0x0000000000080030        0x4 LONG 0x9a5e6 ABSOLUTE (AppWarmStart)
                0x0000000000080034        0x4 LONG 0x9a5f1 ABSOLUTE (AppColdStart)
                0x0000000000000000                _enc_offset = (_enc_start & 0xf)

.ro_mac_address
                0x0000000000080040        0x0
                0x0000000000080040                _FlsMACAddress = ABSOLUTE (.)
 *(.ro_mac_address)
                0x0000000000080040                . = ALIGN (0x10)

.ro_ota_header  0x0000000000080040        0x0
                0x0000000000080040                _FlsOtaHeader = ABSOLUTE (.)
 *(.ro_ota_header)
                0x0000000000080040                . = ALIGN (0x10)

.ro_se_lnkKey   0x0000000000080040        0x0
                0x0000000000080040                _FlsLinkKey = ABSOLUTE (.)
 *(.ro_se_lnkKey)
                0x0000000000080040                . = ALIGN (0x10)

.rodata         0x0000000000080038      0x89c
 *(.rodata*)
 .rodata        0x0000000000080038       0x64 C:\Users\SVEN~1.YAN\AppData\Local\Temp\cc3IUXp0.ltrans0.ltrans.o
                0x0000000000080038                psAplDefaultZLLAPSLinkKey
                0x000000000008003c                g_u32ApsFcSaveCountBitShift
                0x0000000000080040                u8MaxZpsConfigEp
                0x0000000000080041                au8EpMapPresent
                0x0000000000080044                s_groupPdmTable
 .rodata        0x000000000008009c       0x38 C:\Users\SVEN~1.YAN\AppData\Local\Temp\cc3IUXp0.ltrans1.ltrans.o
 .rodata        0x00000000000800d4        0x5 C:\Users\SVEN~1.YAN\AppData\Local\Temp\cc3IUXp0.ltrans2.ltrans.o
 .rodata.str1.1
                0x00000000000800d9        0x9 C:\Users\SVEN~1.YAN\AppData\Local\Temp\cc3IUXp0.ltrans3.ltrans.o
                                         0x21 (size before relaxing)
 .rodata        0x00000000000800e2        0x5 C:\Users\SVEN~1.YAN\AppData\Local\Temp\cc3IUXp0.ltrans4.ltrans.o
 .rodata.str1.1
                0x0000000000000000        0x9 C:\Users\SVEN~1.YAN\AppData\Local\Temp\cc3IUXp0.ltrans5.ltrans.o
                                          0x3 (size before relaxing)
 .rodata.str1.1
                0x0000000000000000        0x9 C:\Users\SVEN~1.YAN\AppData\Local\Temp\cc3IUXp0.ltrans6.ltrans.o
                                         0x14 (size before relaxing)
 .rodata        0x00000000000800e7        0x6 C:\Users\SVEN~1.YAN\AppData\Local\Temp\cc3IUXp0.ltrans6.ltrans.o
 .rodata.str1.1
                0x00000000000800ed       0x11 C:\Users\SVEN~1.YAN\AppData\Local\Temp\cc3IUXp0.ltrans8.ltrans.o
                                         0x20 (size before relaxing)
 *fill*         0x00000000000800fe        0x2 00
 .rodata        0x0000000000080100      0x118 C:\Users\SVEN~1.YAN\AppData\Local\Temp\cc3IUXp0.ltrans9.ltrans.o
                0x0000000000080100                gu32ZCLVersion
                0x0000000000080104                OS_g_u32Version
                0x0000000000080108                PDUM_g_u32Version
                0x000000000008010c                ZPS_g_u32MacVersion
                0x0000000000080110                ZPS_g_u32TsvVersion
 .rodata.str1.1
                0x0000000000080218        0x4 C:\Users\SVEN~1.YAN\AppData\Local\Temp\cc3IUXp0.ltrans11.ltrans.o
                                          0x7 (size before relaxing)
 .rodata.str1.1
                0x000000000008021c       0x34 C:\Users\SVEN~1.YAN\AppData\Local\Temp\cc3IUXp0.ltrans12.ltrans.o
 .rodata        0x0000000000080250        0x8 C:\Users\SVEN~1.YAN\AppData\Local\Temp\cc3IUXp0.ltrans12.ltrans.o
                0x0000000000080250                au32UartAddrOffset
 .rodata        0x0000000000080258       0x10 C:\Users\SVEN~1.YAN\AppData\Local\Temp\cc3IUXp0.ltrans13.ltrans.o
 .rodata.str1.1
                0x0000000000080268       0x11 C:\Users\SVEN~1.YAN\AppData\Local\Temp\cc3IUXp0.ltrans14.ltrans.o
                                         0x23 (size before relaxing)
 .rodata.str1.1
                0x0000000000080279       0x3c C:\Users\SVEN~1.YAN\AppData\Local\Temp\cc3IUXp0.ltrans15.ltrans.o
                                         0x5f (size before relaxing)
 *fill*         0x00000000000802b5        0x3 00
 .rodata        0x00000000000802b8       0x20 C:\Users\SVEN~1.YAN\AppData\Local\Temp\cc3IUXp0.ltrans16.ltrans.o
                0x00000000000802b8                au32NwkPdmRecordOffsets
 .rodata.str1.1
                0x00000000000802d8        0x4 C:\Users\SVEN~1.YAN\AppData\Local\Temp\cc3IUXp0.ltrans19.ltrans.o
                                          0x5 (size before relaxing)
 .rodata        0x00000000000802dc        0x7 C:\Users\SVEN~1.YAN\AppData\Local\Temp\cc3IUXp0.ltrans19.ltrans.o
 .rodata.str1.1
                0x00000000000802e3       0x1b C:\Users\SVEN~1.YAN\AppData\Local\Temp\cc3IUXp0.ltrans20.ltrans.o
                                         0x3d (size before relaxing)
 .rodata.str1.1
                0x00000000000802fe       0x10 C:\Users\SVEN~1.YAN\AppData\Local\Temp\cc3IUXp0.ltrans21.ltrans.o
                                         0x2f (size before relaxing)
 .rodata.str1.1
                0x0000000000000000        0x4 C:\Users\SVEN~1.YAN\AppData\Local\Temp\cc3IUXp0.ltrans22.ltrans.o
 .rodata.str1.1
                0x000000000008030e        0x5 C:\Users\SVEN~1.YAN\AppData\Local\Temp\cc3IUXp0.ltrans25.ltrans.o
                                         0x13 (size before relaxing)
 *fill*         0x0000000000080313        0x1 00
 .rodata        0x0000000000080314      0x174 C:\Users\SVEN~1.YAN\AppData\Local\Temp\cc3IUXp0.ltrans25.ltrans.o
                0x0000000000080314                s_aprActvStHandleCme.130154
                0x000000000008032c                zps_pacNwkFrmStdByteFmt
                0x0000000000080330                zps_pacNwkFrmStdLongFmt
                0x0000000000080334                zps_pacNwkFrmStdHalfFmt
 .rodata        0x0000000000080488       0x18 C:\Users\SVEN~1.YAN\AppData\Local\Temp\cc3IUXp0.ltrans26.ltrans.o
 .rodata.str1.1
                0x0000000000000000        0x3 C:\Users\SVEN~1.YAN\AppData\Local\Temp\cc3IUXp0.ltrans27.ltrans.o
 .rodata        0x00000000000804a0       0x4c C:\Users\SVEN~1.YAN\AppData\Local\Temp\cc3IUXp0.ltrans27.ltrans.o
                0x00000000000804a0                g_u32NwkFcSaveCountBitShift
 .rodata        0x00000000000804ec       0x10 C:\Users\SVEN~1.YAN\AppData\Local\Temp\cc3IUXp0.ltrans28.ltrans.o
                0x00000000000804ec                s_aprIdleStHandleCme.133242
 .rodata.str1.1
                0x0000000000000000        0x1 C:\Users\SVEN~1.YAN\AppData\Local\Temp\cc3IUXp0.ltrans29.ltrans.o
 .rodata        0x00000000000804fc        0x7 C:\Users\SVEN~1.YAN\AppData\Local\Temp\cc3IUXp0.ltrans30.ltrans.o
                0x00000000000804fc                u8MyEndpoint
                0x00000000000804fd                bPingSent
 *fill*         0x0000000000080503        0x1 00
 .rodata        0x0000000000080504      0x3d0 C:\Users\SVEN~1.YAN\AppData\Local\Temp\cc3IUXp0.ltrans31.ltrans.o
                0x0000000000080504                zps_g_pvApl

.text           0x00000000000808d8    0x1ac56
 *(.text*)
 .text          0x00000000000808d8     0x1a00 C:\Users\SVEN~1.YAN\AppData\Local\Temp\cc3IUXp0.ltrans0.ltrans.o
                0x00000000000808d8                vInitialiseApp.3178
                0x00000000000808d8                APP_TIMER_Version_1v0
 .text          0x00000000000822d8     0x1076 C:\Users\SVEN~1.YAN\AppData\Local\Temp\cc3IUXp0.ltrans1.ltrans.o
                0x00000000000822d8                vZdoServersInit.2827
                0x0000000000082457                DBG_iUartGetChar
                0x000000000008250b                eBasicTxCompleteHandler
                0x0000000000082510                vTxRxTimeout.138567
                0x00000000000825db                ZPS_eTsvOpen
                0x00000000000825f5                sEZ_GetDiscEntry.6884
                0x0000000000082636                vSetAddress.4877.constprop.88
                0x00000000000826f1                vMicroIntEnableOnly.constprop.151
                0x000000000008271d                vMiniMac_MLME_SetReq_PanId
                0x000000000008275a                vMiniMac_MLME_SetReq_ShortAddr
                0x0000000000082768                vACI_OptimisedCcmStar.constprop.120
                0x0000000000082953                pvZCL_HeapAlloc.part.0.47513.constprop.62
                0x000000000008298c                vAHI_WakeTimerStart.part.1.141412.constprop.31
                0x00000000000829cd                zps_vNwkBttMgrInit
                0x00000000000829fb                vMiniMac_ReturnTxBufferCallback
                0x0000000000082a0d                vEnableReceive.138572
                0x0000000000082a3d                pvHeap_Alloc
                0x0000000000082a40                vMicroIntRestoreState
                0x0000000000082a4c                vSetChannelAndPower
                0x0000000000082aea                bAHI_WriteEEPROMfixSegmentData
                0x0000000000082b48                bAHI_InitialiseEEPROM
                0x0000000000082b90                vAHI_ReadDataFromEEPROMregister
                0x0000000000082bbd                vAHI_WriteDataIntoEEPROMregister
                0x0000000000082bed                iAHI_WriteDataIntoEEPROMsegment.constprop.133
                0x0000000000082c3b                iPDM_WriteSegmentHeaderDataIntoEEPROMsegment
                0x0000000000082c6a                u8AHI_WakeTimerFiredStatus
                0x0000000000082c7e                vAHI_WakeTimerStop.part.3.141424
                0x0000000000082c9e                vAHI_UartReset.part.4.141178
                0x0000000000082cd6                vAHI_OptimiseWaitStates
                0x0000000000082d22                bAHI_GetClkSource
                0x0000000000082d2f                vAHI_CpuDoze
                0x0000000000082d42                vAHI_SwReset
                0x0000000000082d53                vAHI_DioWakeEnable
                0x0000000000082d73                vAHI_DioSetOutput
                0x0000000000082d87                vGenericLEDSetOutput
                0x0000000000082ddf                vSetThreeLeds.6322
                0x0000000000082e04                vAHI_DioSetDirection
                0x0000000000082e18                bIssueACIcommand
                0x000000000008307a                vTransformKey.isra.0.64588
                0x00000000000830aa                MAC_u64GetExtAddr
                0x00000000000830c5                ZPS_u64NwkNibFindExtAddr
                0x0000000000083170                ZPS_u16NwkNibFindNwkAddr
                0x0000000000083216                psSearchForFrameToSend
                0x0000000000083264                eMiniMac_FrameInProgress
                0x000000000008328f                vRemoveFromTxQueue
                0x00000000000832cb                vAddToTxQueue
                0x0000000000083301                u8GetHeaderSize
                0x0000000000083329                vMiniMac_MLME_SetReq_MinBe
 .text.unlikely
                0x000000000008334e       0xc8 C:\Users\SVEN~1.YAN\AppData\Local\Temp\cc3IUXp0.ltrans1.ltrans.o
                0x0000000000083363                vAHI_MemoryHold.140858
 .text          0x0000000000083416     0x13e3 C:\Users\SVEN~1.YAN\AppData\Local\Temp\cc3IUXp0.ltrans2.ltrans.o
                0x0000000000083416                zps_eNwkHandleSmeOrphanInd
                0x000000000008341d                eSmeASFlBeaconInd.131904
                0x000000000008343f                eSmeUDNTScanDcfm.131362
                0x000000000008345b                vNwkMcpsTimerCallback
                0x0000000000083475                zps_eSceGenlIllegal
                0x000000000008347c                zps_eSmeGenlIllegal
                0x0000000000083483                DBG_vUartFailedAssert
                0x0000000000083487                zps_bAplZdoBindRequestServer
                0x00000000000835b1                psGetVsMcpsBuf.75946
                0x00000000000835ba                psGetMlmeBuf.75932
                0x00000000000835c3                psGetMcpsBuf.75939
                0x00000000000835cc                psGetNlmeBuf.59082
                0x00000000000835d6                psGetNldeBuf.59103
                0x00000000000835e0                psGetApsmeBuf.59089
                0x00000000000835e9                psGetApsdeBuf.59096
                0x00000000000835ef                vLoopbackTimerCallback
                0x000000000008361e                zps_psNwkSlistRemoveFromHead
                0x0000000000083635                zps_psNwkSlistRemove
                0x000000000008366d                zps_bNwkMcpsMgrRemoveDescrFromLists
                0x00000000000836ab                zps_vNwkSlistAddToTail
                0x00000000000836c5                ZPS_bNwkSecHaveNetworkKey
                0x00000000000836f9                ZPS_bNwkSecFindMatSet
                0x0000000000083735                ZPS_u64NwkNibGetMappedIeeeAddr
                0x0000000000083757                ZPS_vNwkSecResetDevice
                0x000000000008379c                ZPS_bNwkNibNtActvMatch
                0x0000000000083854                bCheckNwkAddr
                0x00000000000838a2                ZPS_vSetExtendedStatus
                0x00000000000838b4                zps_psApsApsAllocateDcfmRecord
                0x0000000000083922                zps_u8CalcLinkCost
                0x000000000008395e                ZPS_u8NwkNibNtDiscMatch
                0x0000000000083a42                zps_u64NwkLibFromPayload
                0x0000000000083bdf                eSmeAcScBeaconInd.131912
                0x0000000000083ce7                eSmeUDNTBeaconInd.131888
                0x0000000000083d0a                zps_vNwkLibU64ToPayload
                0x0000000000083d37                zps_eNwkDcfmIndPost
                0x0000000000083d59                zps_psNwkDcfmIndGetBuf
                0x0000000000083d7b                zps_eNwkHandleSmePollDcfm
                0x0000000000083da5                zps_vSendJoinInd
                0x0000000000083e15                eSmeEdScScanDcfm.131892
                0x0000000000083e5e                eSmeGenlScanDcfm.131896
                0x0000000000083ebc                eNldeDataDcfm.127346
                0x0000000000083eec                zps_vSendNwkStatusInd
                0x0000000000083f1c                DBG_vInit
                0x0000000000083f5e                vPDM_ReadBitmapHeader.121177
                0x0000000000083f7d                psSLISTsearch
                0x0000000000083fbd                psSLISTremove
                0x000000000008403b                psSLISTgetNext
                0x000000000008405f                u8PDM_CalculateFileSystemCapacity
                0x000000000008407d                u8PDM_CalculateLargestDataRecordStored
                0x00000000000840ae                bPDM_ImageBitmapRepairCheck
                0x00000000000840d6                u8PDM_ReadSequenceNumber
                0x00000000000840f9                boSegmentNumberDeleteSearchMatch.120755
                0x0000000000084114                u32PDM_ReadFileSystemHeaderWearCount
                0x000000000008412a                boSearchForWearCountSubstitute.121077
                0x0000000000084150                boSearchForWearCountInsertPoint.120326
                0x000000000008416e                vPDM_WriteFileSystemHeaderWearCount
                0x0000000000084180                u8PDM_CalculateSegmentsRequired.part.0.119462
                0x00000000000841ae                RND_u32GetRand256
                0x00000000000841cb                RND_u32GetRand
                0x00000000000841f2                u16CalculateFailedTxCount.91595
                0x000000000008421c                zps_bAplZdoServerHandleConfirmAcks
                0x0000000000084266                zps_bPerformLeaveActionDecider
                0x000000000008427e                vHandleUpdateDeviceIndication.68065
                0x00000000000842a8                u32GetScanChannels.68052
                0x00000000000842d3                bDuplicateCheck.63331
                0x00000000000843c2                bIsBindTableMatch.63056
                0x0000000000084413                eRemoveEntryInBindingTable.63084
                0x0000000000084492                zps_vAplApsFillAndPostApsAck
                0x00000000000844fc                zps_u8AplApsFreeMsgHandle
                0x0000000000084566                bCheckProfile.58941
                0x00000000000845a4                ZPS_bIsGroupPresent
                0x00000000000845dc                PDUM_u16APduInstanceWriteStrNBO
                0x000000000008475b                PDUM_eNPduReadHeaderNBO
                0x00000000000847ae                PDUM_u16APduInstanceReadNBO
 .text          0x00000000000847f9     0x1029 C:\Users\SVEN~1.YAN\AppData\Local\Temp\cc3IUXp0.ltrans3.ltrans.o
                0x00000000000847f9                boIdValueSearchMatch.120330
                0x0000000000084853                iPDM_ReadSegmentHeaderDataFromEEPROMsegment
                0x00000000000848ac                u16PDM_CalculateRecordChecksum
                0x0000000000084957                zps_bAplZdpUnpackResponse
                0x00000000000855da                PWRM_vWakeInterruptCallback
                0x0000000000085626                PWRM_vInit
                0x00000000000856b8                u8ZdoBindUnbindServerUnpackApdu
                0x0000000000085707                ZPS_vNwkNibClearTables
 .text          0x0000000000085822     0x1024 C:\Users\SVEN~1.YAN\AppData\Local\Temp\cc3IUXp0.ltrans4.ltrans.o
                0x0000000000085822                DBG_vUartFlush
                0x000000000008584f                DBG_vUartPutch
                0x0000000000085895                os_u32APP_cbGetTickTimer
                0x000000000008589e                os_bAPP_cbSetTickTimerCompare
                0x00000000000858fa                vRadioToOff
                0x0000000000085917                vStartReceive
                0x0000000000085926                vMiniMac_NextTransaction
                0x0000000000085990                iPDM_FilterDuplicateAppendedSegmentsOnList.121494
                0x00000000000859e6                vDispatch.55915
                0x0000000000085ab8                OS_eStartSWTimer.constprop.145
                0x0000000000085bd7                vWakeCallBack
                0x0000000000085bfa                OS_eContinueSWTimer.constprop.15
                0x0000000000085cf3                OS_eStopSWTimer
                0x0000000000085e16                vStartStopTimer
                0x0000000000085e41                vLoadKeepAliveTime.4884.constprop.42
                0x0000000000085e99                vReloadSleepTimers
                0x0000000000085ec2                vStopAllTimers.4632
                0x0000000000085f21                vDQButtonPress.6536
                0x0000000000085f33                vEZ_Exit
                0x000000000008602a                OS_ePostMessage
                0x0000000000086190                os_vAPP_ButtonsScanTask
                0x0000000000086273                OS_eActivateTask
                0x000000000008630e                vPostMlmeDcfmInd.75935
                0x00000000000863b1                u16ZCL_APduInstanceWriteStringNBO
                0x0000000000086478                u16ZCL_APduInstanceWriteNBO
                0x0000000000086522                u16ZCL_WriteCommandHeader
                0x000000000008659a                u16ZCL_APduInstanceReadNBO
                0x000000000008667f                u16ZCL_ReadCommandHeader.part.0.39978
                0x00000000000866f6                eZCL_GetAttributeTypeSizeFromBuffer
                0x000000000008676d                u16ZCL_APduInstanceReadStringNBO.part.3.37262
 .text          0x0000000000086846     0x11bc C:\Users\SVEN~1.YAN\AppData\Local\Temp\cc3IUXp0.ltrans5.ltrans.o
                0x0000000000086846                zps_eNwkHandleSceNwkUpdate
                0x000000000008686a                zps_vAplAfPostTimerEvent
                0x00000000000868b9                PDUM_hAPduAllocateAPduInstance
                0x000000000008692d                zps_eAplZdoSendZdpResponse
                0x0000000000086976                bSendResponse.90418
                0x00000000000869b9                PDUM_eAPduFreeAPduInstance
                0x0000000000086a3c                zps_bAplZdoNodeDescServer
                0x0000000000086bd8                zps_bAplZdoSimpleDescServer
                0x0000000000086dde                zps_bAplZdoPowerDescServer
                0x0000000000086f2b                zps_bAplZdoActiveEpServer
                0x0000000000087044                zps_bAplZdoSystemServerDiscoveryServer
                0x0000000000087101                zps_bAplZdoMgmtLqiServer
                0x000000000008731e                PDM_eReadDataFromRecord.part.0.119580
                0x00000000000873a1                vLoadAplRecord.68092
                0x0000000000087413                ZPS_pvNwkCtor.part.0.123456
                0x00000000000876ea                vMiniMac_McpsCallback
                0x000000000008788b                eMcpsTxCompleteHandler.138256
                0x00000000000878b9                zps_eAplZdoBdrmRequestSend
                0x0000000000087934                vProcessTimedList.125259
                0x000000000008797b                zps_eNwkBtrMatch
 .text          0x0000000000087a02      0xfda C:\Users\SVEN~1.YAN\AppData\Local\Temp\cc3IUXp0.ltrans6.ltrans.o
                0x0000000000087a02                zps_bAplZdoNwkAddrServer
                0x0000000000087bbf                zps_bAplZdoIeeeAddrServer
                0x0000000000088014                zps_bAplZdoMatchDescServer
                0x000000000008805f                zps_vSendJoinDcfm
                0x00000000000880a5                vGiveUp.134440
                0x00000000000880ce                ZPS_bSecEncrypt
                0x0000000000088284                PDUM_eNPduAllocate
                0x00000000000882f3                zps_u8AplApsConstructAndPostLoopBackDataInd.61680
                0x0000000000088447                u8PostUnicastMsgToNHLE.61688
                0x0000000000088480                PDUM_eNPduClone
                0x00000000000884cc                PDUM_eNPduFree
                0x0000000000088539                vPostVsMcpsDcfmInd.75949
                0x0000000000088601                zps_vNwkMcpsMgrFreeReqDescr
                0x000000000008862b                zps_psAllocateAndFormatMacHdr
                0x00000000000887d6                zps_psNwkInitCmdFrame
                0x0000000000088888                zps_vNwkRemoveConflictedBroadcast
                0x00000000000888da                zps_vNwkMcpsMgrTidyBtrReqDescr
                0x000000000008891e                vNwkBttTimerExpiry.130200
                0x00000000000889a0                hZCL_AllocateAPduInstance
 .text          0x00000000000889dc      0xcc3 C:\Users\SVEN~1.YAN\AppData\Local\Temp\cc3IUXp0.ltrans7.ltrans.o
                0x00000000000889dc                eBeaconReqSent.139344
                0x0000000000088ab4                vPDM_AddFileSystemElementToListInAscendingWearCountOrder
                0x0000000000088bab                iPDM_WriteSegmentHeaderAndData
                0x0000000000088db4                vPDM_MoveAllDataFromListToList
                0x0000000000088df2                vPDM_MoveAllDataToDeAllocList.constprop.130
                0x0000000000088e1d                PDM_vDeleteAllDataRecords
                0x0000000000088e9a                vHandleZdoLeaveRequest.4614
                0x0000000000088ecd                vPDM_MoveAllDataWithBufferIdAndStateFromListToList
                0x0000000000088f58                vPDM_MoveAllDataWithBufferIdFromListToList
                0x0000000000088fdd                vPDM_DeleteAllSegmentsWithIdFromFileSystemList.constprop.58
                0x000000000008901f                vPDM_MoveFileRecordFromListToList
                0x000000000008912e                iPDM_VerifyDataSequenceWithBufferId
                0x00000000000891d4                vPDM_MoveRecordToDeAllocList
                0x00000000000891f4                vPDM_DeleteAppendedSequence
                0x0000000000089296                eCLD_GroupsSetIdentifying
                0x00000000000892d8                vCLD_IdentifyTimerClickCallback.17153
                0x0000000000089360                PWRM_vManagePower
                0x00000000000894c9                ZPS_vNtSetUsedStatus
                0x00000000000895d4                zps_vCheckActvNtForDuplicate
                0x000000000008962b                zps_vTidyActvNtAfterJoin
                0x0000000000089674                eUnsolicitedRejoinRspDataDcfm.124412
 *fill*         0x000000000008969f        0x1 00
 .text          0x00000000000896a0      0xf68 C:\Users\SVEN~1.YAN\AppData\Local\Temp\cc3IUXp0.ltrans8.ltrans.o
                0x00000000000896a0                vMcpsMgrExpiry.125247
                0x00000000000896c8                zps_vNwkHandleCmeLeaveReq
                0x0000000000089730                vMiniMac_MlmeCallback
                0x0000000000089a1b                vPollConfirm.139500
                0x0000000000089a32                ZPS_vNwkResetOutgoingFrameCounter
                0x0000000000089a86                zps_psSendFrm.constprop.118
                0x0000000000089c4a                ZPS_vNwkHandleNldeReqRsp
                0x0000000000089e47                eUnfragmentedUnicastTransmission.61662
                0x000000000008a278                zps_eAplSendApsmeCmdFrame
                0x000000000008a416                zps_eAplApsmeUpdateDeviceReqRsp.part.4.63213
                0x000000000008a582                zps_vAplApsmeCmdMgrRetryTimeout.63048
                0x000000000008a5ab                zps_psNwkSendRejoinReqCmd.constprop.8
 .text          0x000000000008a608     0x10e0 C:\Users\SVEN~1.YAN\AppData\Local\Temp\cc3IUXp0.ltrans9.ltrans.o
                0x000000000008a71b                os_bDummyMemberCheck.55925
                0x000000000008a720                os_vDefaultErrorHook.55921
                0x000000000008a74a                vOSError
                0x000000000008a74d                eCLD_LevelControlCommandHandler
                0x000000000008a752                APP_ZCL_cbGeneralCallback.6319
                0x000000000008a755                os_vAPP_SleepTask
                0x000000000008a758                vfExtendedStatusCallBack.3175
                0x000000000008a75b                os_bStrictCheck.1358
                0x000000000008ab04                pdum_u16ReadNBO
                0x000000000008ac65                PDUM_u16SizeNBO
                0x000000000008acc3                PDUM_u16APduInstanceWriteNBO
                0x000000000008ad2d                PDUM_thAPduInstanceGetApdu
                0x000000000008ad48                PDUM_eAPduInstanceSetPayloadSize
                0x000000000008ad70                PDUM_eNPduWriteDataFromBuffer
                0x000000000008adca                PDUM_eNPduWriteDataToBuffer
                0x000000000008ae28                PDUM_eNPduWriteFromBuffer
                0x000000000008ae51                PDUM_eNPduDescend
                0x000000000008ae77                PDUM_eNPduAscend
                0x000000000008ae9d                PDUM_eNPduClaimData
                0x000000000008af0a                PDUM_eNPduAppendDataNBO
                0x000000000008af67                PDUM_eNPduClaimHeader
                0x000000000008af8a                PDUM_eNPduPrependHeaderNBO
                0x000000000008afe5                PDUM_eNPduInitDescending
                0x000000000008b000                OS_eCollectMessage
                0x000000000008b0c5                OS_eGetSWTimerStatus
                0x000000000008b107                OS_eEnterCriticalSection
                0x000000000008b1cf                eExpireSWTimer.55934
                0x000000000008b23a                eZCL_SearchForAttributeEntry
                0x000000000008b2d3                eZCL_SearchForClusterEntry
                0x000000000008b337                eZCL_BuildTransmitAddressStructure
                0x000000000008b3a4                eZCL_SearchForEPentry
                0x000000000008b3d5                eZCL_SearchForEPentryAndCheckManufacturerId
                0x000000000008b413                vZCL_PassEventToUser
                0x000000000008b440                eZCL_BuildClientTransmitAddressStructure
                0x000000000008b471                eZCL_GetAttributeTypeSize
                0x000000000008b490                u8ZCL_GetAttributeAllignToFourBytesBoundary
                0x000000000008b4a5                pvZCL_GetAttributePointer
                0x000000000008b51b                u16ZCL_GetStringStructureSize
                0x000000000008b558                u16ZCL_GetStringAttributeTypeSizeFromBuffer
                0x000000000008b5c9                u16ZCL_GetStringSizeAndBufferFromStructure
                0x000000000008b658                vZCL_InitializeClusterInstance
                0x000000000008b66d                boDLISTisEmpty
                0x000000000008b685                psDLISTremove
 .text          0x000000000008b6e8      0xec1 C:\Users\SVEN~1.YAN\AppData\Local\Temp\cc3IUXp0.ltrans10.ltrans.o
                0x000000000008b6e8                vPostMcpsDcfmInd.75942
                0x000000000008b83e                vHandleNwkRemoteUpdateAfterBcast.124408
                0x000000000008b900                eMakeEntryInBindingTable.63102
                0x000000000008b9aa                vPDM_ImageBitmapRepair.120245
                0x000000000008ba0b                zps_vAplSaveRecord
                0x000000000008baac                zps_eAplApsmeUnBindReqRsp
                0x000000000008bb12                vHandleJoinedNwk.6914
                0x000000000008bb6d                vAplSecRemoveLinkKey.68157
                0x000000000008bbe9                zps_bNwkFindAddIeeeAddr
                0x000000000008bc79                zps_psFindKeyDescr
                0x000000000008bda5                zps_eAplSecEncryptPacket
                0x000000000008be97                zps_sNwkNibNtCheckJoin
                0x000000000008c0ee                zps_vNwkHandleCmeDirectJoinReq
                0x000000000008c168                ZPS_bNwkNibAddrMapAddEntry
                0x000000000008c328                zps_vJoinInitNtParent
                0x000000000008c3d6                eSmeOrphScanDcfm.134879
                0x000000000008c44e                eCheckAddrConflict.124613
                0x000000000008c504                ZPS_vNwkSaveAllRecords
                0x000000000008c51b                zps_vSaveAllZpsRecords
                0x000000000008c53a                vHandleJoinAndRejoinNWK.part.3.4890
 .text          0x000000000008c5a9      0xe2a C:\Users\SVEN~1.YAN\AppData\Local\Temp\cc3IUXp0.ltrans11.ltrans.o
                0x000000000008c5a9                vIncrementFrameCounterInPdm.isra.0.126584
                0x000000000008c785                vProcessListsForSubmission.125341
                0x000000000008cb26                zps_vNwkMcpsMgrPost
                0x000000000008cb4a                zps_psNwkPropagateLocalLeave
                0x000000000008cbc6                zps_eNwkHandleSceLeave
                0x000000000008cd32                zps_psSendNetworkStatusCmd
                0x000000000008cdaa                zps_eDefaultDataDcfm
                0x000000000008cf15                vSendNetworkReport.124404
                0x000000000008cfef                zps_eNwkHandleSdeActvDcfmData
                0x000000000008d0c1                vMcpsMgrTimeoutExpiry
                0x000000000008d133                zps_eAplApsmeBindReqRsp
                0x000000000008d20d                bAplZdoBindUnbindServerProcessApdu
 .text          0x000000000008d3d3      0xd7c C:\Users\SVEN~1.YAN\AppData\Local\Temp\cc3IUXp0.ltrans12.ltrans.o
                0x000000000008d409                os_vAPP_cbDisableTickTimer
                0x000000000008d44d                os_vAPP_cbEnableTickTimer
                0x000000000008d4cd                pwrm_Wakeup.3182
                0x000000000008db2d                pwrm_PreSleep.3189
                0x000000000008dba9                os_vvISR_SystemController
                0x000000000008dc01                eOrphanNotificationSent.139340
                0x000000000008dc4a                OS_eExitCriticalSection
                0x000000000008dd2f                ZPS_eTsvStart
                0x000000000008ddbf                zps_vNwkDiscUpdateNT.part.1.130697
                0x000000000008de12                zps_vNwkJoinStStartResponseTimer
                0x000000000008de4b                ZPS_eTsvStop
                0x000000000008de9f                zps_vAplApsStopPollTimer.part.2.61563
                0x000000000008df26                eZCL_SetReceiveEventAddressStructure
                0x000000000008dfa5                DBG_vDumpStack
                0x000000000008dfe7                vUnclaimedInterrupt
                0x000000000008dff4                ZPS_bSecDecrypt
                0x000000000008e106                boPDM_IsBitmapSaturated.121213
 *fill*         0x000000000008e14f        0x1 00
 .text          0x000000000008e150      0xbe4 C:\Users\SVEN~1.YAN\AppData\Local\Temp\cc3IUXp0.ltrans13.ltrans.o
                0x000000000008e150                vPostNlmeDcfmInd.59085
                0x000000000008e832                zps_eAplZdoRejoinNetwork
                0x000000000008e8ad                vEZ_ReJoin
                0x000000000008e9d9                vEZ_EZModeNWKJoinHandler
                0x000000000008ed2a                os_vAPP_PingTimerTask
 .text          0x000000000008ed34      0xb39 C:\Users\SVEN~1.YAN\AppData\Local\Temp\cc3IUXp0.ltrans14.ltrans.o
                0x000000000008ed34                zps_bAplZdoDeviceAnnceServer
                0x000000000008ef69                ZPS_vAplHandleApsdeReqRsp
                0x000000000008f392                zps_eAplZdpApsdeReqInternal
                0x000000000008f401                zps_eAplZdpRequestApsdeReq
                0x000000000008f481                vSendMatchDesc.4932.constprop.19
                0x000000000008f561                vEZ_SimpleDescriptorSend.7533
                0x000000000008f5dd                APP_ZCL_cbEndpointCallback.6316
                0x000000000008f7ac                zps_eAplZdpBindResponse
                0x000000000008f7cd                zps_eZdpUnbindResponse
                0x000000000008f7ee                zps_eZdpMgmtLeaveResponse
                0x000000000008f80f                eCLD_IdentifyRegisterTimeServer.part.0.17160
 .text          0x000000000008f86d      0xcb2 C:\Users\SVEN~1.YAN\AppData\Local\Temp\cc3IUXp0.ltrans15.ltrans.o
                0x000000000008f86d                zps_eZdpSimpleDescResponse
                0x000000000008f97a                zps_eZdpActiveEpResponse
                0x000000000008fa10                zps_eZdpMatchDescResponse
                0x000000000008faa6                zps_eZdpSystemServerDiscoveryResponse
                0x000000000008fb15                zps_eAplZdpMgmtLqiResponse
                0x000000000008fcaf                zps_eZdpNwkAddrResponse
                0x000000000008fd92                zps_bAplZdoDefaultServer
                0x000000000009000d                zps_bAplZdoMgmtNWKUpdateServer
                0x000000000009040f                zps_bAplZdoZdoClient
 .text          0x000000000009051f      0xa2f C:\Users\SVEN~1.YAN\AppData\Local\Temp\cc3IUXp0.ltrans16.ltrans.o
                0x0000000000090682                iPDM_SegmentCopyAndAppendData.constprop.129
                0x00000000000906dc                iPDM_ReconstructReplacedDataTable
                0x0000000000090883                iPDM_ReplaceChangedSegmentInSequence
                0x0000000000090972                PDM_eSaveRecordData
                0x0000000000090c49                ZPS_vNwkSaveRecord
                0x0000000000090c75                zps_eNwkHandleSceRejnResponse
                0x0000000000090cde                ZPS_vNwkNibSetExtPanId
                0x0000000000090d03                vFinish.134869
                0x0000000000090d4b                ZPS_vNwkNibSetKeySeqNum
                0x0000000000090d5e                ZPS_vNwkNibSetPanId
                0x0000000000090d7b                ZPS_vNwkNibSetCapabilityInfo
                0x0000000000090da7                ZPS_vNwkSaveNt
                0x0000000000090dba                zps_eNwkHandleSmeCommStatusInd
                0x0000000000090e6b                eRejoinRspDataDcfm.133710
                0x0000000000090f3a                ZPS_vNwkSaveSecMat
 *fill*         0x0000000000090f4e        0x2 00
 .text          0x0000000000090f50      0xb9c C:\Users\SVEN~1.YAN\AppData\Local\Temp\cc3IUXp0.ltrans17.ltrans.o
                0x0000000000090f50                vZCL_EventHandler
 .text          0x0000000000091aec      0xe2c C:\Users\SVEN~1.YAN\AppData\Local\Temp\cc3IUXp0.ltrans18.ltrans.o
                0x0000000000091e63                vSendMlmeCommStatusFromTxFrame
                0x0000000000091eb9                MAC_vHandleMlmeVsReqRsp.constprop.142
                0x00000000000923fe                vScanBeaconReceived
                0x0000000000092449                vRunningRxCallback
                0x000000000009270c                vPostDcfm.139359
                0x000000000009277b                vScanNextChannel.139365
 .text          0x0000000000092918      0xa6c C:\Users\SVEN~1.YAN\AppData\Local\Temp\cc3IUXp0.ltrans19.ltrans.o
                0x0000000000092ad9                os_vAPP_tskDelayedButtonAction
                0x0000000000092ba0                eCLD_IdentifyCommandHandler
                0x0000000000092d4d                os_vAPP_CommissionTimerTask
                0x0000000000092dd2                vSwitchStateMachine.6570
 .text          0x0000000000093384      0xbf0 C:\Users\SVEN~1.YAN\AppData\Local\Temp\cc3IUXp0.ltrans20.ltrans.o
                0x000000000009343f                vZdoBdrmSendNextTimedRequest
                0x00000000000936c8                zps_bAplZdoBindUnbindServer
                0x0000000000093808                zps_bAplZdoMgmtBindServer
                0x0000000000093a0c                zps_eZdpNodeDescResponse
                0x0000000000093ab4                zps_eZdpPowerDescResponse
                0x0000000000093b51                zps_eZdpIeeeAddrResponse
                0x0000000000093c34                eZCL_TransmitDataRequest
 .text          0x0000000000093f74      0xca8 C:\Users\SVEN~1.YAN\AppData\Local\Temp\cc3IUXp0.ltrans21.ltrans.o
                0x0000000000094167                vPostNldeDcfmInd.59106
                0x0000000000094be6                os_vzps_isrMAC
 .text          0x0000000000094c1c      0xd4b C:\Users\SVEN~1.YAN\AppData\Local\Temp\cc3IUXp0.ltrans22.ltrans.o
                0x0000000000094c1c                vMiniMac_InterruptHandler
                0x0000000000094f85                eAssocRespSent.138930
                0x0000000000094fa4                zps_vNwkHandleCmeSyncReq
                0x000000000009517f                zps_eNwkHandleSmeAssocInd
                0x00000000000952e5                vStartScanTimerExpiry.91591
                0x0000000000095321                zps_vAplApsPollTimer
                0x0000000000095383                zps_sNwkLibSubmitScan
                0x00000000000953bc                zps_eNwkHandleSmeBeaconNotifyInd
                0x0000000000095473                zps_vReAttemptScanTimerHandleExpiry
                0x00000000000954ca                zps_vNwkHandleCmeNwkDiscReq
                0x0000000000095544                zps_vNwkHandleCmeEdScanReq
                0x0000000000095583                vCheckSleepingSendPoll.part.1.134981
                0x00000000000955ed                zps_vProcessChildAddrConflict
                0x00000000000956b0                zps_eProcessAddrConflict
                0x000000000009585d                zps_eAplZdoStartStack
 *fill*         0x0000000000095967        0x1 00
 .text          0x0000000000095968      0xbf0 C:\Users\SVEN~1.YAN\AppData\Local\Temp\cc3IUXp0.ltrans23.ltrans.o
                0x0000000000095968                vAplSecAuthPollTimerExpiry.68047
                0x00000000000959c0                vAplSecAuthTimerExpiry.68043
                0x0000000000095a90                os_vAPP_PollTask
                0x0000000000095b4f                vPostApsdeDcfmInd.59099
                0x0000000000095d58                eRejoinNetwork.68079
                0x0000000000095dfc                eJoinNetwork.68105
                0x0000000000095ead                vEZ_JoinSavedNetwork.6920
                0x0000000000095f3f                vHandleJoinFailed.7134
                0x0000000000095f62                eDiscoverNetworks.68112
                0x0000000000095fbe                eStartNetworkDiscovery.68119
                0x0000000000096028                eStartRouter.68129
                0x00000000000960f7                vPostApsmeDcfmInd.59092
 .text          0x0000000000096558      0xae4 C:\Users\SVEN~1.YAN\AppData\Local\Temp\cc3IUXp0.ltrans24.ltrans.o
                0x0000000000096558                eZCL_SendDefaultResponse
                0x0000000000096657                vZCL_HandleAttributesWriteRequest
                0x0000000000096ae7                eZCL_CustomCommandReceive
                0x0000000000096d4c                eCLD_GroupsCommandHandler
                0x0000000000096e67                eCLD_ScenesCommandHandler
 .text          0x000000000009703c      0xbf9 C:\Users\SVEN~1.YAN\AppData\Local\Temp\cc3IUXp0.ltrans25.ltrans.o
                0x0000000000097945                os_vzps_taskZPS
                0x0000000000097b09                vContinueRejoin.133706
                0x0000000000097bc3                zps_vNwkHandleCmeNwkActvJoinReq
                0x0000000000097bcf                ZPS_vNwkNibCheckAndUpdateAddresses
 .text          0x0000000000097c35      0xad7 C:\Users\SVEN~1.YAN\AppData\Local\Temp\cc3IUXp0.ltrans26.ltrans.o
                0x0000000000097c35                DBG_vUartInitHardware
                0x0000000000097d72                eCLD_BasicCommandHandler
                0x0000000000097d95                eCLD_OnOffCommandHandler
                0x0000000000097db2                iPDM_SearchForBufferIdInList
                0x0000000000097de7                iPDM_SearchForBufferIdInFileSystem
                0x0000000000097dfa                iPDM_GetLengthOfDataInBufferWithIdFromFileSystem
                0x0000000000097e56                iPDM_SearchForSpecificSegmentInList
                0x0000000000097e88                psGetTxFrameBuffer
                0x0000000000097ec1                psGetAndBuildCoordRealignment
                0x0000000000097f19                iPDM_ReadUserDataFromEEPROMsegment
                0x0000000000097f95                iPDM_ReadUserDataFromFileSystemRecord
                0x0000000000097fbf                iPDM_ReadUserDataFromSegmentWithId
                0x0000000000097ff4                iPDM_ReCalculateWearCountAndChecksumAndWriteFileSystemHeader
                0x000000000009803e                vPDM_SetEEPROMandFileSystemValidState
                0x0000000000098065                vPDM_WriteFileSystemRecordAndSegmentDataIntoEEPROMsegment
                0x00000000000980a9                vStopStartModeChangeTimer.6559.constprop.90
                0x00000000000980e3                vMiniMac_Init
                0x00000000000983f1                eTransmit
                0x00000000000984ce                eBuildAndSend.139348
                0x0000000000098543                vPostTxActions.138658
                0x0000000000098580                vMiniMac_TxComplete
                0x0000000000098612                vStartTransmit.138665
 .text          0x000000000009870c      0xa5b C:\Users\SVEN~1.YAN\AppData\Local\Temp\cc3IUXp0.ltrans27.ltrans.o
                0x00000000000988fd                ZPS_vNwkHandleNlmeReqRsp
                0x0000000000098977                zps_vAplAfPostEvent
                0x0000000000098ae6                vPostToEndpoint.part.1.58990
                0x0000000000098d7a                zps_vHandleApsdeDataFragIndNotSupported
                0x0000000000098ec0                zps_bAplZdoMgmtLeaveServer
                0x000000000009900b                vChangeChannelTimerExpiry.91587
                0x000000000009907a                eLeaveReset.135848
                0x00000000000990f0                eLeaveDataDcfmLocalLeave.135853
 *fill*         0x0000000000099167        0x1 00
 .text          0x0000000000099168      0x700 C:\Users\SVEN~1.YAN\AppData\Local\Temp\cc3IUXp0.ltrans28.ltrans.o
                0x00000000000992c6                vHandleRejoinExpiry.134436
                0x0000000000099369                eSmeAsocAssocDcfm.135039
                0x00000000000993e0                eSmeRjPCPollDcfm.135035
                0x0000000000099421                eSceRjRsRejoinRsp.135003
                0x00000000000994e4                zps_u8NwkHandleRejoinReq
                0x00000000000995a7                zps_vNwkHandleCmeNwkJoinReq
 .text          0x0000000000099868      0x7db C:\Users\SVEN~1.YAN\AppData\Local\Temp\cc3IUXp0.ltrans29.ltrans.o
                0x0000000000099868                os_vZCL_Task
                0x0000000000099aa6                eZCL_CustomCommandSend.constprop.106
                0x0000000000099d2a                eCLD_IdentifyCommandIdentifyRequestSend
                0x0000000000099d55                vEZ_EZModeCb
                0x0000000000099da1                vBindCluster.7948
 .text          0x000000000009a043      0x5a3 C:\Users\SVEN~1.YAN\AppData\Local\Temp\cc3IUXp0.ltrans30.ltrans.o
                0x000000000009a043                vApp_ProcessKeyCombination
                0x000000000009a210                os_vAPP_ZHA_Switch_Task
 .text          0x000000000009a5e6      0x44c C:\Users\SVEN~1.YAN\AppData\Local\Temp\cc3IUXp0.ltrans31.ltrans.o
                0x000000000009a5e6                AppWarmStart
                0x000000000009a5f1                AppColdStart
                0x000000000009a871                os_vUnclaimedInterrupt
                0x000000000009a883                os_vControlledIntCheck
                0x000000000009a8c8                os_vControlledInterrupt
                0x000000000009a901                os_vAPP_isrTickTimer
                0x000000000009a9f1                os_vAPP_isrIllegalInstruction
                0x000000000009a9fe                os_vAPP_isrAlignmentException
                0x000000000009aa0b                os_vAPP_isrBusErrorException
                0x000000000009aa18                os_vAPP_isrUnimplementedModuleException
                0x000000000009aa25                os_vAPP_isrStackOverflowException
 .text          0x000000000009aa32       0x25 c:/nxp/bstudio_nxp/sdk/tools/ba-elf-ba2-r36379/bin/../lib/gcc/ba-elf/4.7.4/../../../../ba-elf/lib/mcpu_jn51xx_sizeopt\libc.a(lib_a-memcmp.o)
                0x000000000009aa32                memcmp
 .text          0x000000000009aa57       0x19 c:/nxp/bstudio_nxp/sdk/tools/ba-elf-ba2-r36379/bin/../lib/gcc/ba-elf/4.7.4/../../../../ba-elf/lib/mcpu_jn51xx_sizeopt\libc.a(lib_a-memcpy.o)
 .text          0x000000000009aa70       0x12 c:/nxp/bstudio_nxp/sdk/tools/ba-elf-ba2-r36379/bin/../lib/gcc/ba-elf/4.7.4/../../../../ba-elf/lib/mcpu_jn51xx_sizeopt\libc.a(lib_a-memset.o)
                0x000000000009aa70                memset
 *fill*         0x000000000009aa82        0x2 00
 .text          0x000000000009aa84      0x204 c:/nxp/bstudio_nxp/sdk/tools/ba-elf-ba2-r36379/bin/../lib/gcc/ba-elf/4.7.4/mcpu_jn51xx_sizeopt\libgcc.a(__udivsi3.o)
                0x000000000009aa84                __udivsi3
 .text          0x000000000009ac88      0x1b0 c:/nxp/bstudio_nxp/sdk/tools/ba-elf-ba2-r36379/bin/../lib/gcc/ba-elf/4.7.4/mcpu_jn51xx_sizeopt\libgcc.a(__umodsi3.o)
                0x000000000009ac88                __umodsi3
 .text          0x000000000009ae38       0x24 c:/nxp/bstudio_nxp/sdk/tools/ba-elf-ba2-r36379/bin/../lib/gcc/ba-elf/4.7.4/mcpu_jn51xx_sizeopt\libgcc.a(__modsi3.o)
                0x000000000009ae38                __modsi3
 .text          0x000000000009ae5c      0x350 c:/nxp/bstudio_nxp/sdk/tools/ba-elf-ba2-r36379/bin/../lib/gcc/ba-elf/4.7.4/mcpu_jn51xx_sizeopt\libgcc.a(_udivdi3.o)
                0x000000000009ae5c                __udivdi3
 *fill*         0x000000000009b1ac        0x4 00
 .text          0x000000000009b1b0      0x168 c:/NXP/bstudio_nxp/workspace/JN-AN-1189-ZigBee-HA-Demo1v9/DimmerSwitch/Build/os_irq.o
                0x000000000009b1b0                os_ExternalException_W
                0x000000000009b1f4                os_PIC_ChannelPriorities
                0x000000000009b204                os_OSMIUM_HwVectTable
                0x000000000009b240                os_PIC_SwVectTable
 .text          0x000000000009b318       0x29 c:/NXP/bstudio_nxp/workspace/JN-AN-1189-ZigBee-HA-Demo1v9/DimmerSwitch/Build/os_irq_alignment.o
                0x000000000009b318                IRQ_Alignment
 .text          0x000000000009b341       0x29 c:/NXP/bstudio_nxp/workspace/JN-AN-1189-ZigBee-HA-Demo1v9/DimmerSwitch/Build/os_irq_buserror.o
                0x000000000009b341                IRQ_BusError
 .text          0x000000000009b36a       0x29 c:/NXP/bstudio_nxp/workspace/JN-AN-1189-ZigBee-HA-Demo1v9/DimmerSwitch/Build/os_irq_illegalinstruction.o
                0x000000000009b36a                IRQ_IllegalInstruction
 .text          0x000000000009b393       0x29 c:/NXP/bstudio_nxp/workspace/JN-AN-1189-ZigBee-HA-Demo1v9/DimmerSwitch/Build/os_irq_stackoverflowexception.o
                0x000000000009b393                IRQ_StackOverflowException
 .text          0x000000000009b3bc       0x29 c:/NXP/bstudio_nxp/workspace/JN-AN-1189-ZigBee-HA-Demo1v9/DimmerSwitch/Build/os_irq_unimplementedmodule.o
                0x000000000009b3bc                IRQ_UnimplementedModule
 *fill*         0x000000000009b3e5        0x3 00
 .text          0x000000000009b3e8       0xc0 c:/NXP/bstudio_nxp/sdk/JN-SW-4168/Components/Library\libOS_JN516x.a(os_contirq_JN516x.o)
                0x000000000009b3e8                os_ExternalException_R
                0x000000000009b418                os_CFunc_W
                0x000000000009b468                os_UnclaimedException_W
                0x000000000009b488                os_UnclaimedInterrupt_W
 .text          0x000000000009b4a8       0x48 c:/NXP/bstudio_nxp/sdk/JN-SW-4168/Components/Library\libPWRM_JN516x.a(pwrm_setjmp_JN516x.o)
                0x000000000009b4a8                setjmp
                0x000000000009b4cc                PWRM_longjmp
 .text          0x000000000009b4f0       0x27 c:/NXP/bstudio_nxp/sdk/JN-SW-4168/Components/Library\libHardwareApi_JN516x.a(AHI_Interrupt.o)
                0x000000000009b4f0                vAHI_InterruptSetPriority
                0x000000000009b50e                vAHI_InterruptSetActivePriorityLevel
 .text.vMicroSyscall
                0x000000000009b517       0x17 c:/NXP/bstudio_nxp/sdk/JN-SW-4168/Components/Library\libMicroSpecific_JN516x.a(MicroSyscall_ba.o)
                0x000000000009b517                vMicroSyscall
 .text          0x000000000009b52e        0x0 c:/NXP/bstudio_nxp/sdk/JN-SW-4168/Components/Library\libOS_JN516x.a(os_version_lc.o)
                0x000000000009b52e                OS_Version_1v2
 .text          0x000000000009b52e        0x0 c:/NXP/bstudio_nxp/sdk/JN-SW-4168/Components/Library\libZPSAPL_JN516x.a(zps_apl_version_lc.o)
                0x000000000009b52e                ZPS_APL_Version_2v0
 .text          0x000000000009b52e        0x0 c:/NXP/bstudio_nxp/sdk/JN-SW-4168/Components/Library\libZPSNWK_ZED_JN516x.a(zps_nwk_version_lc.o)
                0x000000000009b52e                ZPS_NWK_Version_2v0
                0x000000000009b52e                _flash_end = ABSOLUTE (.)

.rela.dyn       0x000000000009b530        0x0
 .rela.text     0x0000000000000000        0x0 c:/NXP/bstudio_nxp/workspace/JN-AN-1189-ZigBee-HA-Demo1v9/DimmerSwitch/Build/os_irq.o
 .rela.data     0x0000000000000000        0x0 c:/NXP/bstudio_nxp/workspace/JN-AN-1189-ZigBee-HA-Demo1v9/DimmerSwitch/Build/os_irq.o
 .rela.rodata   0x0000000000000000        0x0 c:/NXP/bstudio_nxp/workspace/JN-AN-1189-ZigBee-HA-Demo1v9/DimmerSwitch/Build/os_irq.o
                0x000000000400004c                . = ORIGIN (ram)

.data           0x000000000400004c      0x80c load address 0x000000000009b530
                0x000000000400004c                _ram_data_start = ABSOLUTE (.)
 *(.data*)
 .data          0x000000000400004c       0x78 C:\Users\SVEN~1.YAN\AppData\Local\Temp\cc3IUXp0.ltrans0.ltrans.o
                0x000000000400004c                u32DefaultChannelMask.7462
                0x0000000004000050                u8MiniMacConfig_MaxConcurrentAssocResponses
 .data          0x00000000040000c4        0x4 C:\Users\SVEN~1.YAN\AppData\Local\Temp\cc3IUXp0.ltrans1.ltrans.o
                0x00000000040000c4                u32HeapStart
 .data          0x00000000040000c8        0x5 C:\Users\SVEN~1.YAN\AppData\Local\Temp\cc3IUXp0.ltrans4.ltrans.o
 *fill*         0x00000000040000cd        0x1 00
 .data          0x00000000040000ce        0x2 C:\Users\SVEN~1.YAN\AppData\Local\Temp\cc3IUXp0.ltrans5.ltrans.o
 .data          0x00000000040000d0        0x4 C:\Users\SVEN~1.YAN\AppData\Local\Temp\cc3IUXp0.ltrans6.ltrans.o
                0x00000000040000d0                bCanLoopback.61901
 .data          0x00000000040000d4      0x184 C:\Users\SVEN~1.YAN\AppData\Local\Temp\cc3IUXp0.ltrans9.ltrans.o
                0x00000000040000d4                s_asapduZCLInstances
                0x0000000004000188                s_asapduZDPInstances
 .data          0x0000000004000258        0x4 C:\Users\SVEN~1.YAN\AppData\Local\Temp\cc3IUXp0.ltrans10.ltrans.o
 .data          0x000000000400025c        0x1 C:\Users\SVEN~1.YAN\AppData\Local\Temp\cc3IUXp0.ltrans12.ltrans.o
 .data          0x000000000400025d        0x1 C:\Users\SVEN~1.YAN\AppData\Local\Temp\cc3IUXp0.ltrans25.ltrans.o
 .data          0x000000000400025e        0x2 C:\Users\SVEN~1.YAN\AppData\Local\Temp\cc3IUXp0.ltrans29.ltrans.o
                0x000000000400025e                u8DeepSleepTime.5830
                0x000000000400025f                u8KeepAliveTime.5827
 .data          0x0000000004000260      0x5e0 C:\Users\SVEN~1.YAN\AppData\Local\Temp\cc3IUXp0.ltrans31.ltrans.o
                0x0000000004000260                os_Mutex_mutexMAC
                0x0000000004000268                os_Mutex_mutexZPS
                0x0000000004000270                s_sApl.2877
                0x00000000040003bc                os_SWTimer_APP_cntrTickTimer_APP_ButtonsScanTimer
                0x00000000040003d8                os_Message_APP_msgZpsEvents_ZCL
                0x00000000040003fc                os_SWTimer_APP_cntrTickTimer_APP_TickTimer
                0x0000000004000418                os_SWTimer_APP_cntrTickTimer_APP_CommissionTimer
                0x0000000004000434                os_Message_APP_msgZpsEvents
                0x0000000004000458                os_Message_APP_msgEvents
                0x000000000400047c                os_SWTimer_APP_cntrTickTimer_APP_JoinTimer
                0x0000000004000498                os_SWTimer_APP_cntrTickTimer_APP_BackOffTimer
                0x00000000040004b4                os_SWTimer_APP_cntrTickTimer_App_EZFindAndBindTimer
                0x00000000040004d0                os_SWTimer_APP_cntrTickTimer_App_ChangeModeTimer
                0x00000000040004ec                os_Message_zps_msgMlmeDcfmInd
                0x0000000004000510                os_Message_zps_msgTimeEvents
                0x0000000004000534                os_Message_zps_msgMcpsDcfmInd
                0x0000000004000558                os_SWTimer_APP_cntrTickTimer_APP_PollTimer
                0x0000000004000574                os_SWTimer_APP_cntrTickTimer_APP_tmrButtonDelayTimer
                0x0000000004000590                os_SWTimer_APP_cntrTickTimer_App_PingTimer
                0x00000000040005ac                os_Task_APP_ButtonsScanTask
                0x00000000040005b8                os_Task_ZCL_Task
                0x00000000040005c4                os_Task_APP_CommissionTimerTask
                0x00000000040005d0                os_Task_APP_ZHA_Switch_Task
                0x00000000040005dc                os_Task_APP_SleepTask
                0x00000000040005e8                os_Task_zps_taskZPS
                0x00000000040005f4                os_Task_APP_PollTask
                0x0000000004000600                os_Task_APP_tskDelayedButtonAction
                0x000000000400060c                os_Task_APP_PingTimerTask
                0x0000000004000618                u8AhiBaudRate.121594
                0x000000000400061c                s_prbMemberCheck.56041
                0x0000000004000620                s_prvErrorHook.56039
 .data.s_asAPduPool
                0x0000000004000840       0x18 c:/NXP/bstudio_nxp/workspace/JN-AN-1189-ZigBee-HA-Demo1v9/DimmerSwitch/Build/pdum_apdu.o
                0x0000000004000840                pdum_apduZDP
                0x0000000004000840                s_asAPduPool
                0x000000000400084c                pdum_apduZCL
 *(.data.*)
                0x0000000004000858                . = ALIGN (0x4)
                0x0000000004000858                _ram_data_end = ABSOLUTE (.)

.bss            0x0000000004000858     0x3f08 load address 0x000000000009bd3c
                0x0000000004000858                _bss_start = ABSOLUTE (.)
 *(.bss*)
 .bss           0x0000000004000858     0x1588 C:\Users\SVEN~1.YAN\AppData\Local\Temp\cc3IUXp0.ltrans0.ltrans.o
                0x0000000004000858                gu16NumberOfSegments.141784
                0x000000000400085a                u8MaxNpdu.56315
                0x000000000400085b                u8Count.56314
                0x000000000400085c                s_psNPduPoolEnd.56317
                0x0000000004000860                s_psNPduPoolStart.56316
                0x0000000004000864                s_psFreeListHead.56313
                0x0000000004000868                s_hMutex.56312
                0x000000000400086c                s_hMutex.56432
                0x0000000004000870                s_asAPduPool.56431
                0x0000000004000874                pfExtendedStatusCallBack.123939
                0x0000000004000878                s_u32x.119352
                0x000000000400087c                s_prExpireFn.142844
                0x0000000004000880                s_hMutex.142843
                0x0000000004000884                pvRxStore
                0x0000000004000888                pvTxStore
                0x000000000400088c                g_pvAplHandle
                0x0000000004000890                s_hMacMutex
                0x0000000004000894                s_sDcfmIndMgr.142561
                0x000000000400089c                prAppMcpsGetBuffer
                0x00000000040008a0                prAppMlmeGetBuffer
                0x00000000040008a4                prAppMcpsCallback
                0x00000000040008a8                prAppMlmeCallback
                0x00000000040008ac                zps_psNwk
                0x00000000040008b0                u8MiniMac_RunTimeOptions
                0x00000000040008b4                psFreeMsgListHead
                0x00000000040008b8                psActiveMsgListHead
                0x00000000040008bc                sBeaconFilter.7458
                0x00000000040008c4                psZCL_Common
                0x00000000040008c8                bTimerRegistered.9324.17211
                0x00000000040008d0                sSwitch
                0x0000000004000c10                u16GroupId
                0x0000000004000c18                sEZModeData.7456
                0x0000000004000ca0                psPDM_Common
                0x0000000004000ca4                prvZdoLeaveActionDecider
                0x0000000004000ca8                sDeviceDesc
 .bss           0x0000000004001de0       0x34 C:\Users\SVEN~1.YAN\AppData\Local\Temp\cc3IUXp0.ltrans1.ltrans.o
 .bss           0x0000000004001e14       0x40 C:\Users\SVEN~1.YAN\AppData\Local\Temp\cc3IUXp0.ltrans2.ltrans.o
 .bss           0x0000000004001e54        0x5 C:\Users\SVEN~1.YAN\AppData\Local\Temp\cc3IUXp0.ltrans4.ltrans.o
 .bss           0x0000000004001e59        0x4 C:\Users\SVEN~1.YAN\AppData\Local\Temp\cc3IUXp0.ltrans5.ltrans.o
 *fill*         0x0000000004001e5d        0x3 00
 .bss           0x0000000004001e60       0x34 C:\Users\SVEN~1.YAN\AppData\Local\Temp\cc3IUXp0.ltrans6.ltrans.o
 .bss           0x0000000004001e94        0x8 C:\Users\SVEN~1.YAN\AppData\Local\Temp\cc3IUXp0.ltrans7.ltrans.o
 *fill*         0x0000000004001e9c        0x4 00
 .bss           0x0000000004001ea0       0x48 C:\Users\SVEN~1.YAN\AppData\Local\Temp\cc3IUXp0.ltrans8.ltrans.o
 .bss           0x0000000004001ee8      0xc24 C:\Users\SVEN~1.YAN\AppData\Local\Temp\cc3IUXp0.ltrans9.ltrans.o
 .bss           0x0000000004002b0c       0x28 C:\Users\SVEN~1.YAN\AppData\Local\Temp\cc3IUXp0.ltrans10.ltrans.o
                0x0000000004002b0c                apvAplPdmRecordsAddress
                0x0000000004002b24                au16AplPdmRecordsSize
 .bss           0x0000000004002b34        0x1 C:\Users\SVEN~1.YAN\AppData\Local\Temp\cc3IUXp0.ltrans11.ltrans.o
                0x0000000004002b34                bIgnoreBroadcast
 *fill*         0x0000000004002b35        0x3 00
 .bss           0x0000000004002b38       0x18 C:\Users\SVEN~1.YAN\AppData\Local\Temp\cc3IUXp0.ltrans12.ltrans.o
                0x0000000004002b38                sStoredMacData.138185
                0x0000000004002b3c                vFlushFn.121682
                0x0000000004002b40                vPutchFn.121677
                0x0000000004002b44                s_psCurrentTask.56035
 .bss           0x0000000004002b50       0x18 C:\Users\SVEN~1.YAN\AppData\Local\Temp\cc3IUXp0.ltrans13.ltrans.o
                0x0000000004002b50                psBeaconFilter
                0x0000000004002b54                bRejoin.7460
 .bss           0x0000000004002b68        0x8 C:\Users\SVEN~1.YAN\AppData\Local\Temp\cc3IUXp0.ltrans14.ltrans.o
                0x0000000004002b68                bCheckChild
                0x0000000004002b6c                u16FastPoll.5829
 .bss           0x0000000004002b70        0x1 C:\Users\SVEN~1.YAN\AppData\Local\Temp\cc3IUXp0.ltrans15.ltrans.o
                0x0000000004002b70                bDefaultServerIgnoreHandleMgmtUpdate
 *fill*         0x0000000004002b71        0x1 00
 .bss           0x0000000004002b72        0xc C:\Users\SVEN~1.YAN\AppData\Local\Temp\cc3IUXp0.ltrans16.ltrans.o
                0x0000000004002b72                a16NwkPdmRecordSizes
 *fill*         0x0000000004002b7e        0x2 00
 .bss           0x0000000004002b80       0x10 C:\Users\SVEN~1.YAN\AppData\Local\Temp\cc3IUXp0.ltrans17.ltrans.o
 .bss           0x0000000004002b90        0x1 C:\Users\SVEN~1.YAN\AppData\Local\Temp\cc3IUXp0.ltrans18.ltrans.o
                0x0000000004002b90                u8ScanBeaconsSeen.142597
 .bss           0x0000000004002b91        0x4 C:\Users\SVEN~1.YAN\AppData\Local\Temp\cc3IUXp0.ltrans19.ltrans.o
                0x0000000004002b91                eTransitionButtonCode.6624
                0x0000000004002b92                eSwitchState.6623
 *fill*         0x0000000004002b95        0x3 00
 .bss           0x0000000004002b98        0x8 C:\Users\SVEN~1.YAN\AppData\Local\Temp\cc3IUXp0.ltrans20.ltrans.o
                0x0000000004002b98                bBindLookup
                0x0000000004002b9c                psBindUnbindServerContext
 .bss           0x0000000004002ba0        0x8 C:\Users\SVEN~1.YAN\AppData\Local\Temp\cc3IUXp0.ltrans21.ltrans.o
                0x0000000004002ba0                s_psVsMcpsDcfmInd.77238
                0x0000000004002ba4                s_psMacDcfmInd.77237
 .bss           0x0000000004002ba8       0x84 C:\Users\SVEN~1.YAN\AppData\Local\Temp\cc3IUXp0.ltrans22.ltrans.o
                0x0000000004002ba8                sScanAttemptTimer
                0x0000000004002bc4                psTimerServerList
                0x0000000004002bc8                aprTimerCallback
                0x0000000004002be4                au32TimerCounter
                0x0000000004002c00                sMiniMacInternal
 .bss           0x0000000004002c2c        0x8 C:\Users\SVEN~1.YAN\AppData\Local\Temp\cc3IUXp0.ltrans25.ltrans.o
                0x0000000004002c2c                sMiniMacPhyPib
                0x0000000004002c30                u32DataQueueCount
 .bss           0x0000000004002c34        0xc C:\Users\SVEN~1.YAN\AppData\Local\Temp\cc3IUXp0.ltrans26.ltrans.o
                0x0000000004002c34                eMMacModuleType
 .bss.initinboot
                0x0000000004002c40        0x1 C:\Users\SVEN~1.YAN\AppData\Local\Temp\cc3IUXp0.ltrans26.ltrans.o
 *fill*         0x0000000004002c41        0x3 00
 .bss           0x0000000004002c44        0x8 C:\Users\SVEN~1.YAN\AppData\Local\Temp\cc3IUXp0.ltrans27.ltrans.o
                0x0000000004002c44                sThisDeviceMacAddr
 .bss           0x0000000004002c4c       0x28 C:\Users\SVEN~1.YAN\AppData\Local\Temp\cc3IUXp0.ltrans29.ltrans.o
                0x0000000004002c4c                s_bWakeTimerActive.56113
                0x0000000004002c50                psNextWake.56112
                0x0000000004002c54                u32CalibrationValue.56111
                0x0000000004002c58                s_ePowerMode.56114
                0x0000000004002c5a                s_u16ActivityCounter
 *fill*         0x0000000004002c74        0x4 00
 .bss           0x0000000004002c78      0x190 C:\Users\SVEN~1.YAN\AppData\Local\Temp\cc3IUXp0.ltrans30.ltrans.o
                0x0000000004002c78                bPingReqApsAckFailure
                0x0000000004002c7c                sMiniMacPib
                0x0000000004002d14                sDeviceState
                0x0000000004002d40                sEZModeData.8581
 *fill*         0x0000000004002e08        0x8 00
 .bss           0x0000000004002e10     0x1910 C:\Users\SVEN~1.YAN\AppData\Local\Temp\cc3IUXp0.ltrans31.ltrans.o
                0x0000000004002e10                s_sDefaultServerContext.2937
                0x0000000004002e18                s_sMgmtBindServerContext.2872
                0x0000000004002e20                s_sBindRequestServerContext.2873
                0x0000000004002e60                s_sBindUnbindServerContext.2875
                0x0000000004002ea0                s_sMgmtNWKUpdateServerContext.2876
                0x0000000004002ee0                s_sMgmtLeaveServerContext.2936
                0x0000000004002f08                s_sMgmtLqiServerContext.2935
                0x0000000004002f10                s_sSimpleDescServerContext.2934
                0x0000000004002f18                s_sMatchDescServerContext.2933
                0x0000000004002f20                s_sPowerDescServerContext.2932
                0x0000000004002f28                s_sNodeDescServerContext.2931
                0x0000000004002f30                s_sSystemServerDiscoveryServerContext.2930
                0x0000000004002f38                s_sIeeeAddrServerContext.2929
                0x0000000004002f40                s_sNwkAddrServerContext.2928
                0x0000000004002f48                s_sActiveEpServerContext.2927
                0x0000000004002f50                s_sDeviceAnnceServerContext.2926
                0x0000000004002f50                s_sZdoClientContext.2925
                0x0000000004002f58                s_u32LastExpiredTime.3134
                0x0000000004002f5c                s_u32CompareTime.3133
                0x0000000004002f60                s_prvCurrentISR.56042
                0x0000000004002f64                s_psPreSleepCallbacks.56116
                0x0000000004002f68                u8AhiUart.121593
                0x0000000004002f6c                s_u32CurrentPriorityMask.56034
                0x0000000004002f70                s_u8OSLevelIPL.56038
                0x0000000004002f74                s_asTasks.56037
                0x0000000004002f78                s_u32PendingQueue.56036
                0x0000000004002f7c                pwrm_psWakeupCallbacks
                0x0000000004002f80                pwrm_CPUContext
 .bss.dontinitinboot
                0x0000000004004720       0x40 c:/NXP/bstudio_nxp/sdk/JN-SW-4168/Components/Library\libBoot_JN516x.a(ExceptionHandler.o)
                0x0000000004004720                isr_handlers
 *(.bss.*)
 *(.scommon*)
 *(.scommon.*)
 *(COMMON)
                0x0000000004004760                . = ALIGN (0x4)
                0x0000000004004760                _bss_end = ABSOLUTE (.)

.heap           0x0000000004004760      0x3e8 load address 0x000000000009fc44
                0x0000000004004760                _heap_start = ABSOLUTE (.)
                0x0000000004004b48                . = (. + _minimum_heap_size)
 *fill*         0x0000000004004760      0x3e8 00

.stack          0x000000000400669c     0x1964 load address 0x00000000000a1b80
                0x000000000400669c                _heap_end = ABSOLUTE (.)
                0x000000000400669c                _stack_low_water_mark = ABSOLUTE (.)
                0x0000000004008000                . = (. + _stack_size)
 *fill*         0x000000000400669c     0x1964 00

.test           0x000000000009bd3c        0x1
                0x000000000009bd3c        0x1 BYTE 0xff
                0x000000000009b530                _flash_data_start = LOADADDR (.data)
                0x000000000000080c                _ram_data_len = (((_ram_data_end - _ram_data_start) + 0x3) & 0xfffffffffffffffc)
                0x0000000000003f08                _bss_len = (((_bss_end - _bss_start) + 0x3) & 0xfffffffffffffffc)
                0x000000000001bd3c                _image_len = ((((_flash_end - _flash_start) + _ram_data_len) + 0x3) & 0xfffffffffffffffc)
                0x0000000004008000                _ram_top = (ABSOLUTE (ORIGIN (ram)) + 0x7fb4)
                0x0000000004008000                ram_top = (ABSOLUTE (ORIGIN (ram)) + 0x7fb4)
                0x0000000001001580                _app_ram_start = 0x1001580
                0x00000000040000c4                PROVIDE (_heap_location, u32HeapStart)
                0x00000000040000c4                PROVIDE (heap_location, u32HeapStart)
OUTPUT(c:/NXP/bstudio_nxp/workspace/JN-AN-1189-ZigBee-HA-Demo1v9/DimmerSwitch/Build/DimmerSwitch_JN5168_DR1199.elf elf32-ba)

.comment        0x0000000000000000       0x11
 .comment       0x0000000000000000       0x12 C:\Users\SVEN~1.YAN\AppData\Local\Temp\cc3IUXp0.ltrans0.ltrans.o
 .comment       0x0000000000000000       0x12 C:\Users\SVEN~1.YAN\AppData\Local\Temp\cc3IUXp0.ltrans1.ltrans.o
 .comment       0x0000000000000000       0x12 C:\Users\SVEN~1.YAN\AppData\Local\Temp\cc3IUXp0.ltrans2.ltrans.o
 .comment       0x0000000000000000       0x12 C:\Users\SVEN~1.YAN\AppData\Local\Temp\cc3IUXp0.ltrans3.ltrans.o
 .comment       0x0000000000000000       0x12 C:\Users\SVEN~1.YAN\AppData\Local\Temp\cc3IUXp0.ltrans4.ltrans.o
 .comment       0x0000000000000000       0x12 C:\Users\SVEN~1.YAN\AppData\Local\Temp\cc3IUXp0.ltrans5.ltrans.o
 .comment       0x0000000000000000       0x12 C:\Users\SVEN~1.YAN\AppData\Local\Temp\cc3IUXp0.ltrans6.ltrans.o
 .comment       0x0000000000000000       0x12 C:\Users\SVEN~1.YAN\AppData\Local\Temp\cc3IUXp0.ltrans7.ltrans.o
 .comment       0x0000000000000000       0x12 C:\Users\SVEN~1.YAN\AppData\Local\Temp\cc3IUXp0.ltrans8.ltrans.o
 .comment       0x0000000000000000       0x12 C:\Users\SVEN~1.YAN\AppData\Local\Temp\cc3IUXp0.ltrans9.ltrans.o
 .comment       0x0000000000000000       0x12 C:\Users\SVEN~1.YAN\AppData\Local\Temp\cc3IUXp0.ltrans10.ltrans.o
 .comment       0x0000000000000000       0x12 C:\Users\SVEN~1.YAN\AppData\Local\Temp\cc3IUXp0.ltrans11.ltrans.o
 .comment       0x0000000000000000       0x12 C:\Users\SVEN~1.YAN\AppData\Local\Temp\cc3IUXp0.ltrans12.ltrans.o
 .comment       0x0000000000000000       0x12 C:\Users\SVEN~1.YAN\AppData\Local\Temp\cc3IUXp0.ltrans13.ltrans.o