Archive member included because of file (symbol)

c:/NXP/bstudio_nxp/sdk/JN-SW-4168/Components/Library\libOS_JN516x.a(os.o)
                              c:/NXP/bstudio_nxp/workspace/JN-AN-1189-ZigBee-HA-Demo1v9_WPI/ColorDimmableLight/Build/os_gen.o (symbol from plugin) (os_vStart)
c:/NXP/bstudio_nxp/sdk/JN-SW-4168/Components/Library\libOS_JN516x.a(os_contirq_JN516x.o)
                              c:/NXP/bstudio_nxp/workspace/JN-AN-1189-ZigBee-HA-Demo1v9_WPI/ColorDimmableLight/Build/os_irq.o (os_UnclaimedException_W)
c:/NXP/bstudio_nxp/sdk/JN-SW-4168/Components/Library\libPWRM_JN516x.a(pwrm.o)
                              c:/NXP/bstudio_nxp/workspace/JN-AN-1189-ZigBee-HA-Demo1v9_WPI/ColorDimmableLight/Build/app_start_light.o (symbol from plugin) (PWRM_vInit)
c:/NXP/bstudio_nxp/sdk/JN-SW-4168/Components/Library\libPWRM_JN516x.a(pwrm_setjmp_JN516x.o)
                              pwrm.o (symbol from plugin) (setjmp)
c:/NXP/bstudio_nxp/sdk/JN-SW-4168/Components/Library\libPWRM_JN516x.a(pwrm_cold_start.o)
                              (AppColdStart)
c:/NXP/bstudio_nxp/sdk/JN-SW-4168/Components/Library\libPWRM_JN516x.a(pwrm_warm_start.o)
                              (AppWarmStart)
c:/NXP/bstudio_nxp/sdk/JN-SW-4168/Components/Library\libPDUM_JN516x.a(pdum_nwk.o)
                              c:/NXP/bstudio_nxp/workspace/JN-AN-1189-ZigBee-HA-Demo1v9_WPI/ColorDimmableLight/Build/pdum_gen.o (symbol from plugin) (pdum_vNPduInit)
c:/NXP/bstudio_nxp/sdk/JN-SW-4168/Components/Library\libPDUM_JN516x.a(pdum_apl.o)
                              c:/NXP/bstudio_nxp/workspace/JN-AN-1189-ZigBee-HA-Demo1v9_WPI/ColorDimmableLight/Build/appZdpExtraction.o (symbol from plugin) (PDUM_u16APduInstanceReadNBO)
c:/NXP/bstudio_nxp/sdk/JN-SW-4168/Components/Library\libPDUM_JN516x.a(pdum.o)
                              pdum_nwk.o (symbol from plugin) (PDUM_u16SizeNBO)
c:/NXP/bstudio_nxp/sdk/JN-SW-4168/Components/Library\libZPSAPL_JN516x.a(zps_apl_af.o)
                              c:/NXP/bstudio_nxp/workspace/JN-AN-1189-ZigBee-HA-Demo1v9_WPI/ColorDimmableLight/Build/zha_light_node.o (symbol from plugin) (ZPS_eAplAfInit)
c:/NXP/bstudio_nxp/sdk/JN-SW-4168/Components/Library\libZPSAPL_JN516x.a(zps_apl_af_apsde.o)
                              c:/NXP/bstudio_nxp/workspace/JN-AN-1189-ZigBee-HA-Demo1v9_WPI/ColorDimmableLight/Build/zps_gen.o (symbol from plugin) (zps_vHandleApsdeDataFragIndNotSupported)
c:/NXP/bstudio_nxp/sdk/JN-SW-4168/Components/Library\libZPSAPL_JN516x.a(zps_apl_task.o)
                              zps_apl_af_apsde.o (symbol from plugin) (zps_vAplAfPostEvent)
c:/NXP/bstudio_nxp/sdk/JN-SW-4168/Components/Library\libZPSAPL_JN516x.a(zps_apl_apsde.o)
                              zps_apl_task.o (symbol from plugin) (ZPS_vAplRegisterApsdeDcfmIndCallbacks)
c:/NXP/bstudio_nxp/sdk/JN-SW-4168/Components/Library\libZPSAPL_JN516x.a(zps_apl_apsme.o)
                              zps_apl_task.o (symbol from plugin) (ZPS_vAplRegisterApsmeDcfmIndCallbacks)
c:/NXP/bstudio_nxp/sdk/JN-SW-4168/Components/Library\libZPSAPL_JN516x.a(zps_apl_aps_nlde.o)
                              zps_apl_task.o (symbol from plugin) (zps_vAplApsHandleNldeDcfmInd)
c:/NXP/bstudio_nxp/sdk/JN-SW-4168/Components/Library\libZPSAPL_JN516x.a(zps_apl_sec.o)
                              zps_apl_task.o (symbol from plugin) (zps_psFindKeyDescr)
c:/NXP/bstudio_nxp/sdk/JN-SW-4168/Components/Library\libZPSAPL_JN516x.a(zps_apl_aib.o)
                              c:/NXP/bstudio_nxp/workspace/JN-AN-1189-ZigBee-HA-Demo1v9_WPI/ColorDimmableLight/Build/app_zbp_utilities.o (symbol from plugin) (zps_psAplAibGetAib)
c:/NXP/bstudio_nxp/sdk/JN-SW-4168/Components/Library\libZPSAPL_JN516x.a(zps_apl_zdo_nwkmanager.o)
                              zps_apl_apsme.o (symbol from plugin) (zps_vAplSaveRecord)
c:/NXP/bstudio_nxp/sdk/JN-SW-4168/Components/Library\libZPSAPL_JN516x.a(zps_apl_zdo_handle_zdp_event.o)
                              zps_apl_task.o (symbol from plugin) (zps_bAplZdoHandleZdpEvent)
c:/NXP/bstudio_nxp/sdk/JN-SW-4168/Components/Library\libZPSAPL_JN516x.a(zps_apl_zdo_trust_center.o)
                              zps_apl_sec.o (symbol from plugin) (zps_eAplTrustCenterFindDevice)
c:/NXP/bstudio_nxp/sdk/JN-SW-4168/Components/Library\libZPSAPL_JN516x.a(zps_apl_zdo_common.o)
                              zps_apl_zdo_nwkmanager.o (symbol from plugin) (zps_eAplZdoNlmeleaveWrapper)
c:/NXP/bstudio_nxp/sdk/JN-SW-4168/Components/Library\libZPSAPL_JN516x.a(zps_apl_zdo_group.o)
                              c:/NXP/bstudio_nxp/workspace/JN-AN-1189-ZigBee-HA-Demo1v9_WPI/ColorDimmableLight/Build/GroupsTableManager.o (symbol from plugin) (zps_eAplZdoGroupEndpointAdd)
c:/NXP/bstudio_nxp/sdk/JN-SW-4168/Components/Library\libZPSAPL_JN516x.a(zps_apl_zdo_default_server.o)
                              c:/NXP/bstudio_nxp/workspace/JN-AN-1189-ZigBee-HA-Demo1v9_WPI/ColorDimmableLight/Build/zps_gen.o (symbol from plugin) (zps_vAplZdoDefaultServerInit)
[...]
Memory Configuration

Name             Origin             Length             Attributes
flash            0x0000000000080000 0x0000000000040000
ram              0x000000000400004c 0x0000000000007fb4
*default*        0x0000000000000000 0xffffffffffffffff

Linker script and memory map

START GROUP
LOAD c:/NXP/bstudio_nxp/workspace/JN-AN-1189-ZigBee-HA-Demo1v9_WPI/ColorDimmableLight/Build/os_gen.o
LOAD C:\Users\SVEN~1.YAN\AppData\Local\Temp\ccincQeG.ltrans0.ltrans.o
LOAD C:\Users\SVEN~1.YAN\AppData\Local\Temp\ccincQeG.ltrans1.ltrans.o
LOAD C:\Users\SVEN~1.YAN\AppData\Local\Temp\ccincQeG.ltrans2.ltrans.o
LOAD C:\Users\SVEN~1.YAN\AppData\Local\Temp\ccincQeG.ltrans3.ltrans.o
LOAD C:\Users\SVEN~1.YAN\AppData\Local\Temp\ccincQeG.ltrans4.ltrans.o
LOAD C:\Users\SVEN~1.YAN\AppData\Local\Temp\ccincQeG.ltrans5.ltrans.o
LOAD C:\Users\SVEN~1.YAN\AppData\Local\Temp\ccincQeG.ltrans6.ltrans.o
LOAD C:\Users\SVEN~1.YAN\AppData\Local\Temp\ccincQeG.ltrans7.ltrans.o
LOAD C:\Users\SVEN~1.YAN\AppData\Local\Temp\ccincQeG.ltrans8.ltrans.o
LOAD C:\Users\SVEN~1.YAN\AppData\Local\Temp\ccincQeG.ltrans9.ltrans.o
LOAD C:\Users\SVEN~1.YAN\AppData\Local\Temp\ccincQeG.ltrans10.ltrans.o
LOAD C:\Users\SVEN~1.YAN\AppData\Local\Temp\ccincQeG.ltrans11.ltrans.o
LOAD C:\Users\SVEN~1.YAN\AppData\Local\Temp\ccincQeG.ltrans12.ltrans.o
LOAD C:\Users\SVEN~1.YAN\AppData\Local\Temp\ccincQeG.ltrans13.ltrans.o
LOAD C:\Users\SVEN~1.YAN\AppData\Local\Temp\ccincQeG.ltrans14.ltrans.o
LOAD C:\Users\SVEN~1.YAN\AppData\Local\Temp\ccincQeG.ltrans15.ltrans.o
LOAD C:\Users\SVEN~1.YAN\AppData\Local\Temp\ccincQeG.ltrans16.ltrans.o
LOAD C:\Users\SVEN~1.YAN\AppData\Local\Temp\ccincQeG.ltrans17.ltrans.o
LOAD C:\Users\SVEN~1.YAN\AppData\Local\Temp\ccincQeG.ltrans18.ltrans.o
LOAD C:\Users\SVEN~1.YAN\AppData\Local\Temp\ccincQeG.ltrans19.ltrans.o
LOAD C:\Users\SVEN~1.YAN\AppData\Local\Temp\ccincQeG.ltrans20.ltrans.o
LOAD C:\Users\SVEN~1.YAN\AppData\Local\Temp\ccincQeG.ltrans21.ltrans.o
LOAD C:\Users\SVEN~1.YAN\AppData\Local\Temp\ccincQeG.ltrans22.ltrans.o
LOAD C:\Users\SVEN~1.YAN\AppData\Local\Temp\ccincQeG.ltrans23.ltrans.o
LOAD C:\Users\SVEN~1.YAN\AppData\Local\Temp\ccincQeG.ltrans24.ltrans.o
LOAD C:\Users\SVEN~1.YAN\AppData\Local\Temp\ccincQeG.ltrans25.ltrans.o
LOAD C:\Users\SVEN~1.YAN\AppData\Local\Temp\ccincQeG.ltrans26.ltrans.o
LOAD C:\Users\SVEN~1.YAN\AppData\Local\Temp\ccincQeG.ltrans27.ltrans.o
LOAD C:\Users\SVEN~1.YAN\AppData\Local\Temp\ccincQeG.ltrans28.ltrans.o
LOAD C:\Users\SVEN~1.YAN\AppData\Local\Temp\ccincQeG.ltrans29.ltrans.o
LOAD C:\Users\SVEN~1.YAN\AppData\Local\Temp\ccincQeG.ltrans30.ltrans.o
LOAD C:\Users\SVEN~1.YAN\AppData\Local\Temp\ccincQeG.ltrans31.ltrans.o
LOAD c:/nxp/bstudio_nxp/sdk/tools/ba-elf-ba2-r36379/bin/../lib/gcc/ba-elf/4.7.4/../../../../ba-elf/lib/mcpu_jn51xx_sizeopt\libc.a
LOAD c:/nxp/bstudio_nxp/sdk/tools/ba-elf-ba2-r36379/bin/../lib/gcc/ba-elf/4.7.4/mcpu_jn51xx_sizeopt\libgcc.a
LOAD c:/nxp/bstudio_nxp/sdk/tools/ba-elf-ba2-r36379/bin/../lib/gcc/ba-elf/4.7.4/../../../../ba-elf/lib/mcpu_jn51xx_sizeopt\libc.a
LOAD c:/NXP/bstudio_nxp/workspace/JN-AN-1189-ZigBee-HA-Demo1v9_WPI/ColorDimmableLight/Build/os_irq.o
LOAD c:/NXP/bstudio_nxp/workspace/JN-AN-1189-ZigBee-HA-Demo1v9_WPI/ColorDimmableLight/Build/os_irq_alignment.o
LOAD c:/NXP/bstudio_nxp/workspace/JN-AN-1189-ZigBee-HA-Demo1v9_WPI/ColorDimmableLight/Build/os_irq_buserror.o
LOAD c:/NXP/bstudio_nxp/workspace/JN-AN-1189-ZigBee-HA-Demo1v9_WPI/ColorDimmableLight/Build/os_irq_illegalinstruction.o
LOAD c:/NXP/bstudio_nxp/workspace/JN-AN-1189-ZigBee-HA-Demo1v9_WPI/ColorDimmableLight/Build/os_irq_stackoverflowexception.o
LOAD c:/NXP/bstudio_nxp/workspace/JN-AN-1189-ZigBee-HA-Demo1v9_WPI/ColorDimmableLight/Build/os_irq_unimplementedmodule.o
LOAD c:/NXP/bstudio_nxp/workspace/JN-AN-1189-ZigBee-HA-Demo1v9_WPI/ColorDimmableLight/Build/pdum_gen.o
LOAD c:/NXP/bstudio_nxp/workspace/JN-AN-1189-ZigBee-HA-Demo1v9_WPI/ColorDimmableLight/Build/pdum_apdu.o
LOAD c:/NXP/bstudio_nxp/workspace/JN-AN-1189-ZigBee-HA-Demo1v9_WPI/ColorDimmableLight/Build/zps_gen.o
LOAD c:/NXP/bstudio_nxp/workspace/JN-AN-1189-ZigBee-HA-Demo1v9_WPI/ColorDimmableLight/Build/app_timer_driver.o
LOAD c:/NXP/bstudio_nxp/workspace/JN-AN-1189-ZigBee-HA-Demo1v9_WPI/ColorDimmableLight/Build/app_start_light.o
LOAD c:/NXP/bstudio_nxp/workspace/JN-AN-1189-ZigBee-HA-Demo1v9_WPI/ColorDimmableLight/Build/app_manage_temperature.o
LOAD c:/NXP/bstudio_nxp/workspace/JN-AN-1189-ZigBee-HA-Demo1v9_WPI/ColorDimmableLight/Build/app_light_interpolation.o
LOAD c:/NXP/bstudio_nxp/workspace/JN-AN-1189-ZigBee-HA-Demo1v9_WPI/ColorDimmableLight/Build/app_zbp_utilities.o
LOAD c:/NXP/bstudio_nxp/workspace/JN-AN-1189-ZigBee-HA-Demo1v9_WPI/ColorDimmableLight/Build/app_exceptions.o
LOAD c:/NXP/bstudio_nxp/workspace/JN-AN-1189-ZigBee-HA-Demo1v9_WPI/ColorDimmableLight/Build/app_pdm.o
LOAD c:/NXP/bstudio_nxp/workspace/JN-AN-1189-ZigBee-HA-Demo1v9_WPI/ColorDimmableLight/Build/app_power_on_counter.o
LOAD c:/NXP/bstudio_nxp/workspace/JN-AN-1189-ZigBee-HA-Demo1v9_WPI/ColorDimmableLight/Build/app_light_effect.o
LOAD c:/NXP/bstudio_nxp/workspace/JN-AN-1189-ZigBee-HA-Demo1v9_WPI/ColorDimmableLight/Build/App_ColorDimmableLight.o
LOAD c:/NXP/bstudio_nxp/workspace/JN-AN-1189-ZigBee-HA-Demo1v9_WPI/ColorDimmableLight/Build/zha_light_node.o
LOAD c:/NXP/bstudio_nxp/workspace/JN-AN-1189-ZigBee-HA-Demo1v9_WPI/ColorDimmableLight/Build/app_zcl_light_task.o
LOAD c:/NXP/bstudio_nxp/workspace/JN-AN-1189-ZigBee-HA-Demo1v9_WPI/ColorDimmableLight/Build/AgeChildren.o
LOAD c:/NXP/bstudio_nxp/workspace/JN-AN-1189-ZigBee-HA-Demo1v9_WPI/ColorDimmableLight/Build/app_reporting.o
LOAD c:/NXP/bstudio_nxp/workspace/JN-AN-1189-ZigBee-HA-Demo1v9_WPI/ColorDimmableLight/Build/app_scenes.o
LOAD c:/NXP/bstudio_nxp/workspace/JN-AN-1189-ZigBee-HA-Demo1v9_WPI/ColorDimmableLight/Build/appZdpExtraction.o
LOAD c:/NXP/bstudio_nxp/workspace/JN-AN-1189-ZigBee-HA-Demo1v9_WPI/ColorDimmableLight/Build/appZpsBeaconHandler.o
LOAD c:/NXP/bstudio_nxp/workspace/JN-AN-1189-ZigBee-HA-Demo1v9_WPI/ColorDimmableLight/Build/haEzFindAndBind.o
LOAD c:/NXP/bstudio_nxp/workspace/JN-AN-1189-ZigBee-HA-Demo1v9_WPI/ColorDimmableLight/Build/haEzJoin.o
LOAD c:/NXP/bstudio_nxp/workspace/JN-AN-1189-ZigBee-HA-Demo1v9_WPI/ColorDimmableLight/Build/haKeys.o
LOAD c:/NXP/bstudio_nxp/workspace/JN-AN-1189-ZigBee-HA-Demo1v9_WPI/ColorDimmableLight/Build/DriverBulb_DR1175.o
LOAD c:/NXP/bstudio_nxp/workspace/JN-AN-1189-ZigBee-HA-Demo1v9_WPI/ColorDimmableLight/Build/DriverBulb_Shim.o
LOAD c:/NXP/bstudio_nxp/workspace/JN-AN-1189-ZigBee-HA-Demo1v9_WPI/ColorDimmableLight/Build/Alarms.o
LOAD c:/NXP/bstudio_nxp/workspace/JN-AN-1189-ZigBee-HA-Demo1v9_WPI/ColorDimmableLight/Build/AlarmsClientCommands.o
LOAD c:/NXP/bstudio_nxp/workspace/JN-AN-1189-ZigBee-HA-Demo1v9_WPI/ColorDimmableLight/Build/AlarmsCommandHandler.o
LOAD c:/NXP/bstudio_nxp/workspace/JN-AN-1189-ZigBee-HA-Demo1v9_WPI/ColorDimmableLight/Build/AlarmsServerCommands.o
LOAD c:/NXP/bstudio_nxp/workspace/JN-AN-1189-ZigBee-HA-Demo1v9_WPI/ColorDimmableLight/Build/AlarmsTableManager.o
LOAD c:/NXP/bstudio_nxp/workspace/JN-AN-1189-ZigBee-HA-Demo1v9_WPI/ColorDimmableLight/Build/Basic.o
LOAD c:/NXP/bstudio_nxp/workspace/JN-AN-1189-ZigBee-HA-Demo1v9_WPI/ColorDimmableLight/Build/BasicClientCommands.o
LOAD c:/NXP/bstudio_nxp/workspace/JN-AN-1189-ZigBee-HA-Demo1v9_WPI/ColorDimmableLight/Build/BasicCommandHandler.o
LOAD c:/NXP/bstudio_nxp/workspace/JN-AN-1189-ZigBee-HA-Demo1v9_WPI/ColorDimmableLight/Build/BinaryInputBasic.o
LOAD c:/NXP/bstudio_nxp/workspace/JN-AN-1189-ZigBee-HA-Demo1v9_WPI/ColorDimmableLight/Build/Commissioning.o
LOAD c:/NXP/bstudio_nxp/workspace/JN-AN-1189-ZigBee-HA-Demo1v9_WPI/ColorDimmableLight/Build/DeviceTemperatureConfiguration.o
LOAD c:/NXP/bstudio_nxp/workspace/JN-AN-1189-ZigBee-HA-Demo1v9_WPI/ColorDimmableLight/Build/Diagnostics.o
LOAD c:/NXP/bstudio_nxp/workspace/JN-AN-1189-ZigBee-HA-Demo1v9_WPI/ColorDimmableLight/Build/DoorLock.o
LOAD c:/NXP/bstudio_nxp/workspace/JN-AN-1189-ZigBee-HA-Demo1v9_WPI/ColorDimmableLight/Build/DoorLockCommandHandler.o
LOAD c:/NXP/bstudio_nxp/workspace/JN-AN-1189-ZigBee-HA-Demo1v9_WPI/ColorDimmableLight/Build/DoorLockCommands.o
LOAD c:/NXP/bstudio_nxp/workspace/JN-AN-1189-ZigBee-HA-Demo1v9_WPI/ColorDimmableLight/Build/ElectricalMeasurement.o
LOAD c:/NXP/bstudio_nxp/workspace/JN-AN-1189-ZigBee-HA-Demo1v9_WPI/ColorDimmableLight/Build/Groups.o
LOAD c:/NXP/bstudio_nxp/workspace/JN-AN-1189-ZigBee-HA-Demo1v9_WPI/ColorDimmableLight/Build/GroupsClientCommands.o
LOAD c:/NXP/bstudio_nxp/workspace/JN-AN-1189-ZigBee-HA-Demo1v9_WPI/ColorDimmableLight/Build/GroupsCommandHandler.o
LOAD c:/NXP/bstudio_nxp/workspace/JN-AN-1189-ZigBee-HA-Demo1v9_WPI/ColorDimmableLight/Build/GroupsServerCommands.o
LOAD c:/NXP/bstudio_nxp/workspace/JN-AN-1189-ZigBee-HA-Demo1v9_WPI/ColorDimmableLight/Build/GroupsTableManager.o
LOAD c:/NXP/bstudio_nxp/workspace/JN-AN-1189-ZigBee-HA-Demo1v9_WPI/ColorDimmableLight/Build/Identify.o
LOAD c:/NXP/bstudio_nxp/workspace/JN-AN-1189-ZigBee-HA-Demo1v9_WPI/ColorDimmableLight/Build/IdentifyClientCommands.o
LOAD c:/NXP/bstudio_nxp/workspace/JN-AN-1189-ZigBee-HA-Demo1v9_WPI/ColorDimmableLight/Build/IdentifyCommandHandler.o
LOAD c:/NXP/bstudio_nxp/workspace/JN-AN-1189-ZigBee-HA-Demo1v9_WPI/ColorDimmableLight/Build/IdentifyServerCommands.o
LOAD c:/NXP/bstudio_nxp/workspace/JN-AN-1189-ZigBee-HA-Demo1v9_WPI/ColorDimmableLight/Build/LevelControl.o
LOAD c:/NXP/bstudio_nxp/workspace/JN-AN-1189-ZigBee-HA-Demo1v9_WPI/ColorDimmableLight/Build/LevelControlClientCommands.o
LOAD c:/NXP/bstudio_nxp/workspace/JN-AN-1189-ZigBee-HA-Demo1v9_WPI/ColorDimmableLight/Build/LevelControlCommandHandler.o
LOAD c:/NXP/bstudio_nxp/workspace/JN-AN-1189-ZigBee-HA-Demo1v9_WPI/ColorDimmableLight/Build/OOSC.o
LOAD c:/NXP/bstudio_nxp/workspace/JN-AN-1189-ZigBee-HA-Demo1v9_WPI/ColorDimmableLight/Build/OnOff.o
LOAD c:/NXP/bstudio_nxp/workspace/JN-AN-1189-ZigBee-HA-Demo1v9_WPI/ColorDimmableLight/Build/OnOffCommandHandler.o
LOAD c:/NXP/bstudio_nxp/workspace/JN-AN-1189-ZigBee-HA-Demo1v9_WPI/ColorDimmableLight/Build/OnOffCommands.o
LOAD c:/NXP/bstudio_nxp/workspace/JN-AN-1189-ZigBee-HA-Demo1v9_WPI/ColorDimmableLight/Build/PollControl.o
LOAD c:/NXP/bstudio_nxp/workspace/JN-AN-1189-ZigBee-HA-Demo1v9_WPI/ColorDimmableLight/Build/PollControlClientCommands.o
LOAD c:/NXP/bstudio_nxp/workspace/JN-AN-1189-ZigBee-HA-Demo1v9_WPI/ColorDimmableLight/Build/PollControlCommandHandler.o
LOAD c:/NXP/bstudio_nxp/workspace/JN-AN-1189-ZigBee-HA-Demo1v9_WPI/ColorDimmableLight/Build/PollControlServerCommands.o
LOAD c:/NXP/bstudio_nxp/workspace/JN-AN-1189-ZigBee-HA-Demo1v9_WPI/ColorDimmableLight/Build/PowerConfiguration.o
LOAD c:/NXP/bstudio_nxp/workspace/JN-AN-1189-ZigBee-HA-Demo1v9_WPI/ColorDimmableLight/Build/Scenes.o
LOAD c:/NXP/bstudio_nxp/workspace/JN-AN-1189-ZigBee-HA-Demo1v9_WPI/ColorDimmableLight/Build/ScenesClientCommands.o
LOAD c:/NXP/bstudio_nxp/workspace/JN-AN-1189-ZigBee-HA-Demo1v9_WPI/ColorDimmableLight/Build/ScenesClusterManagement.o
LOAD c:/NXP/bstudio_nxp/workspace/JN-AN-1189-ZigBee-HA-Demo1v9_WPI/ColorDimmableLight/Build/ScenesCommandHandler.o
LOAD c:/NXP/bstudio_nxp/workspace/JN-AN-1189-ZigBee-HA-Demo1v9_WPI/ColorDimmableLight/Build/ScenesServerCommands.o
LOAD c:/NXP/bstudio_nxp/workspace/JN-AN-1189-ZigBee-HA-Demo1v9_WPI/ColorDimmableLight/Build/ScenesTableManager.o
LOAD c:/NXP/bstudio_nxp/workspace/JN-AN-1189-ZigBee-HA-Demo1v9_WPI/ColorDimmableLight/Build/TC.o
LOAD c:/NXP/bstudio_nxp/workspace/JN-AN-1189-ZigBee-HA-Demo1v9_WPI/ColorDimmableLight/Build/Time.o
LOAD c:/NXP/bstudio_nxp/workspace/JN-AN-1189-ZigBee-HA-Demo1v9_WPI/ColorDimmableLight/Build/FlowMeasurement.o
LOAD c:/NXP/bstudio_nxp/workspace/JN-AN-1189-ZigBee-HA-Demo1v9_WPI/ColorDimmableLight/Build/IlluminanceLevelSensing.o
LOAD c:/NXP/bstudio_nxp/workspace/JN-AN-1189-ZigBee-HA-Demo1v9_WPI/ColorDimmableLight/Build/IlluminanceMeasurement.o
LOAD c:/NXP/bstudio_nxp/workspace/JN-AN-1189-ZigBee-HA-Demo1v9_WPI/ColorDimmableLight/Build/OccupancySensing.o
LOAD c:/NXP/bstudio_nxp/workspace/JN-AN-1189-ZigBee-HA-Demo1v9_WPI/ColorDimmableLight/Build/PressureMeasurement.o
LOAD c:/NXP/bstudio_nxp/workspace/JN-AN-1189-ZigBee-HA-Demo1v9_WPI/ColorDimmableLight/Build/RelativeHumidityMeasurement.o
LOAD c:/NXP/bstudio_nxp/workspace/JN-AN-1189-ZigBee-HA-Demo1v9_WPI/ColorDimmableLight/Build/TemperatureMeasurement.o
LOAD c:/NXP/bstudio_nxp/workspace/JN-AN-1189-ZigBee-HA-Demo1v9_WPI/ColorDimmableLight/Build/BallastConfiguration.o
LOAD c:/NXP/bstudio_nxp/workspace/JN-AN-1189-ZigBee-HA-Demo1v9_WPI/ColorDimmableLight/Build/ColourControl.o
LOAD c:/NXP/bstudio_nxp/workspace/JN-AN-1189-ZigBee-HA-Demo1v9_WPI/ColorDimmableLight/Build/ColourControlClientCommands.o
LOAD c:/NXP/bstudio_nxp/workspace/JN-AN-1189-ZigBee-HA-Demo1v9_WPI/ColorDimmableLight/Build/ColourControlCommandHandler.o
LOAD c:/NXP/bstudio_nxp/workspace/JN-AN-1189-ZigBee-HA-Demo1v9_WPI/ColorDimmableLight/Build/ColourControlConversions.o
LOAD c:/NXP/bstudio_nxp/workspace/JN-AN-1189-ZigBee-HA-Demo1v9_WPI/ColorDimmableLight/Build/colour_dimmable_light.o
LOAD c:/NXP/bstudio_nxp/workspace/JN-AN-1189-ZigBee-HA-Demo1v9_WPI/ColorDimmableLight/Build/colour_dimmer_switch.o
LOAD c:/NXP/bstudio_nxp/workspace/JN-AN-1189-ZigBee-HA-Demo1v9_WPI/ColorDimmableLight/Build/dimmable_light.o
LOAD c:/NXP/bstudio_nxp/workspace/JN-AN-1189-ZigBee-HA-Demo1v9_WPI/ColorDimmableLight/Build/dimmer_switch.o
LOAD c:/NXP/bstudio_nxp/workspace/JN-AN-1189-ZigBee-HA-Demo1v9_WPI/ColorDimmableLight/Build/light_sensor.o
LOAD c:/NXP/bstudio_nxp/workspace/JN-AN-1189-ZigBee-HA-Demo1v9_WPI/ColorDimmableLight/Build/occupancy_sensor.o
LOAD c:/NXP/bstudio_nxp/workspace/JN-AN-1189-ZigBee-HA-Demo1v9_WPI/ColorDimmableLight/Build/on_off_light.o
LOAD c:/NXP/bstudio_nxp/workspace/JN-AN-1189-ZigBee-HA-Demo1v9_WPI/ColorDimmableLight/Build/on_off_light_switch.o
LOAD c:/NXP/bstudio_nxp/workspace/JN-AN-1189-ZigBee-HA-Demo1v9_WPI/ColorDimmableLight/Build/ha.o
LOAD c:/NXP/bstudio_nxp/workspace/JN-AN-1189-ZigBee-HA-Demo1v9_WPI/ColorDimmableLight/Build/door_lock.o
LOAD c:/NXP/bstudio_nxp/workspace/JN-AN-1189-ZigBee-HA-Demo1v9_WPI/ColorDimmableLight/Build/door_lock_controller.o
LOAD c:/NXP/bstudio_nxp/workspace/JN-AN-1189-ZigBee-HA-Demo1v9_WPI/ColorDimmableLight/Build/on_off_output.o
LOAD c:/NXP/bstudio_nxp/workspace/JN-AN-1189-ZigBee-HA-Demo1v9_WPI/ColorDimmableLight/Build/on_off_switch.o
LOAD c:/NXP/bstudio_nxp/workspace/JN-AN-1189-ZigBee-HA-Demo1v9_WPI/ColorDimmableLight/Build/remote_control.o
LOAD c:/NXP/bstudio_nxp/workspace/JN-AN-1189-ZigBee-HA-Demo1v9_WPI/ColorDimmableLight/Build/simple_sensor.o
LOAD c:/NXP/bstudio_nxp/workspace/JN-AN-1189-ZigBee-HA-Demo1v9_WPI/ColorDimmableLight/Build/smart_plug.o
LOAD c:/NXP/bstudio_nxp/workspace/JN-AN-1189-ZigBee-HA-Demo1v9_WPI/ColorDimmableLight/Build/dlist.o
LOAD c:/NXP/bstudio_nxp/workspace/JN-AN-1189-ZigBee-HA-Demo1v9_WPI/ColorDimmableLight/Build/zcl.o
LOAD c:/NXP/bstudio_nxp/workspace/JN-AN-1189-ZigBee-HA-Demo1v9_WPI/ColorDimmableLight/Build/zcl_CustomCommandReceive.o
LOAD c:/NXP/bstudio_nxp/workspace/JN-AN-1189-ZigBee-HA-Demo1v9_WPI/ColorDimmableLight/Build/zcl_CustomCommandSend.o
LOAD c:/NXP/bstudio_nxp/workspace/JN-AN-1189-ZigBee-HA-Demo1v9_WPI/ColorDimmableLight/Build/zcl_PDUbufferReadWrite.o
LOAD c:/NXP/bstudio_nxp/workspace/JN-AN-1189-ZigBee-HA-Demo1v9_WPI/ColorDimmableLight/Build/zcl_PDUbufferReadWriteString.o
LOAD c:/NXP/bstudio_nxp/workspace/JN-AN-1189-ZigBee-HA-Demo1v9_WPI/ColorDimmableLight/Build/zcl_WriteAttributesRequestHandle.o
LOAD c:/NXP/bstudio_nxp/workspace/JN-AN-1189-ZigBee-HA-Demo1v9_WPI/ColorDimmableLight/Build/zcl_WriteAttributesRequestSend.o
LOAD c:/NXP/bstudio_nxp/workspace/JN-AN-1189-ZigBee-HA-Demo1v9_WPI/ColorDimmableLight/Build/zcl_WriteAttributesResponseHandle.o
LOAD c:/NXP/bstudio_nxp/workspace/JN-AN-1189-ZigBee-HA-Demo1v9_WPI/ColorDimmableLight/Build/zcl_attribute.o
LOAD c:/NXP/bstudio_nxp/workspace/JN-AN-1189-ZigBee-HA-Demo1v9_WPI/ColorDimmableLight/Build/zcl_buffer.o
LOAD c:/NXP/bstudio_nxp/workspace/JN-AN-1189-ZigBee-HA-Demo1v9_WPI/ColorDimmableLight/Build/zcl_clusterCommand.o
LOAD c:/NXP/bstudio_nxp/workspace/JN-AN-1189-ZigBee-HA-Demo1v9_WPI/ColorDimmableLight/Build/zcl_command.o
LOAD c:/NXP/bstudio_nxp/workspace/JN-AN-1189-ZigBee-HA-Demo1v9_WPI/ColorDimmableLight/Build/zcl_configureReportingCommandHandle.o
LOAD c:/NXP/bstudio_nxp/workspace/JN-AN-1189-ZigBee-HA-Demo1v9_WPI/ColorDimmableLight/Build/zcl_configureReportingCommandSend.o
LOAD c:/NXP/bstudio_nxp/workspace/JN-AN-1189-ZigBee-HA-Demo1v9_WPI/ColorDimmableLight/Build/zcl_configureReportingResponseHandle.o
LOAD c:/NXP/bstudio_nxp/workspace/JN-AN-1189-ZigBee-HA-Demo1v9_WPI/ColorDimmableLight/Build/zcl_defaultResponse.o
LOAD c:/NXP/bstudio_nxp/workspace/JN-AN-1189-ZigBee-HA-Demo1v9_WPI/ColorDimmableLight/Build/zcl_discoverAttributesExtendedRequestHandle.o
LOAD c:/NXP/bstudio_nxp/workspace/JN-AN-1189-ZigBee-HA-Demo1v9_WPI/ColorDimmableLight/Build/zcl_discoverAttributesExtendedRequestSend.o
LOAD c:/NXP/bstudio_nxp/workspace/JN-AN-1189-ZigBee-HA-Demo1v9_WPI/ColorDimmableLight/Build/zcl_discoverAttributesExtendedResponseHandle.o
LOAD c:/NXP/bstudio_nxp/workspace/JN-AN-1189-ZigBee-HA-Demo1v9_WPI/ColorDimmableLight/Build/zcl_discoverAttributesRequestHandle.o
LOAD c:/NXP/bstudio_nxp/workspace/JN-AN-1189-ZigBee-HA-Demo1v9_WPI/ColorDimmableLight/Build/zcl_discoverAttributesRequestSend.o
LOAD c:/NXP/bstudio_nxp/workspace/JN-AN-1189-ZigBee-HA-Demo1v9_WPI/ColorDimmableLight/Build/zcl_discoverAttributesResponseHandle.o
LOAD c:/NXP/bstudio_nxp/workspace/JN-AN-1189-ZigBee-HA-Demo1v9_WPI/ColorDimmableLight/Build/zcl_discoverCommandsRequestHandle.o
LOAD c:/NXP/bstudio_nxp/workspace/JN-AN-1189-ZigBee-HA-Demo1v9_WPI/ColorDimmableLight/Build/zcl_discoverCommandsRequestSend.o
LOAD c:/NXP/bstudio_nxp/workspace/JN-AN-1189-ZigBee-HA-Demo1v9_WPI/ColorDimmableLight/Build/zcl_discoverCommandsResponseHandle.o
LOAD c:/NXP/bstudio_nxp/workspace/JN-AN-1189-ZigBee-HA-Demo1v9_WPI/ColorDimmableLight/Build/zcl_event.o
LOAD c:/NXP/bstudio_nxp/workspace/JN-AN-1189-ZigBee-HA-Demo1v9_WPI/ColorDimmableLight/Build/zcl_heap.o
LOAD c:/NXP/bstudio_nxp/workspace/JN-AN-1189-ZigBee-HA-Demo1v9_WPI/ColorDimmableLight/Build/zcl_library_options.o
LOAD c:/NXP/bstudio_nxp/workspace/JN-AN-1189-ZigBee-HA-Demo1v9_WPI/ColorDimmableLight/Build/zcl_readAttributesRequestHandle.o
LOAD c:/NXP/bstudio_nxp/workspace/JN-AN-1189-ZigBee-HA-Demo1v9_WPI/ColorDimmableLight/Build/zcl_readAttributesRequestSend.o
LOAD c:/NXP/bstudio_nxp/workspace/JN-AN-1189-ZigBee-HA-Demo1v9_WPI/ColorDimmableLight/Build/zcl_readAttributesResponseHandle.o
LOAD c:/NXP/bstudio_nxp/workspace/JN-AN-1189-ZigBee-HA-Demo1v9_WPI/ColorDimmableLight/Build/zcl_readReportingConfigurationCommandHandle.o
LOAD c:/NXP/bstudio_nxp/workspace/JN-AN-1189-ZigBee-HA-Demo1v9_WPI/ColorDimmableLight/Build/zcl_readReportingConfigurationCommandSend.o
LOAD c:/NXP/bstudio_nxp/workspace/JN-AN-1189-ZigBee-HA-Demo1v9_WPI/ColorDimmableLight/Build/zcl_readReportingConfigurationResponseHandle.o
LOAD c:/NXP/bstudio_nxp/workspace/JN-AN-1189-ZigBee-HA-Demo1v9_WPI/ColorDimmableLight/Build/zcl_reportManager.o
LOAD c:/NXP/bstudio_nxp/workspace/JN-AN-1189-ZigBee-HA-Demo1v9_WPI/ColorDimmableLight/Build/zcl_reportMaths.o
LOAD c:/NXP/bstudio_nxp/workspace/JN-AN-1189-ZigBee-HA-Demo1v9_WPI/ColorDimmableLight/Build/zcl_reportScheduler.o
LOAD c:/NXP/bstudio_nxp/workspace/JN-AN-1189-ZigBee-HA-Demo1v9_WPI/ColorDimmableLight/Build/zcl_reportStringHandling.o
LOAD c:/NXP/bstudio_nxp/workspace/JN-AN-1189-ZigBee-HA-Demo1v9_WPI/ColorDimmableLight/Build/zcl_reportStructure.o
LOAD c:/NXP/bstudio_nxp/workspace/JN-AN-1189-ZigBee-HA-Demo1v9_WPI/ColorDimmableLight/Build/zcl_search.o
LOAD c:/NXP/bstudio_nxp/workspace/JN-AN-1189-ZigBee-HA-Demo1v9_WPI/ColorDimmableLight/Build/zcl_timer.o
LOAD c:/NXP/bstudio_nxp/workspace/JN-AN-1189-ZigBee-HA-Demo1v9_WPI/ColorDimmableLight/Build/zcl_transmit.o
LOAD c:/NXP/bstudio_nxp/sdk/JN-SW-4168/Components/Library\libZPSMAC_Mini_JN516x.a
LOAD c:/NXP/bstudio_nxp/sdk/JN-SW-4168/Components/Library\libOS_JN516x.a
LOAD c:/NXP/bstudio_nxp/sdk/JN-SW-4168/Components/Library\libPWRM_JN516x.a
LOAD c:/NXP/bstudio_nxp/sdk/JN-SW-4168/Components/Library\libZPSTSV_JN516x.a
LOAD c:/NXP/bstudio_nxp/sdk/JN-SW-4168/Components/Library\libAES_SW_JN516x.a
LOAD c:/NXP/bstudio_nxp/sdk/JN-SW-4168/Components/Library\libPDUM_JN516x.a
LOAD c:/NXP/bstudio_nxp/sdk/JN-SW-4168/Components/Library\libZPSAPL_JN516x.a
LOAD c:/NXP/bstudio_nxp/sdk/JN-SW-4168/Components/Library\libRandom_JN516x.a
LOAD c:/NXP/bstudio_nxp/sdk/JN-SW-4168/Components/Library\libPDM_EEPROM_JN516x.a
LOAD c:/NXP/bstudio_nxp/sdk/JN-SW-4168/Components/Library\libDBG_JN516x.a
LOAD c:/NXP/bstudio_nxp/sdk/JN-SW-4168/Components/Library\libZPSNWK_JN516x.a
LOAD c:/NXP/bstudio_nxp/sdk/JN-SW-4168/Components/Library\libRecal_JN516x.a
LOAD c:/NXP/bstudio_nxp/sdk/JN-SW-4168/Components/Library\libMiniMac_JN516x.a
LOAD c:/NXP/bstudio_nxp/sdk/JN-SW-4168/Components/Library\libMiniMacShim_JN516x.a
LOAD c:/NXP/bstudio_nxp/sdk/JN-SW-4168/Components/Library\libMMAC_JN516x.a
LOAD c:/NXP/bstudio_nxp/sdk/JN-SW-4168/Components/Library\libAes_JN516x.a
LOAD c:/NXP/bstudio_nxp/sdk/JN-SW-4168/Components/Library\libHardwareApi_JN516x.a
LOAD c:/NXP/bstudio_nxp/sdk/JN-SW-4168/Components/Library\libMicroSpecific_JN516x.a
LOAD c:/NXP/bstudio_nxp/sdk/JN-SW-4168/Components/Library\libBoot_JN516x.a
LOAD c:/NXP/bstudio_nxp/sdk/JN-SW-4168/Platform/DK4/Library\libBoardLib_JN516x.a
LOAD c:/nxp/bstudio_nxp/sdk/tools/ba-elf-ba2-r36379/bin/../lib/gcc/ba-elf/4.7.4/../../../../ba-elf/lib/mcpu_jn51xx_sizeopt\libm.a
END GROUP
LOAD c:/nxp/bstudio_nxp/sdk/tools/ba-elf-ba2-r36379/bin/../lib/gcc/ba-elf/4.7.4/../../../../ba-elf/lib/mcpu_jn51xx_sizeopt\libc.a
LOAD c:/nxp/bstudio_nxp/sdk/tools/ba-elf-ba2-r36379/bin/../lib/gcc/ba-elf/4.7.4/mcpu_jn51xx_sizeopt\libgcc.a
LOAD c:/nxp/bstudio_nxp/sdk/tools/ba-elf-ba2-r36379/bin/../lib/gcc/ba-elf/4.7.4/../../../../ba-elf/lib/mcpu_jn51xx_sizeopt\libc.a
                0x00000000000003e8                _minimum_heap_size = 0x3e8
                0x0000000000001194                _stack_size = 0x1194
                0x0000000000080038                _exception_vsr_table = 0x80038
                0x0000000004000000                pSPIflashFncTable = 0x4000000
                0x00000000000003e8                _minimum_heap_size = 0x3e8
                0x0000000000001194                _stack_size = 0x1194
                0x0000000000000044                restore_state = 0x44
                0x000000000000004a                bZSPIWaitWIPClear = 0x4a
                0x0000000000000050                u16ZSPIflashRDID = 0x50
                0x0000000000000056                u8SelectFlashChipType = 0x56
                0x000000000000005c                memcpy = 0x5c
                0x0000000000000066                vBootFlashProg = 0x66
                [0x00000000000003e8]                _minimum_heap_size = DEFINED (_minimum_heap_size)?_minimum_heap_size:0xd16
                0x0000000000000000                _SwConfig = (DEFINED (g_bSWConf_Debug) | (DEFINED (g_bSWConf_AltDebugPort) << 0x1))

.version        0x000000000007fffc        0x4
                0x000000000007fffc        0x4 LONG 0x7030008

.bir            0x0000000000080000       0x10
                0x0000000000080000                _flash_start = ABSOLUTE (.)
                0x0000000000080000                _flash_beg = ABSOLUTE (.)
                0x0000000000080000        0x4 LONG 0x12345678
                0x0000000000080004        0x4 LONG 0x11223344
                0x0000000000080008        0x4 LONG 0x55667788
                0x000000000008000c        0x1 BYTE 0x8
                0x000000000008000d        0x1 BYTE 0x1
                0x000000000008000e        0x2 SHORT 0x0

.flashheader    0x0000000000080010       0x28
                0x0000000000080010        0x4 LONG 0x0
                0x0000000000080014        0x4 LONG 0x0
                0x0000000000080018        0x4 LONG 0x0
                0x000000000008001c        0x2 SHORT 0x0
                0x000000000008001e        0x2 SHORT 0x0 ABSOLUTE (_SwConfig)
                0x0000000000080020                _enc_start = ABSOLUTE (.)
                0x0000000000080020        0x4 LONG 0x26e50 ABSOLUTE (_image_len)
                0x0000000000080010                _enc_offset = (_enc_start & 0xf)
                [0x0000000000080030]                _enc_start = (_enc_start - _flash_beg)
                0x0000000000080024        0x4 LONG 0xa6570 ABSOLUTE (_flash_data_start)
                0x0000000000080028        0x2 SHORT 0x13 ((ABSOLUTE (_ram_data_start) / 0x4) & 0xffff)
                0x000000000008002a        0x2 SHORT 0x238 ((ABSOLUTE (_ram_data_len) / 0x4) & 0xffff)
                0x000000000008002c        0x2 SHORT 0x24b ((ABSOLUTE (_bss_start) / 0x4) & 0xffff)
                0x000000000008002e        0x2 SHORT 0xf73 ((ABSOLUTE (_bss_len) / 0x4) & 0xffff)
                0x0000000000080030        0x4 LONG 0xa1cd4 ABSOLUTE (AppWarmStart)
                0x0000000000080034        0x4 LONG 0xa1cdf ABSOLUTE (AppColdStart)
                0x0000000000000000                _enc_offset = (_enc_start & 0xf)

.ro_mac_address
                0x0000000000080040        0x0
                0x0000000000080040                _FlsMACAddress = ABSOLUTE (.)
 *(.ro_mac_address)
                0x0000000000080040                . = ALIGN (0x10)

.ro_ota_header  0x0000000000080040        0x0
                0x0000000000080040                _FlsOtaHeader = ABSOLUTE (.)
 *(.ro_ota_header)
                0x0000000000080040                . = ALIGN (0x10)

.ro_se_lnkKey   0x0000000000080040        0x0
                0x0000000000080040                _FlsLinkKey = ABSOLUTE (.)
 *(.ro_se_lnkKey)
                0x0000000000080040                . = ALIGN (0x10)

.rodata         0x0000000000080038     0x1051
 *(.rodata*)
 .rodata.str1.1
                0x0000000000080038       0xa1 C:\Users\SVEN~1.YAN\AppData\Local\Temp\ccincQeG.ltrans0.ltrans.o
 *fill*         0x00000000000800d9        0x3 00
 .rodata        0x00000000000800dc      0x114 C:\Users\SVEN~1.YAN\AppData\Local\Temp\ccincQeG.ltrans0.ltrans.o
                0x00000000000800dc                psAplDefaultZLLAPSLinkKey
                0x00000000000800e0                g_u32ApsFcSaveCountBitShift
                0x00000000000800e4                u8MaxZpsConfigEp
                0x00000000000800e5                au8EpMapPresent
                0x00000000000800e8                s_groupPdmTable
 .rodata        0x00000000000801f0       0x30 C:\Users\SVEN~1.YAN\AppData\Local\Temp\ccincQeG.ltrans2.ltrans.o
 .rodata.str1.1
                0x0000000000000000       0xa1 C:\Users\SVEN~1.YAN\AppData\Local\Temp\ccincQeG.ltrans2.ltrans.o
                                          0x8 (size before relaxing)
 .rodata        0x0000000000080220       0x10 C:\Users\SVEN~1.YAN\AppData\Local\Temp\ccincQeG.ltrans3.ltrans.o
 .rodata.str1.1
                0x0000000000000000       0xa1 C:\Users\SVEN~1.YAN\AppData\Local\Temp\ccincQeG.ltrans5.ltrans.o
                                          0xc (size before relaxing)
 .rodata.str1.1
                0x0000000000080230        0x5 C:\Users\SVEN~1.YAN\AppData\Local\Temp\ccincQeG.ltrans6.ltrans.o
                                          0x8 (size before relaxing)
 .rodata.str1.1
                0x0000000000080235        0x6 C:\Users\SVEN~1.YAN\AppData\Local\Temp\ccincQeG.ltrans7.ltrans.o
 .rodata        0x000000000008023b        0x6 C:\Users\SVEN~1.YAN\AppData\Local\Temp\ccincQeG.ltrans7.ltrans.o
 .rodata.str1.1
                0x0000000000080241       0x17 C:\Users\SVEN~1.YAN\AppData\Local\Temp\ccincQeG.ltrans8.ltrans.o
                                         0x2f (size before relaxing)
 .rodata        0x0000000000080258       0x10 C:\Users\SVEN~1.YAN\AppData\Local\Temp\ccincQeG.ltrans9.ltrans.o
                0x0000000000080260                au32UartAddrOffset
 .rodata.str1.1
                0x0000000000080268        0x3 C:\Users\SVEN~1.YAN\AppData\Local\Temp\ccincQeG.ltrans9.ltrans.o
 .rodata.str1.1
                0x000000000008026b        0x7 C:\Users\SVEN~1.YAN\AppData\Local\Temp\ccincQeG.ltrans10.ltrans.o
                                          0xc (size before relaxing)
 .rodata.str1.1
                0x0000000000080272      0x176 C:\Users\SVEN~1.YAN\AppData\Local\Temp\ccincQeG.ltrans11.ltrans.o
                                        0x188 (size before relaxing)
 .rodata        0x00000000000803e8       0x20 C:\Users\SVEN~1.YAN\AppData\Local\Temp\ccincQeG.ltrans12.ltrans.o
                0x00000000000803e8                au32NwkPdmRecordOffsets
 .rodata.str1.1
                0x0000000000000000        0xa C:\Users\SVEN~1.YAN\AppData\Local\Temp\ccincQeG.ltrans13.ltrans.o
 .rodata        0x0000000000080408       0x88 C:\Users\SVEN~1.YAN\AppData\Local\Temp\ccincQeG.ltrans13.ltrans.o
                0x0000000000080408                g_u32NwkFcSaveCountBitShift
 .rodata.str1.1
                0x0000000000080490      0x183 C:\Users\SVEN~1.YAN\AppData\Local\Temp\ccincQeG.ltrans15.ltrans.o
                                        0x186 (size before relaxing)
 .rodata        0x0000000000080613       0x17 C:\Users\SVEN~1.YAN\AppData\Local\Temp\ccincQeG.ltrans15.ltrans.o
 .rodata.str1.1
                0x000000000008062a       0x14 C:\Users\SVEN~1.YAN\AppData\Local\Temp\ccincQeG.ltrans16.ltrans.o
                                         0x23 (size before relaxing)
 .rodata.str1.1
                0x0000000000000000       0x14 C:\Users\SVEN~1.YAN\AppData\Local\Temp\ccincQeG.ltrans17.ltrans.o
                                          0x4 (size before relaxing)
 *fill*         0x000000000008063e        0x2 00
 .rodata        0x0000000000080640       0x14 C:\Users\SVEN~1.YAN\AppData\Local\Temp\ccincQeG.ltrans18.ltrans.o
                0x0000000000080650                pu64NewMacOverrideMyAddressLocation
 .rodata.str1.1
                0x0000000000080654       0x48 C:\Users\SVEN~1.YAN\AppData\Local\Temp\ccincQeG.ltrans19.ltrans.o
                                         0x83 (size before relaxing)
 .rodata.str1.1
                0x000000000008069c        0x5 C:\Users\SVEN~1.YAN\AppData\Local\Temp\ccincQeG.ltrans20.ltrans.o
 *fill*         0x00000000000806a1        0x3 00
 .rodata        0x00000000000806a4      0x118 C:\Users\SVEN~1.YAN\AppData\Local\Temp\ccincQeG.ltrans21.ltrans.o
                0x00000000000806a4                gu32ZCLVersion
                0x00000000000806a8                OS_g_u32Version
                0x00000000000806ac                PDUM_g_u32Version
                0x00000000000806b0                ZPS_g_u32MacVersion
                0x00000000000806b4                ZPS_g_u32TsvVersion
 .rodata.str1.1
                0x00000000000807bc      0x291 C:\Users\SVEN~1.YAN\AppData\Local\Temp\ccincQeG.ltrans24.ltrans.o
                                        0x29f (size before relaxing)
 *fill*         0x0000000000080a4d        0x3 00
 .rodata        0x0000000000080a50       0x94 C:\Users\SVEN~1.YAN\AppData\Local\Temp\ccincQeG.ltrans24.ltrans.o
                0x0000000000080a50                zps_pacNwkFrmStdByteFmt
                0x0000000000080a54                zps_pacNwkFrmStdLongFmt
                0x0000000000080a58                zps_pacNwkFrmStdHalfFmt
 .rodata.str1.1
                0x0000000000080ae4       0x13 C:\Users\SVEN~1.YAN\AppData\Local\Temp\ccincQeG.ltrans25.ltrans.o
 .rodata.str1.1
                0x0000000000080af7        0x7 C:\Users\SVEN~1.YAN\AppData\Local\Temp\ccincQeG.ltrans26.ltrans.o
                                         0x1a (size before relaxing)
 *fill*         0x0000000000080afe        0x2 00
 .rodata        0x0000000000080b00      0x124 C:\Users\SVEN~1.YAN\AppData\Local\Temp\ccincQeG.ltrans26.ltrans.o
                0x0000000000080b00                g_bStopZdpAcks
 .rodata.str1.1
                0x0000000000080c24       0x4a C:\Users\SVEN~1.YAN\AppData\Local\Temp\ccincQeG.ltrans29.ltrans.o
 *fill*         0x0000000000080c6e        0x2 00
 .rodata        0x0000000000080c70      0x40c C:\Users\SVEN~1.YAN\AppData\Local\Temp\ccincQeG.ltrans29.ltrans.o
                0x0000000000080c70                zps_g_pvApl
                0x0000000000080c74                au32TimerBaseAddress
 .rodata        0x000000000008107c        0x8 C:\Users\SVEN~1.YAN\AppData\Local\Temp\ccincQeG.ltrans30.ltrans.o
 .rodata.str1.1
                0x0000000000081084        0x5 C:\Users\SVEN~1.YAN\AppData\Local\Temp\ccincQeG.ltrans31.ltrans.o

.text           0x0000000000081090    0x254e0
 *(.text*)
 .text          0x0000000000081090     0x20d8 C:\Users\SVEN~1.YAN\AppData\Local\Temp\ccincQeG.ltrans0.ltrans.o
                0x0000000000081090                APP_TIMER_Version_1v0
                0x0000000000081090                vInitialiseApp.3080
 .text          0x0000000000083168     0x156c C:\Users\SVEN~1.YAN\AppData\Local\Temp\ccincQeG.ltrans1.ltrans.o
                0x0000000000083168                vZCL_EventHandler
 .text          0x00000000000846d4     0x19a7 C:\Users\SVEN~1.YAN\AppData\Local\Temp\ccincQeG.ltrans2.ltrans.o
                0x00000000000846d4                DBG_iUartGetChar
                0x0000000000084788                eBasicTxCompleteHandler
                0x000000000008478d                vTxRxTimeout.148171
                0x00000000000847ed                eSmeAcScBeaconInd.140198
                0x0000000000084849                eSmeASFlBeaconInd.140035
                0x000000000008486b                eSmeUDNTScanDcfm.139488
                0x0000000000084887                zps_eNwkHandleSmePollDcfm
                0x00000000000848b1                eLeaveDataDcfmRemoteLeave.144724
                0x00000000000848f7                eSmeGenlScanDcfm.140027
                0x00000000000849c0                eSmeEdScScanDcfm.140023
                0x0000000000084b67                eSmeAcScBeaconInd.140043
                0x0000000000084c6f                eSmeUDNTBeaconInd.140019
                0x0000000000084c92                ZPS_vRemoveMacTableEntry
                0x0000000000084db5                eCLD_GroupsCheckGroupExists
                0x0000000000084e22                vMicroIntEnableOnly.constprop.139
                0x0000000000084e4e                vMiniMac_MLME_SetReq_PanId
                0x0000000000084e8b                vMiniMac_MLME_SetReq_ShortAddr
                0x0000000000084e99                vZCL_InitializeClusterInstance.constprop.114
                0x0000000000084eaa                psDLISTsearchFromHead
                0x0000000000084ed3                eCLD_ScenesFindScene
                0x0000000000084f20                pvZCL_HeapAlloc.part.0.53929.constprop.100
                0x0000000000084f59                vACI_OptimisedCcmStar.constprop.51
                0x0000000000085144                vSendRouteDiscoveryDcfm.136232.constprop.50
                0x000000000008516d                zps_eNwkRtDiscMatch.constprop.48
                0x00000000000851c0                eCLD_ColourControl_xyY2HSV.constprop.26
                0x0000000000085366                vCLD_ColourControl_xyY2CCT.constprop.25
                0x0000000000085409                ZPS_eTsvOpen
                0x0000000000085423                zps_vNwkBttMgrInit
                0x0000000000085451                vMiniMac_ReturnTxBufferCallback
                0x0000000000085463                psGetTxFrameBuffer
                0x000000000008549c                pvHeap_Alloc
                0x000000000008549f                vMicroIntRestoreState
                0x00000000000854ab                bAHI_WriteEEPROMfixSegmentData
                0x0000000000085509                bAHI_InitialiseEEPROM
                0x0000000000085551                vAHI_ReadDataFromEEPROMregister
                0x000000000008557e                vAHI_WriteDataIntoEEPROMregister
                0x00000000000855ae                iAHI_WriteDataIntoEEPROMsegment.constprop.126
                0x00000000000855fc                iPDM_WriteSegmentHeaderDataIntoEEPROMsegment
                0x000000000008562b                u8AHI_WakeTimerFiredStatus
                0x000000000008563f                vAHI_WakeTimerStop.part.3.151078
                0x000000000008565f                vAHI_UartReset.part.4.150832
                0x0000000000085697                u8AHI_TimerFired.part.9.150645
                0x00000000000856b2                vAHI_ClockXtalPull
                0x00000000000856cf                vAHI_CpuDoze
                0x00000000000856e2                vAHI_SwReset
                0x00000000000856f4                bAHI_APRegulatorEnabled
                0x0000000000085701                vAHI_ApConfigure.part.0.150316.constprop.141
                0x000000000008572f                bIssueACIcommand
                0x0000000000085991                vTransformKey.isra.0.71094
                0x00000000000859c1                MAC_u64GetExtAddr
                0x00000000000859dc                ZPS_u64NwkNibFindExtAddr
                0x0000000000085a87                eCLD_ScenesSetLastConfiguredBy.isra.1.24531
                0x0000000000085abe                ZPS_u16NwkNibFindNwkAddr
                0x0000000000085b64                psSearchForFrameToSend
                0x0000000000085bb2                eMiniMac_FrameInProgress
                0x0000000000085bdd                vRemoveFromTxQueue
                0x0000000000085c19                vAddToTxQueue
                0x0000000000085c4f                u8GetHeaderSize
                0x0000000000085c77                vMiniMac_MLME_SetReq_MinBe
                0x0000000000085c9c                zps_vSendJoinInd
                0x0000000000085d0d                zps_psFormatCmdFrameGeneral
                0x0000000000085d87                zps_eNwkFormStInit
                0x0000000000085d9c                vSendDcfm.140716
                0x0000000000085dc1                bCheckMatchingEntry.140193
                0x0000000000085de7                zps_psNwkSlistRemoveFromHead
                0x0000000000085dfe                zps_psNwkSlistRemove
                0x0000000000085e36                zps_bNwkMcpsMgrRemoveDescrFromLists
                0x0000000000085e74                zps_vNwkSlistAddToTail
                0x0000000000085e8e                ZPS_vNwkSecResetDevice
                0x0000000000085ed3                ZPS_bNwkSecHaveNetworkKey
                0x0000000000085f07                ZPS_bNwkSecFindMatSet
                0x0000000000085f43                zps_eNwkRtMatch
                0x0000000000086040                ZPS_u8NwkCalcNldeReqOverhead
 .text          0x000000000008607b     0x14c6 C:\Users\SVEN~1.YAN\AppData\Local\Temp\ccincQeG.ltrans3.ltrans.o
                0x00000000000860ab                DBG_vUartFlush
                0x00000000000860d8                DBG_vUartPutch
                0x00000000000861c9                boIdValueSearchMatch.126880
                0x0000000000086223                iPDM_ReadUserDataFromEEPROMsegment
                0x000000000008629f                iPDM_ReCalculateWearCountAndChecksumAndWriteFileSystemHeader
                0x00000000000862e9                vPDM_SetEEPROMandFileSystemValidState
                0x0000000000086310                iPDM_ReadUserDataFromFileSystemRecord
                0x000000000008633a                vPDM_WriteFileSystemRecordAndSegmentDataIntoEEPROMsegment
                0x000000000008637d                vRadioToOff
                0x000000000008639a                vStartReceive
                0x00000000000863a9                vMiniMac_NextTransaction
                0x0000000000086413                vMiniMac_Init
                0x0000000000086719                eTransmit
                0x00000000000867f6                eBuildAndSend.148952
                0x000000000008686b                vPostTxActions.148262
                0x00000000000868a8                vMiniMac_TxComplete
                0x0000000000086a34                iPDM_FilterDuplicateAppendedSegmentsOnList.128044
                0x0000000000086a8a                vDispatch.62421
                0x0000000000086b5c                OS_eStartSWTimer.constprop.146
                0x0000000000086c7b                OS_eStopSWTimer
                0x0000000000086d9e                vStartStopTimer
                0x0000000000086dc9                os_vAPP_RadioRecal
                0x0000000000086e68                OS_ePostMessage
                0x0000000000086fce                OS_eActivateTask
                0x0000000000087069                vPostMlmeDcfmInd.82441
                0x000000000008710c                zps_psNwkMcpsMgrFindPendingByNwkDstAddr
                0x0000000000087142                iPDM_ReadSegmentHeaderDataFromEEPROMsegment
                0x000000000008719b                u16ZCL_APduInstanceWriteNBO
                0x00000000000871ef                u16ZCL_WriteCommandHeader
                0x0000000000087267                u16ZCL_APduInstanceReadNBO
                0x00000000000872b8                u16ZCL_ReadCommandHeader.part.0.46344
                0x000000000008732f                u16ZCL_APduInstanceWriteStringNBO
                0x00000000000873f6                u16ZCL_WriteAttributeValueIntoBuffer
                0x0000000000087468                u16ZCL_APduInstanceReadStringNBO.part.3.43618
 .text          0x0000000000087541     0x1884 C:\Users\SVEN~1.YAN\AppData\Local\Temp\ccincQeG.ltrans4.ltrans.o
                0x0000000000087541                vPermitJoinHandleExpiry.135075
                0x000000000008754a                vNwkMcpsTimerCallback
                0x0000000000087564                zps_eSceGenlIllegal
                0x000000000008756b                zps_eSmeGenlIllegal
                0x0000000000087572                DBG_vUartFailedAssert
                0x0000000000087576                zps_bAplZdoBindRequestServer
                0x00000000000876a0                psGetVsMcpsBuf.82452
                0x00000000000876a9                psGetMlmeBuf.82438
                0x00000000000876b2                psGetMcpsBuf.82445
                0x00000000000876bb                psGetNlmeBuf.65588
                0x00000000000876c5                psGetNldeBuf.65609
                0x00000000000876cf                psGetApsmeBuf.65595
                0x00000000000876d8                psGetApsdeBuf.65602
                0x00000000000877f1                vLoopbackTimerCallback
                0x0000000000087820                zps_eNwkRctMatchNwkAddr
                0x000000000008788a                zps_vRemoveNextHop
                0x0000000000087918                zps_vRemoveRoute
                0x00000000000879b3                zps_psNwkRtMatchNwkAddr
                0x0000000000087a02                ZPS_u64NwkNibGetMappedIeeeAddr
                0x0000000000087a24                ZPS_bNwkNibNtActvMatch
                0x0000000000087adc                bCheckNwkAddr
                0x0000000000087b2a                vDisplayAddressMapTable
                0x0000000000087b44                ZPS_vSetExtendedStatus
                0x0000000000087b56                zps_psApsApsAllocateDcfmRecord
                0x0000000000087bc4                zps_u8CalcLinkCost
                0x0000000000087c00                ZPS_u8NwkNibNtDiscMatch
                0x0000000000087ce4                zps_u64NwkLibFromPayload
                0x0000000000087d23                zps_vNwkLibU64ToPayload
                0x0000000000087d50                zps_vInitBeaconPayload
                0x0000000000087dcc                ZPS_vNtSetUsedStatus
                0x0000000000087e3a                zps_eNwkDcfmIndPost
                0x0000000000087e5d                zps_psNwkDcfmIndGetBuf
                0x0000000000087e7f                eRouteRequestDataDcfm.136237
                0x0000000000087ed3                eNldeDataDcfm.134089
                0x0000000000087f03                zps_vSendNwkStatusInd
                0x0000000000087f33                DBG_vInit
                0x0000000000087f75                vPDM_ReadBitmapHeader.127727
                0x0000000000087f94                psSLISTsearch
                0x0000000000087fd4                psSLISTremove
                0x0000000000088052                psSLISTgetNext
                0x0000000000088076                u8PDM_CalculateFileSystemCapacity
                0x0000000000088094                u8PDM_CalculateLargestDataRecordStored
                0x00000000000880c5                bPDM_ImageBitmapRepairCheck
                0x00000000000880ed                u8PDM_ReadSequenceNumber
                0x0000000000088110                boSegmentNumberDeleteSearchMatch.127305
                0x000000000008812b                u32PDM_ReadFileSystemHeaderWearCount
                0x0000000000088141                boSearchForWearCountSubstitute.127627
                0x0000000000088167                boSearchForWearCountInsertPoint.126876
                0x0000000000088185                vPDM_WriteFileSystemHeaderWearCount
                0x0000000000088197                u8PDM_CalculateSegmentsRequired.part.0.126012
                0x00000000000881c5                RND_u32GetRand256
                0x00000000000881e2                RND_u32GetRand
                0x0000000000088209                u16CalculateFailedTxCount.100422
                0x0000000000088233                zps_bAplZdoServerHandleConfirmAcks
                0x000000000008827d                zps_bPerformLeaveActionDecider
                0x0000000000088295                vHandleUpdateDeviceIndication.74571
                0x00000000000882bf                u32GetScanChannels.74558
                0x00000000000882ea                bDuplicateCheck.69837
                0x00000000000883d9                eHandleRemoveNonBroadcastEndpointsFromGroup.69622
                0x0000000000088451                eHandleAddEntryToGroupTable.69585
                0x00000000000884ad                bIsBindTableMatch.69562
                0x00000000000884fe                eRemoveEntryInBindingTable.69590
                0x000000000008857d                zps_vAplApsFillAndPostApsAck
                0x00000000000885e7                zps_u8AplApsFreeMsgHandle
                0x0000000000088651                bCheckProfile.65447
                0x000000000008868f                ZPS_bIsGroupPresent
                0x00000000000886c7                pdum_u16ReadNBO
                0x0000000000088828                PDUM_u16SizeNBO
                0x0000000000088886                PDUM_u16APduInstanceWriteStrNBO
                0x0000000000088a05                PDUM_u16APduInstanceReadNBO
                0x0000000000088a50                PDUM_u16APduInstanceWriteNBO
                0x0000000000088aba                PDUM_thAPduInstanceGetApdu
                0x0000000000088ad5                PDUM_eAPduInstanceSetPayloadSize
                0x0000000000088afd                PDUM_eNPduWriteDataFromBuffer
                0x0000000000088b57                PDUM_eNPduWriteDataToBuffer
                0x0000000000088bb5                PDUM_eNPduWriteFromBuffer
                0x0000000000088bde                PDUM_eNPduDescend
                0x0000000000088c04                PDUM_eNPduAscend
                0x0000000000088c2a                PDUM_eNPduClaimData
                0x0000000000088c97                PDUM_eNPduAppendDataNBO
                0x0000000000088cf4                PDUM_eNPduClaimHeader
                0x0000000000088d17                PDUM_eNPduReadHeaderNBO
                0x0000000000088d6a                PDUM_eNPduPrependHeaderNBO
 .text          0x0000000000088dc5     0x1405 C:\Users\SVEN~1.YAN\AppData\Local\Temp\ccincQeG.ltrans5.ltrans.o
                0x0000000000088dc5                zps_bAplZdoNwkAddrServer
                0x0000000000088f82                zps_bAplZdoIeeeAddrServer
                0x00000000000893d7                zps_bAplZdoMatchDescServer
                0x0000000000089422                zps_bAplZdoNodeDescServer
                0x00000000000895be                vPDM_AddFileSystemElementToListInAscendingWearCountOrder
                0x00000000000896b5                vPDM_MoveAllDataFromListToList
                0x00000000000896f3                vPDM_MoveAllDataWithBufferIdAndStateFromListToList
                0x000000000008977e                vPDM_MoveAllDataWithBufferIdFromListToList
                0x0000000000089803                vPDM_DeleteAllSegmentsWithIdFromFileSystemList.constprop.96
                0x0000000000089845                vPDM_MoveFileRecordFromListToList
                0x0000000000089868                iPDM_SelectValidFileRecordInstance.126722
                0x0000000000089954                vPDM_MoveRecordToDeAllocList
                0x0000000000089974                ZPS_bSecEncrypt
                0x0000000000089b2a                zps_vSendJoinDcfm
                0x0000000000089b70                vGiveUp.143300
                0x0000000000089b99                PDUM_eNPduAllocate
                0x0000000000089c08                zps_u8AplApsConstructAndPostLoopBackDataInd.68186
                0x0000000000089d5c                u8PostUnicastMsgToNHLE.68194
                0x0000000000089d95                PDUM_eNPduClone
                0x0000000000089de1                PDUM_eNPduFree
                0x0000000000089e4e                vPostVsMcpsDcfmInd.82455
                0x0000000000089f16                zps_vNwkMcpsMgrFreeReqDescr
                0x0000000000089f40                zps_vNwkRemoveConflictedBroadcast
                0x0000000000089f92                vFreePendingReqDescr
                0x0000000000089fd2                vHandleRouteDiscoveryExpiry.135801
                0x000000000008a02d                zps_vNwkMcpsMgrTidyBtrReqDescr
                0x000000000008a070                vNwkBttTimerExpiry.138297
                0x000000000008a18e                hZCL_AllocateAPduInstance
 *fill*         0x000000000008a1ca        0x2 00
 .text          0x000000000008a1cc     0x1490 C:\Users\SVEN~1.YAN\AppData\Local\Temp\ccincQeG.ltrans6.ltrans.o
                0x000000000008a1cc                os_u32APP_cbGetTickTimer
                0x000000000008a1d5                os_bAPP_cbSetTickTimerCompare
                0x000000000008a231                vZdoServersInit.2804
                0x000000000008a3c7                eZCL_GetAttributeTypeSizeFromBuffer
                0x000000000008a43e                u8ZdoBindUnbindServerUnpackApdu
                0x000000000008a48d                u16ZCL_ReadTypeNBO
                0x000000000008a542                eZCL_FindCluster
                0x000000000008a878                eCLD_ColourControlHandleColourModeChange
                0x000000000008a91e                eCLD_ColourControlUpdate
                0x000000000008ad07                eCLD_ColourControlSceneEventHandler.29820
                0x000000000008ad4d                eCLD_GroupsSetIdentifying
                0x000000000008ad72                vCLD_IdentifyTimerClickCallback.18023
                0x000000000008ade1                eCLD_LevelControlClusterIsPresent
                0x000000000008ae4a                eCLD_LevelControlUpdate
                0x000000000008b0f0                eCLD_LevelControlSetOnOffState.constprop.20
                0x000000000008b1a9                eCLD_ColourControl_GetRGB
                0x000000000008b276                vSetChannelAndPower
                0x000000000008b314                ZPS_vNwkNibClearTables
                0x000000000008b42f                zps_vBuildSortedActvNTList
                0x000000000008b4d5                zps_vCheckActvNtForDuplicate
                0x000000000008b530                zps_vTidyActvNtAfterJoin
                0x000000000008b57e                eUnsolicitedRejoinRspDataDcfm.131079
                0x000000000008b5a9                psGetAndBuildCoordRealignment
                0x000000000008b601                vDisplayNT
                0x000000000008b61b                sEZ_GetDiscEntry.10282
 .text          0x000000000008b65c     0x129b C:\Users\SVEN~1.YAN\AppData\Local\Temp\ccincQeG.ltrans7.ltrans.o
                0x000000000008b65c                vPostMcpsDcfmInd.82448
                0x000000000008b7b2                eBeaconReqSent.148948
                0x000000000008b7d9                zps_eNwkHandleSceLinkStatus
                0x000000000008b8ec                vPDM_ImageBitmapRepair.126795
                0x000000000008b94d                vManagePowerOnCountInit
                0x000000000008b9c2                os_vAPP_vManagePowerOnCount
                0x000000000008ba2b                vSaveScenesNVM
                0x000000000008bad2                zps_vAplSaveRecord
                0x000000000008bb6b                eCLD_GroupsRemoveAllGroups
                0x000000000008bc2c                zps_eAplApsmeUnBindReqRsp
                0x000000000008bc92                zps_psFindKeyDescr
                0x000000000008bdbe                zps_eAplSecEncryptPacket
                0x000000000008beb0                vHandleJoinedNwk.10312
                0x000000000008bf0a                zps_vSaveAllZpsRecords
                0x000000000008bf2a                vAplSecRemoveLinkKey.74663
                0x000000000008bfa7                ZPS_bNwkNibAddrMapAddEntry
                0x000000000008c167                zps_vAgeRouter
                0x000000000008c1be                zps_psAllocateAndFormatMacHdr
                0x000000000008c477                zps_psNwkInitCmdFrame
                0x000000000008c4ed                vSendNetworkUpdate.131071
                0x000000000008c74b                zps_vLinkStatusHandleExpiry
                0x000000000008c7d1                zps_vJoinInitNtParent
                0x000000000008c87f                eSmeOrphScanDcfm.143744
 .text.unlikely
                0x000000000008c8f7       0x5c C:\Users\SVEN~1.YAN\AppData\Local\Temp\ccincQeG.ltrans7.ltrans.o
                0x000000000008c8f7                vInitUnknownNeighbor.131960
 *fill*         0x000000000008c953        0x1 00
 .text          0x000000000008c954     0x144c C:\Users\SVEN~1.YAN\AppData\Local\Temp\ccincQeG.ltrans8.ltrans.o
                0x000000000008c954                vApsmeResendTimeOutHandler
                0x000000000008cb76                vPostNldeDcfmInd.65612
                0x000000000008d5f6                zps_vNwkHandleCmeRouteDiscoveryReq
                0x000000000008d67c                vMiniMac_MlmeCallback
                0x000000000008d97e                vMiniMacPoll_CheckPollResponse
                0x000000000008d9a6                ePollReqSent.149113
                0x000000000008d9f1                ZPS_vNwkResetOutgoingFrameCounter
                0x000000000008da45                eUnfragmentedUnicastTransmission.68168
 .text          0x000000000008dda0      0xeb2 C:\Users\SVEN~1.YAN\AppData\Local\Temp\ccincQeG.ltrans9.ltrans.o
                0x000000000008ddd6                os_vAPP_cbDisableTickTimer
                0x000000000008de1a                os_vAPP_cbEnableTickTimer
                0x000000000008ded4                eOrphanNotificationSent.148944
                0x000000000008df1d                DBG_vUartInitHardware
                0x000000000008e05a                eCLD_BasicCommandHandler
                0x000000000008e07d                dbg_vPrintfImplNoneVerbose
                0x000000000008e504                eCLD_ScenesCountScenes
                0x000000000008e51e                ZPS_bSecDecrypt
                0x000000000008e630                boPDM_IsBitmapSaturated.127763
                0x000000000008e679                bPCA9634_WriteRegister
                0x000000000008e6f7                bRGB_LED_SetLevel
                0x000000000008e744                vLI_UpdateDriver
                0x000000000008e795                bRGB_LED_On
                0x000000000008e7a9                bRGB_LED_Off
                0x000000000008e7de                vRGBLight_SetLevels
                0x000000000008e855                vDLISTaddToHead
                0x000000000008e87e                vDLISTaddToTail
                0x000000000008e8a1                psDLISTremove
                0x000000000008e903                eZCL_TimerRegister.part.1.61586.constprop.106
                0x000000000008e93d                eCLD_ScenesRemoveAllScenes
                0x000000000008e9d6                eZCLAddReport.part.1.58650
                0x000000000008eb3d                iPDM_SearchForBufferIdInList
                0x000000000008eb72                iPDM_SearchForBufferIdInFileSystem
                0x000000000008eb85                iPDM_GetLengthOfDataInBufferWithIdFromFileSystem
                0x000000000008ebe1                iPDM_ReadUserDataFromSegmentWithId
                0x000000000008ec16                iPDM_SearchForSpecificSegmentInList
                0x000000000008ec48                MAC_vPibSetRxOnWhenIdle.constprop.132
 .text          0x000000000008ec52     0x13c2 C:\Users\SVEN~1.YAN\AppData\Local\Temp\ccincQeG.ltrans10.ltrans.o
                0x000000000008ecfc                vIncrementFrameCounterInPdm.isra.0.133315
                0x000000000008eed8                vProcessListsForSubmission.132049
                0x000000000008f24a                zps_vNwkMcpsMgrPost
                0x000000000008f26e                psSendRouteReplyCmd.136220
                0x000000000008f351                zps_eNwkHandleSceRouteReply
                0x000000000008f639                zps_vNwkHandleCmeLeaveReq
                0x000000000008f707                zps_eNwkHandleSceLeave
                0x000000000008f891                zps_eNwkHandleSdeActvDcfmData
                0x000000000008f968                vMcpsMgrTimeoutExpiry
                0x000000000008f9da                zps_sNwkNibNtCheckJoin
                0x000000000008fc54                zps_vNwkHandleCmeDirectJoinReq
                0x000000000008fcd3                bAplZdoBindUnbindServerProcessApdu
                0x000000000008ff7c                zps_eAplZdoGroupEndpointRemove
 *fill*         0x0000000000090014        0x0 00
 .text          0x0000000000090014     0x1270 C:\Users\SVEN~1.YAN\AppData\Local\Temp\ccincQeG.ltrans11.ltrans.o
                0x0000000000090014                os_vAPP_ZPR_Light_Task
 .text          0x0000000000091284     0x1017 C:\Users\SVEN~1.YAN\AppData\Local\Temp\ccincQeG.ltrans12.ltrans.o
                0x00000000000912af                iPDM_WriteSegmentHeaderAndData
                0x00000000000914b8                iPDM_SegmentCopyAndAppendData.constprop.144
                0x0000000000091512                iPDM_ReconstructReplacedDataTable
                0x00000000000916b9                iPDM_ReplaceChangedSegmentInSequence
                0x00000000000917a8                vPDM_DeleteAppendedSequence
                0x00000000000919ad                PDM_eSaveRecordData
                0x0000000000091c84                ZPS_vNwkSaveRecord
                0x0000000000091cb0                zps_bNwkFindAddIeeeAddr
                0x0000000000091d40                eCheckAddrConflict.131300
                0x0000000000091df6                ZPS_vRemoveEntryFromAddressMap
                0x0000000000091e3c                ZPS_vNwkSaveAllRecords
                0x0000000000091e53                ZPS_vNwkNibSetNwkAddr
                0x0000000000091e70                zps_eNwkHandleSceRejnResponse
                0x0000000000091ecd                ZPS_vNwkNibSetExtPanId
                0x0000000000091ef2                vFinish.143734
                0x0000000000091f47                ZPS_vNwkNibSetKeySeqNum
                0x0000000000091f5b                ZPS_vNwkNibSetDepth
                0x0000000000091f64                ZPS_vNwkNibSetPanId
                0x0000000000091f82                ZPS_vNwkNibSetCapabilityInfo
                0x0000000000091faf                ZPS_vNwkNibSetChannel
                0x0000000000091fcd                ZPS_vNwkSaveNt
                0x0000000000091fe1                zps_eNwkHandleSmeCommStatusInd
                0x0000000000092095                eRejoinRspDataDcfm.142560
                0x0000000000092164                ZPS_vNwkSaveSecMat
                0x0000000000092178                PDM_vDeleteAllDataRecords
                0x00000000000921f5                iPDM_VerifyDataSequenceWithBufferId
 .text          0x000000000009229b     0x1280 C:\Users\SVEN~1.YAN\AppData\Local\Temp\ccincQeG.ltrans13.ltrans.o
                0x000000000009229b                os_vzps_isrMAC
                0x00000000000922d1                ZPS_pvNwkCtor.constprop.130
                0x0000000000092846                ZPS_vNwkHandleNlmeReqRsp
                0x00000000000928c3                zps_vAplAfPostEvent
                0x0000000000092a32                vPostToEndpoint.part.1.65496
                0x0000000000092cc6                zps_vHandleApsdeDataFragIndNotSupported
                0x0000000000092d8e                zps_eAplZdoNlmeleaveWrapper
                0x0000000000092e0c                zps_bAplZdoMgmtLeaveServer
                0x0000000000092f7f                zps_eAplZdoPermitJoining
                0x0000000000092fa8                zps_bAplZdoPermitJoiningServer
                0x0000000000093079                zps_bAplZdoDeviceAnnceServer
                0x00000000000933bf                vChangeChannelTimerExpiry.100414
                0x000000000009342e                eLeaveReset.144719
                0x00000000000934a4                eLeaveDataDcfmLocalLeave.144729
 *fill*         0x000000000009351b        0x1 00
 .text          0x000000000009351c     0x1330 C:\Users\SVEN~1.YAN\AppData\Local\Temp\ccincQeG.ltrans14.ltrans.o
                0x000000000009351c                vMiniMac_InterruptHandler
                0x0000000000093885                eAssocRespSent.148534
                0x00000000000938a4                zps_vNwkHandleCmeSyncReq
                0x0000000000093926                zps_vNwkHandleCmeIdleNwkFormReq
                0x00000000000939ce                zps_vNwkHandleCmeNwkDiscReq
                0x0000000000093a48                zps_vNwkHandleCmeEdScanReq
                0x0000000000093be5                zps_eNwkHandleSmeBeaconNotifyInd
                0x0000000000093c69                zps_eNwkHandleSceNwkReport
                0x0000000000093ce7                zps_vNwkHandleCmeNwkJoinReq
                0x0000000000093f61                zps_vNwkHandleCmeNwkActvJoinReq
                0x0000000000093f6d                eSmeEdScScanDcfm.140725
                0x000000000009413c                vHandleRejoinExpiry.143296
                0x000000000009419a                zps_eRejoinDataDcfm
                0x00000000000941de                eSmeAsocAssocDcfm.143904
                0x0000000000094255                eSmeRjPCPollDcfm.143900
                0x0000000000094296                eSceRjRsRejoinRsp.143868
                0x000000000009440e                zps_eNwkHandleSceNwkStatus
                0x00000000000945cb                zps_eNwkHandleSmeAssocInd
                0x00000000000945ee                zps_eNwkHandleSceRejnRequest
                0x000000000009463d                zps_eProcessAddrConflict
                0x00000000000947ea                ZPS_vNwkNibCheckAndUpdateAddresses
 .text          0x000000000009484c     0x1640 C:\Users\SVEN~1.YAN\AppData\Local\Temp\ccincQeG.ltrans15.ltrans.o
                0x000000000009484c                vfExtendedStatusCallBack.3077
                0x0000000000094857                APP_ZCL_cbGeneralCallback.6721
                0x00000000000948e1                vHandleZdoLeaveRequest.5941
                0x0000000000094936                OS_eExitCriticalSection
                0x0000000000094a1b                PDUM_hAPduAllocateAPduInstance
                0x0000000000094a8f                zps_eAplZdoSendZdpResponse
                0x0000000000094ad8                bSendResponse.99245
                0x0000000000094b1b                PDUM_eAPduFreeAPduInstance
                0x0000000000094b9e                zps_bAplZdoSimpleDescServer
                0x0000000000094da4                zps_bAplZdoPowerDescServer
                0x0000000000094ef1                zps_bAplZdoActiveEpServer
                0x000000000009500a                zps_bAplZdoSystemServerDiscoveryServer
                0x00000000000950c7                zps_bAplZdoMgmtLqiServer
                0x00000000000952e4                zps_bAplZdoMgmtRtgServer
                0x0000000000095414                PDM_eReadDataFromRecord.part.0.126130
                0x0000000000095497                vLoadNwkRecord.132884
                0x00000000000954d5                vLoadAplRecord.74598
                0x0000000000095509                vMiniMac_McpsCallback
                0x00000000000956aa                eMcpsTxCompleteHandler.147860
                0x00000000000956d8                ZPS_eTsvStart
                0x0000000000095768                zps_eAplZdoBdrmRequestSend
                0x00000000000957e3                zps_eNwkHandleSceNwkUpdate
                0x0000000000095807                vProcessTimedList.131969
                0x000000000009584d                zps_vNwkMcpsMgrPostTimed
                0x0000000000095860                vNwkMcpsSendTimedDfcm
                0x00000000000958a4                zps_vCleanUnAuthenHandleExpiry
                0x0000000000095915                zps_vAplAfPostTimerEvent
                0x0000000000095992                zps_vExpireOldRoutes
                0x00000000000959f4                zps_vNwkJoinStStartResponseTimer
                0x0000000000095a2e                ZPS_eTsvStop
                0x0000000000095a82                zps_vNwkHandleCmePermitJoinReq
                0x0000000000095aea                zps_eNwkBtrMatch
                0x0000000000095bdf                zps_vAplApsStopPollTimer.part.2.68069
                0x0000000000095c66                bHasTimerFired.59780
                0x0000000000095cd0                eHandleRemoveBroadcastEndpointsFromGroup.69581
                0x0000000000095d2a                eZCL_SetReceiveEventAddressStructure
                0x0000000000095da9                APP_vHandleIdentify
                0x0000000000095e3b                DBG_vDumpStack
                0x0000000000095e7d                vUnclaimedInterrupt
 .text          0x0000000000095e8c     0x14db C:\Users\SVEN~1.YAN\AppData\Local\Temp\ccincQeG.ltrans16.ltrans.o
                0x0000000000095e8c                vSendNetworkReport.131067
                0x0000000000095f66                zps_eNwkHandleSceRouteRequest
                0x000000000009627d                zps_psNwkInitiateRouteDiscovery
                0x0000000000096533                zps_psSendFrm
                0x00000000000967ff                zps_psSendBroadcastFrm.part.0.141357
                0x000000000009685d                ZPS_vNwkHandleNldeReqRsp
                0x0000000000096b3b                zps_eAplSendApsmeCmdFrame
                0x0000000000096caa                zps_eAplApsmeUpdateDeviceReqRsp.part.4.69719
                0x0000000000096e16                zps_vAplApsmeCmdMgrRetryTimeout.69554
                0x0000000000096e40                zps_eNwkHandleSceRouteRecord
                0x0000000000096eef                zps_psNwkSendRejoinReqCmd.constprop.10
                0x0000000000096f4a                zps_u8NwkHandleRejoinReq
                0x0000000000097002                vContinueRejoin.142556
                0x00000000000970bc                zps_psSendNetworkStatusCmd
                0x0000000000097129                zps_vProcessLocalAddrConflict
                0x00000000000971f7                zps_eDefaultDataDcfm
 *fill*         0x0000000000097367        0x1 00
 .text          0x0000000000097368     0x16c0 C:\Users\SVEN~1.YAN\AppData\Local\Temp\ccincQeG.ltrans17.ltrans.o
                0x0000000000097520                vPollTimeout.149111
                0x000000000009766c                vSendMlmeCommStatusFromTxFrame
                0x00000000000976c2                MAC_vHandleMlmeVsReqRsp.constprop.135
                0x0000000000097bf8                zps_eNwkSendJoinResponse
                0x0000000000097d8d                zps_eNwkProcessJoinInd
                0x0000000000097fe1                zps_eNwkHandleSmeOrphanInd
                0x0000000000097ff1                zps_sNwkStart
                0x0000000000098090                vHandleNwkLocalUpdateAfterBcast.131084
                0x00000000000980f0                vHandleNwkRemoteUpdateAfterBcast.131075
                0x0000000000098144                eSmeAcScScanDcfm.140720
                0x000000000009846a                zps_vNwkHandleCmeActvStartRouterReq
                0x000000000009850e                vScanBeaconReceived
                0x0000000000098559                vRunningRxCallback
                0x000000000009881c                vPostDcfm.148963
                0x000000000009888b                vScanNextChannel.148969
 .text          0x0000000000098a28     0x1164 C:\Users\SVEN~1.YAN\AppData\Local\Temp\ccincQeG.ltrans18.ltrans.o
                0x0000000000098a28                zps_vAplApsPollTimer
                0x0000000000098a8a                vAplSecAuthPollTimerExpiry.74553
                0x0000000000098ae2                vAplSecAuthTimerExpiry.74549
                0x0000000000098bb2                vPostApsdeDcfmInd.65605
                0x0000000000098dbb                eRejoinNetwork.74585.constprop.123
                0x0000000000098e57                eJoinNetwork.74611
                0x0000000000098fbd                eDiscoverNetworks.74618
                0x000000000009919a                vEZ_EZModeNWKJoinHandler
                0x00000000000994ea                eStartNetworkDiscovery.74625
                0x0000000000099554                zps_eAplZdoStartStack
                0x000000000009965c                eStartRouter.74635
                0x000000000009972b                vPostApsmeDcfmInd.65598
 .text          0x0000000000099b8c     0x109d C:\Users\SVEN~1.YAN\AppData\Local\Temp\ccincQeG.ltrans19.ltrans.o
                0x0000000000099b8c                zps_bAplZdoMgmtBindServer
                0x0000000000099d90                zps_eZdpNodeDescResponse
                0x0000000000099e38                zps_eZdpPowerDescResponse
                0x0000000000099ed5                zps_eZdpSimpleDescResponse
                0x0000000000099fe2                zps_eZdpActiveEpResponse
                0x000000000009a078                zps_eZdpMatchDescResponse
                0x000000000009a10e                zps_eZdpSystemServerDiscoveryResponse
                0x000000000009a17d                zps_eAplZdpMgmtLqiResponse
                0x000000000009a265                zps_eAplZdpMgmtRtgResponse
                0x000000000009a3de                zps_eZdpIeeeAddrResponse
                0x000000000009a4c1                zps_eZdpNwkAddrResponse
                0x000000000009a5a4                zps_bAplZdoDefaultServer
                0x000000000009a81f                zps_bAplZdoMgmtNWKUpdateServer
                0x000000000009ab19                zps_bAplZdoZdoClient
 *fill*         0x000000000009ac29        0x3 00
 .text          0x000000000009ac2c      0xfc4 C:\Users\SVEN~1.YAN\AppData\Local\Temp\ccincQeG.ltrans20.ltrans.o
                0x000000000009ace7                vZdoBdrmSendNextTimedRequest
                0x000000000009af70                zps_bAplZdoBindUnbindServer
                0x000000000009b0b0                eZCL_TransmitDataRequest
                0x000000000009b4e6                eZCL_SendDefaultResponse
                0x000000000009b5e5                vZCL_HandleAttributesReadResponse
                0x000000000009b7e2                vReportTimerClickCallback
 .text          0x000000000009bbf0     0x12b8 C:\Users\SVEN~1.YAN\AppData\Local\Temp\ccincQeG.ltrans21.ltrans.o
                0x000000000009bbf0                os_bDummyMemberCheck.62431
                0x000000000009bbf5                os_vDefaultErrorHook.62427
                0x000000000009bc1f                vOSError
                0x000000000009bc22                bCLD_ScenesSearchForScene.25054
                0x000000000009bc55                eCLD_OnOffSceneEventHandler.21001
                0x000000000009bc7a                eCLD_LevelControlSceneEventHandler.19581
                0x000000000009bcc0                DriverBulb_vSetTunableWhiteColourTemperature
                0x000000000009bcc3                bCLD_ScenesSearchForScene.9234
                0x000000000009bcf6                os_vAPP_ButtonsScanTask
                0x000000000009bd26                os_bStrictCheck.1358
                0x000000000009bff6                bCLD_GroupsSearchForGroup.16978
                0x000000000009c01b                PDUM_eNPduInitDescending
                0x000000000009c036                OS_eCollectMessage
                0x000000000009c0fb                OS_eGetSWTimerStatus
                0x000000000009c13d                OS_eEnterCriticalSection
                0x000000000009c205                eExpireSWTimer.62440
                0x000000000009c270                eZCL_SearchForClusterEntry
                0x000000000009c2d4                eZCL_BuildTransmitAddressStructure
                0x000000000009c341                eZCL_SearchForEPentry
                0x000000000009c372                vZCL_PassEventToUser
                0x000000000009c39f                eZCL_DoesAttributeHaveReportableChange
                0x000000000009c3bc                eZCL_GetAttributeReportableEntry
                0x000000000009c474                vZCL_AlignNumericAttributeValueTo64.59257
                0x000000000009c583                eZCL_BuildClientTransmitAddressStructure
                0x000000000009c5b4                bZCL_CheckManufacturerSpecificAttributeFlagMatch
                0x000000000009c5d2                eZCL_SearchForAttributeEntry
                0x000000000009c680                eZCL_GetAttributeTypeSize
                0x000000000009c69f                vZCL_MarkAttributeInvalid
                0x000000000009c76e                eZCLCheckReportingConfigurationRecord.58644
                0x000000000009c811                u8ZCL_GetAttributeAllignToFourBytesBoundary
                0x000000000009c826                pvZCL_GetAttributePointer
                0x000000000009c89c                vCLD_ScenesGenerateIndividualAttributeCallback
                0x000000000009c8f6                eZCL_StoreChangeAttributeValue
                0x000000000009c989                u16ZCL_WriteTypeNBO.part.0.43485
                0x000000000009c9fe                u16ZCL_GetStringStructureSize
                0x000000000009ca3b                u16ZCL_GetStringAttributeTypeSizeFromBuffer
                0x000000000009caac                u16ZCL_GetStringSizeAndBufferFromStructure
                0x000000000009cb3b                eZCL_GetAttributeTypeSizeFromStructure
                0x000000000009cbb4                bZCL_SendCommandResponse
                0x000000000009cbd0                vCLD_ColourControl_CCT2xyY
                0x000000000009ccb6                bCLD_ColourControl_NumberIsValid.31266
                0x000000000009ccd5                eCLD_ColourControl_xyY2XYZ.31270
                0x000000000009cd57                vCLD_ColourControl_XYZ2RGB.31257
                0x000000000009ce77                vLI_InitVar.3193
 *fill*         0x000000000009cea8        0x0 00
 .text          0x000000000009cea8      0xed0 C:\Users\SVEN~1.YAN\AppData\Local\Temp\ccincQeG.ltrans22.ltrans.o
                0x000000000009cea8                eCLD_ScenesCommandHandler
                0x000000000009dc6a                eCLD_IdentifyCommandHandler
 .text          0x000000000009dd78      0xebf C:\Users\SVEN~1.YAN\AppData\Local\Temp\ccincQeG.ltrans23.ltrans.o
                0x000000000009dd78                eZCL_CustomCommandReceive
                0x000000000009df10                eCLD_ColourControlCommandHandler
                0x000000000009eb19                eCLD_OnOffCommandHandler
 *fill*         0x000000000009ec37        0x1 00
 .text          0x000000000009ec38      0xeec C:\Users\SVEN~1.YAN\AppData\Local\Temp\ccincQeG.ltrans24.ltrans.o
                0x000000000009ec38                APP_ZCL_cbEndpointCallback.6718
                0x000000000009ef62                vMcpsMgrExpiry.131948
                0x000000000009efc2                vStartScanTimerExpiry.100418
                0x000000000009effe                ZPS_vNwkHandleMcpsVsDcfmInd
 .text          0x000000000009fb24      0x9b0 C:\Users\SVEN~1.YAN\AppData\Local\Temp\ccincQeG.ltrans25.ltrans.o
                0x000000000009fb24                os_vZCL_Task
                0x000000000009fb56                eZCL_CustomCommandSend.constprop.21
                0x00000000000a0037                eCLD_GroupsCommandHandler
 .text          0x00000000000a04d4      0x994 C:\Users\SVEN~1.YAN\AppData\Local\Temp\ccincQeG.ltrans26.ltrans.o
                0x00000000000a04d4                os_vzps_taskZPS
                0x00000000000a0698                ZPS_vAplHandleApsdeReqRsp
                0x00000000000a0ab8                zps_eAplZdpApsdeReqInternal
                0x00000000000a0ba7                vEnablePermitJoin
                0x00000000000a0c11                os_vAPP_AgeOutChildren
                0x00000000000a0de4                zps_eAplZdpBindResponse
                0x00000000000a0e05                zps_eZdpUnbindResponse
                0x00000000000a0e26                zps_eZdpMgmtLeaveResponse
                0x00000000000a0e47                zps_eZdpMgmtPermitJoiningResponse
 *fill*         0x00000000000a0e68        0x0 00
 .text          0x00000000000a0e68      0x6e0 C:\Users\SVEN~1.YAN\AppData\Local\Temp\ccincQeG.ltrans27.ltrans.o
                0x00000000000a0e68                vPostNlmeDcfmInd.65591
 .text          0x00000000000a1548      0x78c C:\Users\SVEN~1.YAN\AppData\Local\Temp\ccincQeG.ltrans28.ltrans.o
                0x00000000000a1548                eCLD_LevelControlCommandHandler
                0x00000000000a1844                vZCL_HandleAttributesWriteRequest
 .text          0x00000000000a1cd4      0x667 C:\Users\SVEN~1.YAN\AppData\Local\Temp\ccincQeG.ltrans29.ltrans.o
                0x00000000000a1cd4                AppWarmStart
                0x00000000000a1cdf                AppColdStart
                0x00000000000a2155                os_vUnclaimedInterrupt
                0x00000000000a2167                os_vControlledIntCheck
                0x00000000000a21ac                os_vControlledInterrupt
                0x00000000000a21e5                os_vvISR_AdcDone
                0x00000000000a21ee                os_vvISR_SettleTimer
                0x00000000000a21f4                os_vvISR_PwmTimer
                0x00000000000a220a                os_vAPP_isrIllegalInstruction
                0x00000000000a2217                os_vAPP_isrAlignmentException
                0x00000000000a2224                os_vAPP_isrBusErrorException
                0x00000000000a2231                os_vAPP_isrUnimplementedModuleException
                0x00000000000a223e                os_vAPP_isrStackOverflowException
                0x00000000000a224b                os_vAPP_isrTickTimer
 .text          0x00000000000a233b      0x775 C:\Users\SVEN~1.YAN\AppData\Local\Temp\ccincQeG.ltrans30.ltrans.o
                0x00000000000a233b                os_vTick_Task
 .text          0x00000000000a2ab0      0x108 C:\Users\SVEN~1.YAN\AppData\Local\Temp\ccincQeG.ltrans31.ltrans.o
                0x00000000000a2ab0                eSendDeviceAnnounce.103038
 .text          0x00000000000a2bb8       0x25 c:/nxp/bstudio_nxp/sdk/tools/ba-elf-ba2-r36379/bin/../lib/gcc/ba-elf/4.7.4/../../../../ba-elf/lib/mcpu_jn51xx_sizeopt\libc.a(lib_a-memcmp.o)
                0x00000000000a2bb8                memcmp
 .text          0x00000000000a2bdd       0x19 c:/nxp/bstudio_nxp/sdk/tools/ba-elf-ba2-r36379/bin/../lib/gcc/ba-elf/4.7.4/../../../../ba-elf/lib/mcpu_jn51xx_sizeopt\libc.a(lib_a-memcpy.o)
 .text          0x00000000000a2bf6       0x12 c:/nxp/bstudio_nxp/sdk/tools/ba-elf-ba2-r36379/bin/../lib/gcc/ba-elf/4.7.4/../../../../ba-elf/lib/mcpu_jn51xx_sizeopt\libc.a(lib_a-memset.o)
                0x00000000000a2bf6                memset
 .text          0x00000000000a2c08       0x12 c:/nxp/bstudio_nxp/sdk/tools/ba-elf-ba2-r36379/bin/../lib/gcc/ba-elf/4.7.4/../../../../ba-elf/lib/mcpu_jn51xx_sizeopt\libc.a(lib_a-strlen.o)
                0x00000000000a2c08                strlen
 .text          0x00000000000a2c1a       0x2b c:/nxp/bstudio_nxp/sdk/tools/ba-elf-ba2-r36379/bin/../lib/gcc/ba-elf/4.7.4/../../../../ba-elf/lib/mcpu_jn51xx_sizeopt\libc.a(lib_a-strncpy.o)
                0x00000000000a2c1a                strncpy
 *fill*         0x00000000000a2c45        0x3 00
 .text          0x00000000000a2c48      0x204 c:/nxp/bstudio_nxp/sdk/tools/ba-elf-ba2-r36379/bin/../lib/gcc/ba-elf/4.7.4/mcpu_jn51xx_sizeopt\libgcc.a(__udivsi3.o)
                0x00000000000a2c48                __udivsi3
 .text          0x00000000000a2e4c       0x30 c:/nxp/bstudio_nxp/sdk/tools/ba-elf-ba2-r36379/bin/../lib/gcc/ba-elf/4.7.4/mcpu_jn51xx_sizeopt\libgcc.a(__divsi3.o)
                0x00000000000a2e4c                __divsi3
 .text          0x00000000000a2e7c      0x1b0 c:/nxp/bstudio_nxp/sdk/tools/ba-elf-ba2-r36379/bin/../lib/gcc/ba-elf/4.7.4/mcpu_jn51xx_sizeopt\libgcc.a(__umodsi3.o)
                0x00000000000a2e7c                __umodsi3
 .text          0x00000000000a302c       0x24 c:/nxp/bstudio_nxp/sdk/tools/ba-elf-ba2-r36379/bin/../lib/gcc/ba-elf/4.7.4/mcpu_jn51xx_sizeopt\libgcc.a(__modsi3.o)
                0x00000000000a302c                __modsi3
 .text          0x00000000000a3050       0x39 c:/nxp/bstudio_nxp/sdk/tools/ba-elf-ba2-r36379/bin/../lib/gcc/ba-elf/4.7.4/mcpu_jn51xx_sizeopt\libgcc.a(_fixunsdfsi.o)
                0x00000000000a3050                __fixunsdfsi
 .text          0x00000000000a3089      0x3bd c:/nxp/bstudio_nxp/sdk/tools/ba-elf-ba2-r36379/bin/../lib/gcc/ba-elf/4.7.4/mcpu_jn51xx_sizeopt\libgcc.a(_divdi3.o)
                0x00000000000a3089                __divdi3
 .text          0x00000000000a3446      0x350 c:/nxp/bstudio_nxp/sdk/tools/ba-elf-ba2-r36379/bin/../lib/gcc/ba-elf/4.7.4/mcpu_jn51xx_sizeopt\libgcc.a(_udivdi3.o)
                0x00000000000a3446                __udivdi3
 .text          0x00000000000a3796      0x384 c:/nxp/bstudio_nxp/sdk/tools/ba-elf-ba2-r36379/bin/../lib/gcc/ba-elf/4.7.4/mcpu_jn51xx_sizeopt\libgcc.a(addsf3.o)
                0x00000000000a3796                __addsf3
 *fill*         0x00000000000a3b1a        0x2 00
 .text          0x00000000000a3b1c      0x218 c:/nxp/bstudio_nxp/sdk/tools/ba-elf-ba2-r36379/bin/../lib/gcc/ba-elf/4.7.4/mcpu_jn51xx_sizeopt\libgcc.a(divsf3.o)
                0x00000000000a3b1c                __divsf3
 .text          0x00000000000a3d34       0x81 c:/nxp/bstudio_nxp/sdk/tools/ba-elf-ba2-r36379/bin/../lib/gcc/ba-elf/4.7.4/mcpu_jn51xx_sizeopt\libgcc.a(eqsf2.o)
                0x00000000000a3d34                __eqsf2
                0x00000000000a3d34                __nesf2
 .text          0x00000000000a3db5       0xac c:/nxp/bstudio_nxp/sdk/tools/ba-elf-ba2-r36379/bin/../lib/gcc/ba-elf/4.7.4/mcpu_jn51xx_sizeopt\libgcc.a(gesf2.o)
                0x00000000000a3db5                __gesf2
                0x00000000000a3db5                __gtsf2
 .text          0x00000000000a3e61       0xac c:/nxp/bstudio_nxp/sdk/tools/ba-elf-ba2-r36379/bin/../lib/gcc/ba-elf/4.7.4/mcpu_jn51xx_sizeopt\libgcc.a(lesf2.o)
                0x00000000000a3e61                __ltsf2
                0x00000000000a3e61                __lesf2
 *fill*         0x00000000000a3f0d        0x3 00
 .text          0x00000000000a3f10      0x24c c:/nxp/bstudio_nxp/sdk/tools/ba-elf-ba2-r36379/bin/../lib/gcc/ba-elf/4.7.4/mcpu_jn51xx_sizeopt\libgcc.a(mulsf3.o)
                0x00000000000a3f10                __mulsf3
 .text          0x00000000000a415c      0x3a2 c:/nxp/bstudio_nxp/sdk/tools/ba-elf-ba2-r36379/bin/../lib/gcc/ba-elf/4.7.4/mcpu_jn51xx_sizeopt\libgcc.a(subsf3.o)
                0x00000000000a415c                __subsf3
 .text          0x00000000000a44fe       0x53 c:/nxp/bstudio_nxp/sdk/tools/ba-elf-ba2-r36379/bin/../lib/gcc/ba-elf/4.7.4/mcpu_jn51xx_sizeopt\libgcc.a(fixsfsi.o)
                0x00000000000a44fe                __fixsfsi
 .text          0x00000000000a4551       0xad c:/nxp/bstudio_nxp/sdk/tools/ba-elf-ba2-r36379/bin/../lib/gcc/ba-elf/4.7.4/mcpu_jn51xx_sizeopt\libgcc.a(floatunsisf.o)
                0x00000000000a4551                __floatunsisf
 .text          0x00000000000a45fe      0x682 c:/nxp/bstudio_nxp/sdk/tools/ba-elf-ba2-r36379/bin/../lib/gcc/ba-elf/4.7.4/mcpu_jn51xx_sizeopt\libgcc.a(adddf3.o)
                0x00000000000a45fe                __adddf3
 .text          0x00000000000a4c80      0x5c8 c:/nxp/bstudio_nxp/sdk/tools/ba-elf-ba2-r36379/bin/../lib/gcc/ba-elf/4.7.4/mcpu_jn51xx_sizeopt\libgcc.a(divdf3.o)
                0x00000000000a4c80                __divdf3
 .text          0x00000000000a5248       0xca c:/nxp/bstudio_nxp/sdk/tools/ba-elf-ba2-r36379/bin/../lib/gcc/ba-elf/4.7.4/mcpu_jn51xx_sizeopt\libgcc.a(gedf2.o)
                0x00000000000a5248                __gedf2
                0x00000000000a5248                __gtdf2
 *fill*         0x00000000000a5312        0x2 00
 .text          0x00000000000a5314      0x488 c:/nxp/bstudio_nxp/sdk/tools/ba-elf-ba2-r36379/bin/../lib/gcc/ba-elf/4.7.4/mcpu_jn51xx_sizeopt\libgcc.a(muldf3.o)
                0x00000000000a5314                __muldf3
 .text          0x00000000000a579c      0x693 c:/nxp/bstudio_nxp/sdk/tools/ba-elf-ba2-r36379/bin/../lib/gcc/ba-elf/4.7.4/mcpu_jn51xx_sizeopt\libgcc.a(subdf3.o)
                0x00000000000a579c                __subdf3
 .text          0x00000000000a5e2f       0x64 c:/nxp/bstudio_nxp/sdk/tools/ba-elf-ba2-r36379/bin/../lib/gcc/ba-elf/4.7.4/mcpu_jn51xx_sizeopt\libgcc.a(fixdfsi.o)
                0x00000000000a5e2f                __fixdfsi
 .text          0x00000000000a5e93       0x8f c:/nxp/bstudio_nxp/sdk/tools/ba-elf-ba2-r36379/bin/../lib/gcc/ba-elf/4.7.4/mcpu_jn51xx_sizeopt\libgcc.a(extendsfdf2.o)
                0x00000000000a5e93                __extendsfdf2
 .text          0x00000000000a5f22      0x13e c:/nxp/bstudio_nxp/sdk/tools/ba-elf-ba2-r36379/bin/../lib/gcc/ba-elf/4.7.4/mcpu_jn51xx_sizeopt\libgcc.a(truncdfsf2.o)
                0x00000000000a5f22                __truncdfsf2
 *fill*         0x00000000000a6060        0x0 00
 .text          0x00000000000a6060      0x1d0 c:/NXP/bstudio_nxp/workspace/JN-AN-1189-ZigBee-HA-Demo1v9_WPI/ColorDimmableLight/Build/os_irq.o
                0x00000000000a6060                os_ExternalException_W
                0x00000000000a60a4                os_PIC_ChannelPriorities
                0x00000000000a60b4                os_OSMIUM_HwVectTable
                0x00000000000a60f0                os_PIC_SwVectTable
 .text          0x00000000000a6230       0x29 c:/NXP/bstudio_nxp/workspace/JN-AN-1189-ZigBee-HA-Demo1v9_WPI/ColorDimmableLight/Build/os_irq_alignment.o
                0x00000000000a6230                IRQ_Alignment
 .text          0x00000000000a6259       0x29 c:/NXP/bstudio_nxp/workspace/JN-AN-1189-ZigBee-HA-Demo1v9_WPI/ColorDimmableLight/Build/os_irq_buserror.o
                0x00000000000a6259                IRQ_BusError
 .text          0x00000000000a6282       0x29 c:/NXP/bstudio_nxp/workspace/JN-AN-1189-ZigBee-HA-Demo1v9_WPI/ColorDimmableLight/Build/os_irq_illegalinstruction.o
                0x00000000000a6282                IRQ_IllegalInstruction
 .text          0x00000000000a62ab       0x29 c:/NXP/bstudio_nxp/workspace/JN-AN-1189-ZigBee-HA-Demo1v9_WPI/ColorDimmableLight/Build/os_irq_stackoverflowexception.o
                0x00000000000a62ab                IRQ_StackOverflowException
 .text          0x00000000000a62d4       0x29 c:/NXP/bstudio_nxp/workspace/JN-AN-1189-ZigBee-HA-Demo1v9_WPI/ColorDimmableLight/Build/os_irq_unimplementedmodule.o
                0x00000000000a62d4                IRQ_UnimplementedModule
 *fill*         0x00000000000a62fd        0x3 00
 .text          0x00000000000a6300       0xc0 c:/NXP/bstudio_nxp/sdk/JN-SW-4168/Components/Library\libOS_JN516x.a(os_contirq_JN516x.o)
                0x00000000000a6300                os_ExternalException_R
                0x00000000000a6330                os_CFunc_W
                0x00000000000a6380                os_UnclaimedException_W
                0x00000000000a63a0                os_UnclaimedInterrupt_W
 .text          0x00000000000a63c0       0x48 c:/NXP/bstudio_nxp/sdk/JN-SW-4168/Components/Library\libPWRM_JN516x.a(pwrm_setjmp_JN516x.o)
                0x00000000000a63c0                setjmp
                0x00000000000a63e4                PWRM_longjmp
 .text          0x00000000000a6408       0x27 c:/NXP/bstudio_nxp/sdk/JN-SW-4168/Components/Library\libHardwareApi_JN516x.a(AHI_Interrupt.o)
                0x00000000000a6408                vAHI_InterruptSetPriority
                0x00000000000a6426                vAHI_InterruptSetActivePriorityLevel
 .text.vMicroSyscall
                0x00000000000a642f       0x17 c:/NXP/bstudio_nxp/sdk/JN-SW-4168/Components/Library\libMicroSpecific_JN516x.a(MicroSyscall_ba.o)
                0x00000000000a642f                vMicroSyscall
 .text          0x00000000000a6446        0x0 c:/NXP/bstudio_nxp/sdk/JN-SW-4168/Components/Library\libOS_JN516x.a(os_version_lc.o)
                0x00000000000a6446                OS_Version_1v2
 .text          0x00000000000a6446        0x0 c:/NXP/bstudio_nxp/sdk/JN-SW-4168/Components/Library\libZPSAPL_JN516x.a(zps_apl_version_lc.o)
                0x00000000000a6446                ZPS_APL_Version_2v0
 .text          0x00000000000a6446        0x0 c:/NXP/bstudio_nxp/sdk/JN-SW-4168/Components/Library\libZPSNWK_JN516x.a(zps_nwk_version_lc.o)
                0x00000000000a6446                ZPS_NWK_Version_2v0
 .text          0x00000000000a6446      0x12a c:/nxp/bstudio_nxp/sdk/tools/ba-elf-ba2-r36379/bin/../lib/gcc/ba-elf/4.7.4/../../../../ba-elf/lib/mcpu_jn51xx_sizeopt\libm.a(lib_a-s_floor.o)
                0x00000000000a6446                floor
                0x00000000000a6570                _flash_end = ABSOLUTE (.)

.rela.dyn       0x00000000000a6570        0x0
 .rela.text     0x0000000000000000        0x0 c:/NXP/bstudio_nxp/workspace/JN-AN-1189-ZigBee-HA-Demo1v9_WPI/ColorDimmableLight/Build/os_irq.o
 .rela.data     0x0000000000000000        0x0 c:/NXP/bstudio_nxp/workspace/JN-AN-1189-ZigBee-HA-Demo1v9_WPI/ColorDimmableLight/Build/os_irq.o
 .rela.rodata   0x0000000000000000        0x0 c:/NXP/bstudio_nxp/workspace/JN-AN-1189-ZigBee-HA-Demo1v9_WPI/ColorDimmableLight/Build/os_irq.o
                0x000000000400004c                . = ORIGIN (ram)

.data           0x000000000400004c      0x8e0 load address 0x00000000000a6570
                0x000000000400004c                _ram_data_start = ABSOLUTE (.)
 *(.data*)
 .data          0x000000000400004c       0xdc C:\Users\SVEN~1.YAN\AppData\Local\Temp\ccincQeG.ltrans0.ltrans.o
                0x000000000400004c                u32DefaultChannelMask.10861
                0x0000000004000050                u8MiniMacConfig_MaxConcurrentAssocResponses
 .data          0x0000000004000128      0x148 C:\Users\SVEN~1.YAN\AppData\Local\Temp\ccincQeG.ltrans2.ltrans.o
                0x0000000004000128                u32HeapStart
                0x000000000400012c                asCLD_ColourControlCCTlist
 .data          0x0000000004000270        0x4 C:\Users\SVEN~1.YAN\AppData\Local\Temp\ccincQeG.ltrans5.ltrans.o
                0x0000000004000270                bCanLoopback.68407
 .data          0x0000000004000274        0x4 C:\Users\SVEN~1.YAN\AppData\Local\Temp\ccincQeG.ltrans7.ltrans.o
 .data          0x0000000004000278        0x1 C:\Users\SVEN~1.YAN\AppData\Local\Temp\ccincQeG.ltrans9.ltrans.o
 *fill*         0x0000000004000279        0x1 00
 .data          0x000000000400027a        0xa C:\Users\SVEN~1.YAN\AppData\Local\Temp\ccincQeG.ltrans11.ltrans.o
                0x000000000400027a                u16ActiveEDAddress.8190
 .data          0x0000000004000284        0x2 C:\Users\SVEN~1.YAN\AppData\Local\Temp\ccincQeG.ltrans15.ltrans.o
 *fill*         0x0000000004000286        0x2 00
 .data          0x0000000004000288       0xa4 C:\Users\SVEN~1.YAN\AppData\Local\Temp\ccincQeG.ltrans21.ltrans.o
                0x0000000004000288                s_asapduZCLInstances
                0x0000000004000300                s_asapduZDPInstances
 .data          0x000000000400032c        0x1 C:\Users\SVEN~1.YAN\AppData\Local\Temp\ccincQeG.ltrans26.ltrans.o
 *fill*         0x000000000400032d        0x3 00
 .data          0x0000000004000330      0x5d8 C:\Users\SVEN~1.YAN\AppData\Local\Temp\ccincQeG.ltrans29.ltrans.o
                0x0000000004000330                os_Mutex_mutexMAC
                0x0000000004000338                os_Mutex_mutexZPS
                0x0000000004000340                s_sApl.2860
                0x000000000400048c                os_SWTimer_APP_cntrTickTimer_APP_TickTimer
                0x00000000040004a8                os_Message_APP_msgZpsEvents
                0x00000000040004cc                os_Message_APP_msgEvents
                0x00000000040004f0                os_Message_APP_msgPOREvents
                0x0000000004000514                os_SWTimer_APP_cntrTickTimer_APP_JoinTimer
                0x0000000004000530                os_SWTimer_APP_cntrTickTimer_APP_BackOffTimer
                0x000000000400054c                os_SWTimer_APP_cntrTickTimer_APP_StartUPTimer
                0x0000000004000568                os_Message_APP_msgZpsEvents_ZCL
                0x000000000400058c                os_SWTimer_APP_cntrTickTimer_APP_RadioRecalTimer
                0x00000000040005a8                os_SWTimer_APP_cntrTickTimer_APP_AgeOutChildrenTmr
                0x00000000040005c4                os_Message_zps_msgMlmeDcfmInd
                0x00000000040005e8                os_Message_zps_msgTimeEvents
                0x000000000400060c                os_Message_zps_msgMcpsDcfmInd
                0x0000000004000630                os_SWTimer_APP_cntrTickTimer_APP_PowerOnCountTimer
                0x000000000400064c                os_Task_Tick_Task